Archive member included to satisfy reference by file (symbol)

/home/douae/ENIB/SEN/OS/LPC55S69_OS.src/LPC55S69/mcuxpresso/libpower_hardabi.a(fsl_power_lib.o)
                              ./drivers/fsl_clock.o (POWER_SetVoltageForFreq)
/usr/local/mcuxpressoide-11.10.0_3148/ide/plugins/com.nxp.mcuxpresso.tools.linux_11.10.0.202311280810/tools/bin/../lib/gcc/arm-none-eabi/13.2.1/thumb/v8-m.main+fp/hard/libgcc.a(_aeabi_uldivmod.o)
                              ./drivers/fsl_clock.o (__aeabi_uldivmod)
/usr/local/mcuxpressoide-11.10.0_3148/ide/plugins/com.nxp.mcuxpresso.tools.linux_11.10.0.202311280810/tools/bin/../lib/gcc/arm-none-eabi/13.2.1/thumb/v8-m.main+fp/hard/libgcc.a(_fixunssfdi.o)
                              ./device/system_LPC55S69_cm33_core0.o (__aeabi_f2ulz)
/usr/local/mcuxpressoide-11.10.0_3148/ide/plugins/com.nxp.mcuxpresso.tools.linux_11.10.0.202311280810/tools/bin/../lib/gcc/arm-none-eabi/13.2.1/thumb/v8-m.main+fp/hard/libgcc.a(_udivmoddi4.o)
                              /usr/local/mcuxpressoide-11.10.0_3148/ide/plugins/com.nxp.mcuxpresso.tools.linux_11.10.0.202311280810/tools/bin/../lib/gcc/arm-none-eabi/13.2.1/thumb/v8-m.main+fp/hard/libgcc.a(_aeabi_uldivmod.o) (__udivmoddi4)
/usr/local/mcuxpressoide-11.10.0_3148/ide/plugins/com.nxp.mcuxpresso.tools.linux_11.10.0.202311280810/tools/bin/../lib/gcc/arm-none-eabi/13.2.1/thumb/v8-m.main+fp/hard/libgcc.a(_arm_muldf3.o)
                              /usr/local/mcuxpressoide-11.10.0_3148/ide/plugins/com.nxp.mcuxpresso.tools.linux_11.10.0.202311280810/tools/bin/../lib/gcc/arm-none-eabi/13.2.1/thumb/v8-m.main+fp/hard/libgcc.a(_fixunssfdi.o) (__aeabi_dmul)
/usr/local/mcuxpressoide-11.10.0_3148/ide/plugins/com.nxp.mcuxpresso.tools.linux_11.10.0.202311280810/tools/bin/../lib/gcc/arm-none-eabi/13.2.1/thumb/v8-m.main+fp/hard/libgcc.a(_dvmd_tls.o)
                              /usr/local/mcuxpressoide-11.10.0_3148/ide/plugins/com.nxp.mcuxpresso.tools.linux_11.10.0.202311280810/tools/bin/../lib/gcc/arm-none-eabi/13.2.1/thumb/v8-m.main+fp/hard/libgcc.a(_aeabi_uldivmod.o) (__aeabi_ldiv0)
/usr/local/mcuxpressoide-11.10.0_3148/ide/plugins/com.nxp.mcuxpresso.tools.linux_11.10.0.202311280810/tools/bin/../lib/gcc/arm-none-eabi/13.2.1/thumb/v8-m.main+fp/hard/libgcc.a(_arm_addsubdf3.o)
                              /usr/local/mcuxpressoide-11.10.0_3148/ide/plugins/com.nxp.mcuxpresso.tools.linux_11.10.0.202311280810/tools/bin/../lib/gcc/arm-none-eabi/13.2.1/thumb/v8-m.main+fp/hard/libgcc.a(_fixunssfdi.o) (__aeabi_dsub)
/usr/local/mcuxpressoide-11.10.0_3148/ide/plugins/com.nxp.mcuxpresso.tools.linux_11.10.0.202311280810/tools/bin/../lib/gcc/arm-none-eabi/13.2.1/thumb/v8-m.main+fp/hard/libgcc.a(_arm_fixunsdfsi.o)
                              /usr/local/mcuxpressoide-11.10.0_3148/ide/plugins/com.nxp.mcuxpresso.tools.linux_11.10.0.202311280810/tools/bin/../lib/gcc/arm-none-eabi/13.2.1/thumb/v8-m.main+fp/hard/libgcc.a(_fixunssfdi.o) (__aeabi_d2uiz)
/usr/local/mcuxpressoide-11.10.0_3148/ide/plugins/com.nxp.mcuxpresso.tools.linux_11.10.0.202311280810/tools/bin/../lib/gcc/arm-none-eabi/13.2.1/../../../../arm-none-eabi/lib/thumb/v8-m.main+fp/hard/libc_nano.a(libc_a-strtoul.o)
                              ./utilities/fsl_str.o (strtoul)
/usr/local/mcuxpressoide-11.10.0_3148/ide/plugins/com.nxp.mcuxpresso.tools.linux_11.10.0.202311280810/tools/bin/../lib/gcc/arm-none-eabi/13.2.1/../../../../arm-none-eabi/lib/thumb/v8-m.main+fp/hard/libc_nano.a(libc_a-strcmp.o)
                              ./device/vfs.o (strcmp)
/usr/local/mcuxpressoide-11.10.0_3148/ide/plugins/com.nxp.mcuxpresso.tools.linux_11.10.0.202311280810/tools/bin/../lib/gcc/arm-none-eabi/13.2.1/../../../../arm-none-eabi/lib/thumb/v8-m.main+fp/hard/libc_nano.a(libc_a-strcpy.o)
                              ./device/termio.o (strcpy)
/usr/local/mcuxpressoide-11.10.0_3148/ide/plugins/com.nxp.mcuxpresso.tools.linux_11.10.0.202311280810/tools/bin/../lib/gcc/arm-none-eabi/13.2.1/../../../../arm-none-eabi/lib/thumb/v8-m.main+fp/hard/libc_nano.a(libc_a-printf.o)
                              ./kernel/list.o (printf)
/usr/local/mcuxpressoide-11.10.0_3148/ide/plugins/com.nxp.mcuxpresso.tools.linux_11.10.0.202311280810/tools/bin/../lib/gcc/arm-none-eabi/13.2.1/../../../../arm-none-eabi/lib/thumb/v8-m.main+fp/hard/libc_nano.a(libc_a-nano-vfprintf.o)
                              /usr/local/mcuxpressoide-11.10.0_3148/ide/plugins/com.nxp.mcuxpresso.tools.linux_11.10.0.202311280810/tools/bin/../lib/gcc/arm-none-eabi/13.2.1/../../../../arm-none-eabi/lib/thumb/v8-m.main+fp/hard/libc_nano.a(libc_a-printf.o) (_vfprintf_r)
/usr/local/mcuxpressoide-11.10.0_3148/ide/plugins/com.nxp.mcuxpresso.tools.linux_11.10.0.202311280810/tools/bin/../lib/gcc/arm-none-eabi/13.2.1/../../../../arm-none-eabi/lib/thumb/v8-m.main+fp/hard/libc_nano.a(libc_a-wbuf.o)
[...]
Memory Configuration

Name             Origin             Length             Attributes
PROGRAM_FLASH    0x00000000         0x00098000         xr
SRAM             0x20000000         0x00040000         xrw
SRAM4            0x20040000         0x00004000         xrw
SRAMX            0x04000000         0x00008000         xrw
USB_RAM          0x40100000         0x00004000         xrw
*default*        0x00000000         0xffffffff

Linker script and memory map

LOAD ./utilities/fsl_debug_console.o
LOAD ./utilities/fsl_str.o
LOAD ./startup/boot_multicore_slave.o
LOAD ./startup/startup_lpc55s69_cm33_core0.o
LOAD ./startup/svc.o
LOAD ./source/main.o
LOAD ./source/oslib.o
LOAD ./source/semihost_hardfault.o
LOAD ./kernel/kernel.o
LOAD ./kernel/list.o
LOAD ./drivers/fsl_clock.o
LOAD ./drivers/fsl_common.o
LOAD ./drivers/fsl_flexcomm.o
LOAD ./drivers/fsl_gpio.o
LOAD ./drivers/fsl_i2c.o
LOAD ./drivers/fsl_inputmux.o
LOAD ./drivers/fsl_pint.o
LOAD ./drivers/fsl_reset.o
LOAD ./drivers/fsl_usart.o
LOAD ./device/system_LPC55S69_cm33_core0.o
LOAD ./device/target.o
LOAD ./device/termio.o
LOAD ./device/vfs.o
LOAD ./component/uart/fsl_adapter_usart.o
LOAD ./component/serial_manager/fsl_component_serial_manager.o
LOAD ./component/serial_manager/fsl_component_serial_port_uart.o
LOAD ./component/lists/fsl_component_generic_list.o
LOAD ./board/board.o
LOAD ./board/clock_config.o
LOAD ./board/peripherals.o
LOAD ./board/pin_mux.o
LOAD ./LPC55S69/drivers/fsl_power.o
LOAD /home/douae/ENIB/SEN/OS/LPC55S69_OS.src/LPC55S69/mcuxpresso/libpower_hardabi.a
START GROUP
LOAD /usr/local/mcuxpressoide-11.10.0_3148/ide/plugins/com.nxp.mcuxpresso.tools.linux_11.10.0.202311280810/tools/bin/../lib/gcc/arm-none-eabi/13.2.1/thumb/v8-m.main+fp/hard/libgcc.a
LOAD /usr/local/mcuxpressoide-11.10.0_3148/ide/plugins/com.nxp.mcuxpresso.tools.linux_11.10.0.202311280810/tools/bin/../lib/gcc/arm-none-eabi/13.2.1/../../../../arm-none-eabi/lib/thumb/v8-m.main+fp/hard/libc_nano.a
LOAD /usr/local/mcuxpressoide-11.10.0_3148/ide/plugins/com.nxp.mcuxpresso.tools.linux_11.10.0.202311280810/tools/bin/../lib/gcc/arm-none-eabi/13.2.1/../../../../arm-none-eabi/lib/thumb/v8-m.main+fp/hard/libm.a
LOAD /usr/local/mcuxpressoide-11.10.0_3148/ide/plugins/com.nxp.mcuxpresso.tools.linux_11.10.0.202311280810/tools/bin/../lib/gcc/arm-none-eabi/13.2.1/../../../../arm-none-eabi/lib/thumb/v8-m.main+fp/hard/libcr_newlib_semihost.a
END GROUP
                0x00000000                        __base_PROGRAM_FLASH = 0x0
                0x00000000                        __base_Flash = 0x0
                0x00098000                        __top_PROGRAM_FLASH = 0x98000
                0x00098000                        __top_Flash = 0x98000
                0x20000000                        __base_SRAM = 0x20000000
                0x20000000                        __base_RAM = 0x20000000
                0x20040000                        __top_SRAM = 0x20040000
                0x20040000                        __top_RAM = 0x20040000
                0x20040000                        __base_SRAM4 = 0x20040000
                0x20040000                        __base_RAM2 = 0x20040000
                0x20044000                        __top_SRAM4 = 0x20044000
                0x20044000                        __top_RAM2 = 0x20044000
                0x04000000                        __base_SRAMX = 0x4000000
                0x04000000                        __base_RAM3 = 0x4000000
                0x04008000                        __top_SRAMX = 0x4008000
                0x04008000                        __top_RAM3 = 0x4008000
                0x40100000                        __base_USB_RAM = 0x40100000
                0x40100000                        __base_RAM4 = 0x40100000
                0x40104000                        __top_USB_RAM = 0x40104000
                0x40104000                        __top_RAM4 = 0x40104000

.text           0x00000000     0x47e4
 FILL mask 0xff
                0x00000000                        __vectors_start__ = ABSOLUTE (.)
 *(SORT_BY_ALIGNMENT(.isr_vector))
 .isr_vector    0x00000000      0x130 ./startup/startup_lpc55s69_cm33_core0.o
                0x00000000                __Vectors
                0x00000000                g_pfnVectors
                0x00000130                        . = ALIGN (0x4)
                0x00000130                        __section_table_start = .
                0x00000130                        __data_section_table = .
                0x00000130        0x4 LONG 0x47ec LOADADDR (.data)
                0x00000134        0x4 LONG 0x20000000 ADDR (.data)
                0x00000138        0x4 LONG 0x114 SIZEOF (.data)
                0x0000013c        0x4 LONG 0x47ec LOADADDR (.data_RAM2)
                0x00000140        0x4 LONG 0x20040000 ADDR (.data_RAM2)
                0x00000144        0x4 LONG 0x0 SIZEOF (.data_RAM2)
                0x00000148        0x4 LONG 0x47ec LOADADDR (.data_RAM3)
                0x0000014c        0x4 LONG 0x4000000 ADDR (.data_RAM3)
                0x00000150        0x4 LONG 0x0 SIZEOF (.data_RAM3)
                0x00000154        0x4 LONG 0x47ec LOADADDR (.data_RAM4)
                0x00000158        0x4 LONG 0x40100000 ADDR (.data_RAM4)
                0x0000015c        0x4 LONG 0x0 SIZEOF (.data_RAM4)
                0x00000160                        __data_section_table_end = .
                0x00000160                        __bss_section_table = .
                0x00000160        0x4 LONG 0x20000114 ADDR (.bss)
                0x00000164        0x4 LONG 0x260 SIZEOF (.bss)
                0x00000168        0x4 LONG 0x20040000 ADDR (.bss_RAM2)
                0x0000016c        0x4 LONG 0x0 SIZEOF (.bss_RAM2)
                0x00000170        0x4 LONG 0x4000000 ADDR (.bss_RAM3)
                0x00000174        0x4 LONG 0x0 SIZEOF (.bss_RAM3)
                0x00000178        0x4 LONG 0x40100000 ADDR (.bss_RAM4)
                0x0000017c        0x4 LONG 0x0 SIZEOF (.bss_RAM4)
                0x00000180                        __bss_section_table_end = .
                0x00000180                        __section_table_end = .
 *(SORT_BY_ALIGNMENT(.after_vectors*))
 .after_vectors.reset
                0x00000180       0x70 ./startup/startup_lpc55s69_cm33_core0.o
                0x00000180                ResetISR
 .after_vectors.init_data
                0x000001f0       0x1e ./startup/startup_lpc55s69_cm33_core0.o
                0x000001f0                data_init
 .after_vectors.init_bss
                0x0000020e       0x12 ./startup/startup_lpc55s69_cm33_core0.o
                0x0000020e                bss_init
 .after_vectors
                0x00000220       0x16 ./startup/startup_lpc55s69_cm33_core0.o
                0x00000220                NMI_Handler
                0x00000224                MemManage_Handler
                0x00000226                BusFault_Handler
                0x00000228                UsageFault_Handler
                0x0000022a                SecureFault_Handler
                0x0000022e                DebugMon_Handler
                0x00000234                Reserved39_DriverIRQHandler
                0x00000234                DMA0_DriverIRQHandler
                0x00000234                Reserved42_DriverIRQHandler
                0x00000234                SEC_VIO_DriverIRQHandler
                0x00000234                Reserved56_DriverIRQHandler
                0x00000234                CTIMER2_DriverIRQHandler
                0x00000234                IntDefaultHandler
                0x00000234                USB0_DriverIRQHandler
                0x00000234                CASER_DriverIRQHandler
                0x00000234                MRT0_DriverIRQHandler
                0x00000234                UTICK0_DriverIRQHandler
                0x00000234                Reserved41_DriverIRQHandler
                0x00000234                CTIMER4_DriverIRQHandler
                0x00000234                GINT1_DriverIRQHandler
                0x00000234                Reserved55_DriverIRQHandler
                0x00000234                HASHCRYPT_DriverIRQHandler
                0x00000234                USB0_NEEDCLK_DriverIRQHandler
                0x00000234                CTIMER0_DriverIRQHandler
                0x00000234                CTIMER1_DriverIRQHandler
                0x00000234                PQ_DriverIRQHandler
                0x00000234                MAILBOX_DriverIRQHandler
                0x00000234                CTIMER3_DriverIRQHandler
                0x00000234                Reserved61_DriverIRQHandler
                0x00000234                PUF_DriverIRQHandler
                0x00000234                RTC_DriverIRQHandler
                0x00000234                USB1_DriverIRQHandler
                0x00000234                Reserved60_DriverIRQHandler
                0x00000234                DMA1_DriverIRQHandler
                0x00000234                ADC0_DriverIRQHandler
                0x00000234                USB1_NEEDCLK_DriverIRQHandler
                0x00000234                Reserved59_DriverIRQHandler
                0x00000234                SDIO_DriverIRQHandler
                0x00000234                GINT0_DriverIRQHandler
                0x00000234                USB1_PHY_DriverIRQHandler
                0x00000234                ACMP_DriverIRQHandler
                0x00000234                Reserved57_DriverIRQHandler
                0x00000234                Reserved46_DriverIRQHandler
                0x00000234                WDT_BOD_DriverIRQHandler
                0x00000234                SCT0_DriverIRQHandler
                0x00000234                PLU_DriverIRQHandler
                0x00000234                OS_EVENT_DriverIRQHandler
                0x00000234                SEC_HYPERVISOR_CALL_DriverIRQHandler
 *(SORT_BY_ALIGNMENT(.text*))
 *fill*         0x00000236        0x2 ff
 .text.__NVIC_SetPriority
                0x00000238       0x54 ./startup/startup_lpc55s69_cm33_core0.o
 .text.PendSV_Handler
                0x0000028c       0x50 ./startup/svc.o
                0x0000028c                PendSV_Handler
 .text.tache1   0x000002dc       0x54 ./source/main.o
                0x000002dc                tache1
 .text.main     0x00000330       0x28 ./source/main.o
                0x00000330                main
 .text.__NVIC_SetPriority
                0x00000358       0x54 ./kernel/kernel.o
 .text.SysTick_Config
                0x000003ac       0x44 ./kernel/kernel.o
 .text.svc_dispatch
                0x000003f0       0xf8 ./kernel/kernel.o
                0x000003f0                svc_dispatch
 .text.sys_switch_ctx
                0x000004e8       0x20 ./kernel/kernel.o
                0x000004e8                sys_switch_ctx
 .text.sys_tick_cb
                0x00000508       0xc0 ./kernel/kernel.o
                0x00000508                sys_tick_cb
 .text.SysTick_Handler
                0x000005c8       0x28 ./kernel/kernel.o
                0x000005c8                SysTick_Handler
 .text.sys_os_start
                0x000005f0       0x48 ./kernel/kernel.o
                0x000005f0                sys_os_start
 .text.sys_task_new
                0x00000638       0xec ./kernel/kernel.o
                0x00000638                sys_task_new
 .text.sys_task_kill
                0x00000724       0x50 ./kernel/kernel.o
                0x00000724                sys_task_kill
 .text.sys_task_id
                0x00000774       0x28 ./kernel/kernel.o
                0x00000774                sys_task_id
 .text.sys_task_wait
                0x0000079c       0x64 ./kernel/kernel.o
                0x0000079c                sys_task_wait
 .text.sys_sem_p
                0x00000800       0x74 ./kernel/kernel.o
                0x00000800                sys_sem_p
 .text.sys_sem_v
                0x00000874       0x74 ./kernel/kernel.o
                0x00000874                sys_sem_v
 .text.POWER_EnablePD
                0x000008e8       0x20 ./drivers/fsl_clock.o
 .text.POWER_DisablePD
                0x00000908       0x20 ./drivers/fsl_clock.o
 .text.CLOCK_AttachClk
                0x00000928       0x98 ./drivers/fsl_clock.o
                0x00000928                CLOCK_AttachClk
 .text.CLOCK_SetClkDiv
                0x000009c0       0x80 ./drivers/fsl_clock.o
                0x000009c0                CLOCK_SetClkDiv
 .text.CLOCK_SetupFROClocking
                0x00000a40       0x80 ./drivers/fsl_clock.o
                0x00000a40                CLOCK_SetupFROClocking
 .text.CLOCK_SetFLASHAccessCyclesForFreq
                0x00000ac0      0x148 ./drivers/fsl_clock.o
                0x00000ac0                CLOCK_SetFLASHAccessCyclesForFreq
 .text.CLOCK_SetupExtClocking
                0x00000c08       0x50 ./drivers/fsl_clock.o
                0x00000c08                CLOCK_SetupExtClocking
 .text.CLOCK_GetFro1MFreq
                0x00000c58       0x28 ./drivers/fsl_clock.o
                0x00000c58                CLOCK_GetFro1MFreq
 .text.CLOCK_GetExtClkFreq
                0x00000c80       0x2c ./drivers/fsl_clock.o
                0x00000c80                CLOCK_GetExtClkFreq
 .text.CLOCK_GetOsc32KFreq
                0x00000cac       0x58 ./drivers/fsl_clock.o
                0x00000cac                CLOCK_GetOsc32KFreq
 .text.CLOCK_GetPLL0InClockRate
                0x00000d04       0x64 ./drivers/fsl_clock.o
                0x00000d04                CLOCK_GetPLL0InClockRate
 .text.CLOCK_SetPLL0Freq
                0x00000d68      0x12c ./drivers/fsl_clock.o
                0x00000d68                CLOCK_SetPLL0Freq
 .text.SDK_DelayAtLeastUs
                0x00000e94       0xac ./drivers/fsl_common.o
                0x00000e94                SDK_DelayAtLeastUs
 .text.FLEXCOMM0_DriverIRQHandler
                0x00000f40       0x44 ./drivers/fsl_flexcomm.o
                0x00000f40                FLEXCOMM0_DriverIRQHandler
 .text.FLEXCOMM1_DriverIRQHandler
                0x00000f84       0x44 ./drivers/fsl_flexcomm.o
                0x00000f84                FLEXCOMM1_DriverIRQHandler
 .text.FLEXCOMM2_DriverIRQHandler
                0x00000fc8       0x44 ./drivers/fsl_flexcomm.o
                0x00000fc8                FLEXCOMM2_DriverIRQHandler
 .text.FLEXCOMM3_DriverIRQHandler
                0x0000100c       0x44 ./drivers/fsl_flexcomm.o
                0x0000100c                FLEXCOMM3_DriverIRQHandler
 .text.FLEXCOMM4_DriverIRQHandler
                0x00001050       0x44 ./drivers/fsl_flexcomm.o
                0x00001050                FLEXCOMM4_DriverIRQHandler
 .text.FLEXCOMM5_DriverIRQHandler
                0x00001094       0x44 ./drivers/fsl_flexcomm.o
                0x00001094                FLEXCOMM5_DriverIRQHandler
 .text.FLEXCOMM6_DriverIRQHandler
                0x000010d8       0x44 ./drivers/fsl_flexcomm.o
                0x000010d8                FLEXCOMM6_DriverIRQHandler
 .text.FLEXCOMM7_DriverIRQHandler
                0x0000111c       0x44 ./drivers/fsl_flexcomm.o
                0x0000111c                FLEXCOMM7_DriverIRQHandler
 .text.FLEXCOMM8_DriverIRQHandler
                0x00001160       0x48 ./drivers/fsl_flexcomm.o
                0x00001160                FLEXCOMM8_DriverIRQHandler
 .text.GPIO_EnablePortClock
                0x000011a8       0x44 ./drivers/fsl_gpio.o
 .text.GPIO_PortInit
                0x000011ec       0x2c ./drivers/fsl_gpio.o
                0x000011ec                GPIO_PortInit
 .text.__NVIC_EnableIRQ
                0x00001218       0x3c ./drivers/fsl_pint.o
 .text.__NVIC_ClearPendingIRQ
                0x00001254       0x3c ./drivers/fsl_pint.o
 .text.PINT_Init
                0x00001290       0xe0 ./drivers/fsl_pint.o
                0x00001290                PINT_Init
 .text.PINT_PinInterruptConfig
                0x00001370       0xe0 ./drivers/fsl_pint.o
                0x00001370                PINT_PinInterruptConfig
 .text.PINT_EnableCallbackByIndex
                0x00001450       0x6c ./drivers/fsl_pint.o
                0x00001450                PINT_EnableCallbackByIndex
 .text.SEC_GPIO_INT0_IRQ0_DriverIRQHandler
                0x000014bc       0x48 ./drivers/fsl_pint.o
                0x000014bc                SEC_GPIO_INT0_IRQ0_DriverIRQHandler
 .text.SEC_GPIO_INT0_IRQ1_DriverIRQHandler
                0x00001504       0x44 ./drivers/fsl_pint.o
                0x00001504                SEC_GPIO_INT0_IRQ1_DriverIRQHandler
 .text.PIN_INT0_DriverIRQHandler
                0x00001548       0x48 ./drivers/fsl_pint.o
                0x00001548                PIN_INT0_DriverIRQHandler
 .text.PIN_INT1_DriverIRQHandler
                0x00001590       0x48 ./drivers/fsl_pint.o
                0x00001590                PIN_INT1_DriverIRQHandler
 .text.PIN_INT2_DriverIRQHandler
                0x000015d8       0x48 ./drivers/fsl_pint.o
                0x000015d8                PIN_INT2_DriverIRQHandler
 .text.PIN_INT3_DriverIRQHandler
                0x00001620       0x48 ./drivers/fsl_pint.o
                0x00001620                PIN_INT3_DriverIRQHandler
 .text.PIN_INT4_DriverIRQHandler
                0x00001668       0x48 ./drivers/fsl_pint.o
                0x00001668                PIN_INT4_DriverIRQHandler
 .text.PIN_INT5_DriverIRQHandler
                0x000016b0       0x48 ./drivers/fsl_pint.o
                0x000016b0                PIN_INT5_DriverIRQHandler
 .text.PIN_INT6_DriverIRQHandler
                0x000016f8       0x48 ./drivers/fsl_pint.o
                0x000016f8                PIN_INT6_DriverIRQHandler
 .text.PIN_INT7_DriverIRQHandler
                0x00001740       0x48 ./drivers/fsl_pint.o
                0x00001740                PIN_INT7_DriverIRQHandler
 .text.RESET_SetPeripheralReset
                0x00001788       0x6c ./drivers/fsl_reset.o
                0x00001788                RESET_SetPeripheralReset
 .text.RESET_ClearPeripheralReset
                0x000017f4       0x6c ./drivers/fsl_reset.o
                0x000017f4                RESET_ClearPeripheralReset
 .text.SystemInit
                0x00001860       0x64 ./device/system_LPC55S69_cm33_core0.o
                0x00001860                SystemInit
 .text.__NVIC_SetPriority
                0x000018c4       0x54 ./device/target.o
 .text.dev_read_test
                0x00001918       0x84 ./device/target.o
 .text.leds     0x0000199c       0x64 ./device/target.o
 .text.dev_init_leds
                0x00001a00       0x64 ./device/target.o
 .text.on_swuser_cb
                0x00001a64       0x24 ./device/target.o
 .text.dev_init_btn
                0x00001a88       0x74 ./device/target.o
 .text.dev_init
                0x00001afc       0x74 ./device/target.o
                0x00001afc                dev_init
 .text.dirname  0x00001b70       0x60 ./device/vfs.o
                0x00001b70                dirname
 .text.dev_lookup
                0x00001bd0       0x7c ./device/vfs.o
 .text.open     0x00001c4c      0x128 ./device/vfs.o
                0x00001c4c                open
 .text.read     0x00001d74       0x34 ./device/vfs.o
                0x00001d74                read
 .text.write    0x00001da8       0x34 ./device/vfs.o
                0x00001da8                write
 .text.BOARD_InitDebugConsole
                0x00001ddc       0x38 ./board/board.o
                0x00001ddc                BOARD_InitDebugConsole
 .text.POWER_DisablePD
                0x00001e14       0x20 ./board/clock_config.o
 .text.BOARD_BootClockPLL100M
                0x00001e34       0xec ./board/clock_config.o
                0x00001e34                BOARD_BootClockPLL100M
 .text.BOARD_InitPins
                0x00001f20       0xd4 ./board/pin_mux.o
                0x00001f20                BOARD_InitPins
 .text.lowpower_set_system_voltage
                0x00001ff4       0xa0 /home/douae/ENIB/SEN/OS/LPC55S69_OS.src/LPC55S69/mcuxpresso/libpower_hardabi.a(fsl_power_lib.o)
 .text.lowpower_set_voltage_for_process
                0x00002094       0x84 /home/douae/ENIB/SEN/OS/LPC55S69_OS.src/LPC55S69/mcuxpresso/libpower_hardabi.a(fsl_power_lib.o)
 .text.POWER_SetVoltageForFreq
                0x00002118       0x84 /home/douae/ENIB/SEN/OS/LPC55S69_OS.src/LPC55S69/mcuxpresso/libpower_hardabi.a(fsl_power_lib.o)
                0x00002118                POWER_SetVoltageForFreq
 .text          0x0000219c       0x30 /usr/local/mcuxpressoide-11.10.0_3148/ide/plugins/com.nxp.mcuxpresso.tools.linux_11.10.0.202311280810/tools/bin/../lib/gcc/arm-none-eabi/13.2.1/thumb/v8-m.main+fp/hard/libgcc.a(_aeabi_uldivmod.o)
                0x0000219c                __aeabi_uldivmod
 .text.__udivmoddi4
                0x000021cc      0x300 /usr/local/mcuxpressoide-11.10.0_3148/ide/plugins/com.nxp.mcuxpresso.tools.linux_11.10.0.202311280810/tools/bin/../lib/gcc/arm-none-eabi/13.2.1/thumb/v8-m.main+fp/hard/libgcc.a(_udivmoddi4.o)
                0x000021cc                __udivmoddi4
 .text          0x000024cc        0x4 /usr/local/mcuxpressoide-11.10.0_3148/ide/plugins/com.nxp.mcuxpresso.tools.linux_11.10.0.202311280810/tools/bin/../lib/gcc/arm-none-eabi/13.2.1/thumb/v8-m.main+fp/hard/libgcc.a(_dvmd_tls.o)
                0x000024cc                __aeabi_ldiv0
                0x000024cc                __aeabi_idiv0
 .text._vfprintf_r
                0x000024d0      0x230 /usr/local/mcuxpressoide-11.10.0_3148/ide/plugins/com.nxp.mcuxpresso.tools.linux_11.10.0.202311280810/tools/bin/../lib/gcc/arm-none-eabi/13.2.1/../../../../arm-none-eabi/lib/thumb/v8-m.main+fp/hard/libc_nano.a(libc_a-nano-vfprintf.o)
                0x000024d0                _vfiprintf_r
                0x000024d0                _vfprintf_r
 .text.__swsetup_r
                0x00002700       0xac /usr/local/mcuxpressoide-11.10.0_3148/ide/plugins/com.nxp.mcuxpresso.tools.linux_11.10.0.202311280810/tools/bin/../lib/gcc/arm-none-eabi/13.2.1/../../../../arm-none-eabi/lib/thumb/v8-m.main+fp/hard/libc_nano.a(libc_a-wsetup.o)
                0x00002700                __swsetup_r
 .text._printf_i
                0x000027ac      0x23c /usr/local/mcuxpressoide-11.10.0_3148/ide/plugins/com.nxp.mcuxpresso.tools.linux_11.10.0.202311280810/tools/bin/../lib/gcc/arm-none-eabi/13.2.1/../../../../arm-none-eabi/lib/thumb/v8-m.main+fp/hard/libc_nano.a(libc_a-nano-vfprintf_i.o)
                0x000027ac                _printf_i
 .text.__sflush_r
                0x000029e8      0x108 /usr/local/mcuxpressoide-11.10.0_3148/ide/plugins/com.nxp.mcuxpresso.tools.linux_11.10.0.202311280810/tools/bin/../lib/gcc/arm-none-eabi/13.2.1/../../../../arm-none-eabi/lib/thumb/v8-m.main+fp/hard/libc_nano.a(libc_a-fflush.o)
                0x000029e8                __sflush_r
 .text.malloc   0x00002af0       0x10 /usr/local/mcuxpressoide-11.10.0_3148/ide/plugins/com.nxp.mcuxpresso.tools.linux_11.10.0.202311280810/tools/bin/../lib/gcc/arm-none-eabi/13.2.1/../../../../arm-none-eabi/lib/thumb/v8-m.main+fp/hard/libc_nano.a(libc_a-malloc.o)
                0x00002af0                malloc
 .text.free     0x00002b00       0x10 /usr/local/mcuxpressoide-11.10.0_3148/ide/plugins/com.nxp.mcuxpresso.tools.linux_11.10.0.202311280810/tools/bin/../lib/gcc/arm-none-eabi/13.2.1/../../../../arm-none-eabi/lib/thumb/v8-m.main+fp/hard/libc_nano.a(libc_a-malloc.o)
                0x00002b00                free
 .text.sbrk_aligned
                0x00002b10       0x44 /usr/local/mcuxpressoide-11.10.0_3148/ide/plugins/com.nxp.mcuxpresso.tools.linux_11.10.0.202311280810/tools/bin/../lib/gcc/arm-none-eabi/13.2.1/../../../../arm-none-eabi/lib/thumb/v8-m.main+fp/hard/libc_nano.a(libc_a-mallocr.o)
 .text._malloc_r
                0x00002b54      0x100 /usr/local/mcuxpressoide-11.10.0_3148/ide/plugins/com.nxp.mcuxpresso.tools.linux_11.10.0.202311280810/tools/bin/../lib/gcc/arm-none-eabi/13.2.1/../../../../arm-none-eabi/lib/thumb/v8-m.main+fp/hard/libc_nano.a(libc_a-mallocr.o)
                0x00002b54                _malloc_r
 .text.__assert_func
                0x00002c54       0x3c /usr/local/mcuxpressoide-11.10.0_3148/ide/plugins/com.nxp.mcuxpresso.tools.linux_11.10.0.202311280810/tools/bin/../lib/gcc/arm-none-eabi/13.2.1/../../../../arm-none-eabi/lib/thumb/v8-m.main+fp/hard/libc_nano.a(libc_a-assert.o)
                0x00002c54                __assert_func
 .text.std      0x00002c90       0x6c /usr/local/mcuxpressoide-11.10.0_3148/ide/plugins/com.nxp.mcuxpresso.tools.linux_11.10.0.202311280810/tools/bin/../lib/gcc/arm-none-eabi/13.2.1/../../../../arm-none-eabi/lib/thumb/v8-m.main+fp/hard/libc_nano.a(libc_a-findfp.o)
 .text.stdio_exit_handler
                0x00002cfc       0x18 /usr/local/mcuxpressoide-11.10.0_3148/ide/plugins/com.nxp.mcuxpresso.tools.linux_11.10.0.202311280810/tools/bin/../lib/gcc/arm-none-eabi/13.2.1/../../../../arm-none-eabi/lib/thumb/v8-m.main+fp/hard/libc_nano.a(libc_a-findfp.o)
 .text.cleanup_stdio
                0x00002d14       0x40 /usr/local/mcuxpressoide-11.10.0_3148/ide/plugins/com.nxp.mcuxpresso.tools.linux_11.10.0.202311280810/tools/bin/../lib/gcc/arm-none-eabi/13.2.1/../../../../arm-none-eabi/lib/thumb/v8-m.main+fp/hard/libc_nano.a(libc_a-findfp.o)
 .text.global_stdio_init.part.0
                0x00002d54       0x3c /usr/local/mcuxpressoide-11.10.0_3148/ide/plugins/com.nxp.mcuxpresso.tools.linux_11.10.0.202311280810/tools/bin/../lib/gcc/arm-none-eabi/13.2.1/../../../../arm-none-eabi/lib/thumb/v8-m.main+fp/hard/libc_nano.a(libc_a-findfp.o)
 .text.__sfp_lock_acquire
                0x00002d90        0xc /usr/local/mcuxpressoide-11.10.0_3148/ide/plugins/com.nxp.mcuxpresso.tools.linux_11.10.0.202311280810/tools/bin/../lib/gcc/arm-none-eabi/13.2.1/../../../../arm-none-eabi/lib/thumb/v8-m.main+fp/hard/libc_nano.a(libc_a-findfp.o)
                0x00002d90                __sfp_lock_acquire
 .text.__sfp_lock_release
                0x00002d9c        0xc /usr/local/mcuxpressoide-11.10.0_3148/ide/plugins/com.nxp.mcuxpresso.tools.linux_11.10.0.202311280810/tools/bin/../lib/gcc/arm-none-eabi/13.2.1/../../../../arm-none-eabi/lib/thumb/v8-m.main+fp/hard/libc_nano.a(libc_a-findfp.o)
                0x00002d9c                __sfp_lock_release
 .text.__sinit  0x00002da8       0x30 /usr/local/mcuxpressoide-11.10.0_3148/ide/plugins/com.nxp.mcuxpresso.tools.linux_11.10.0.202311280810/tools/bin/../lib/gcc/arm-none-eabi/13.2.1/../../../../arm-none-eabi/lib/thumb/v8-m.main+fp/hard/libc_nano.a(libc_a-findfp.o)
                0x00002da8                __sinit
 .text.fprintf  0x00002dd8       0x24 /usr/local/mcuxpressoide-11.10.0_3148/ide/plugins/com.nxp.mcuxpresso.tools.linux_11.10.0.202311280810/tools/bin/../lib/gcc/arm-none-eabi/13.2.1/../../../../arm-none-eabi/lib/thumb/v8-m.main+fp/hard/libc_nano.a(libc_a-fprintf.o)
                0x00002dd8                fprintf
                0x00002dd8                fiprintf
 .text.__malloc_lock
                0x00002dfc        0xc /usr/local/mcuxpressoide-11.10.0_3148/ide/plugins/com.nxp.mcuxpresso.tools.linux_11.10.0.202311280810/tools/bin/../lib/gcc/arm-none-eabi/13.2.1/../../../../arm-none-eabi/lib/thumb/v8-m.main+fp/hard/libc_nano.a(libc_a-mlock.o)
                0x00002dfc                __malloc_lock
 .text.__malloc_unlock
                0x00002e08        0xc /usr/local/mcuxpressoide-11.10.0_3148/ide/plugins/com.nxp.mcuxpresso.tools.linux_11.10.0.202311280810/tools/bin/../lib/gcc/arm-none-eabi/13.2.1/../../../../arm-none-eabi/lib/thumb/v8-m.main+fp/hard/libc_nano.a(libc_a-mlock.o)
                0x00002e08                __malloc_unlock
 .text._read_r  0x00002e14       0x24 /usr/local/mcuxpressoide-11.10.0_3148/ide/plugins/com.nxp.mcuxpresso.tools.linux_11.10.0.202311280810/tools/bin/../lib/gcc/arm-none-eabi/13.2.1/../../../../arm-none-eabi/lib/thumb/v8-m.main+fp/hard/libc_nano.a(libc_a-readr.o)
                0x00002e14                _read_r
 .text._sbrk_r  0x00002e38       0x20 /usr/local/mcuxpressoide-11.10.0_3148/ide/plugins/com.nxp.mcuxpresso.tools.linux_11.10.0.202311280810/tools/bin/../lib/gcc/arm-none-eabi/13.2.1/../../../../arm-none-eabi/lib/thumb/v8-m.main+fp/hard/libc_nano.a(libc_a-sbrkr.o)
                0x00002e38                _sbrk_r
 .text._write_r
                0x00002e58       0x24 /usr/local/mcuxpressoide-11.10.0_3148/ide/plugins/com.nxp.mcuxpresso.tools.linux_11.10.0.202311280810/tools/bin/../lib/gcc/arm-none-eabi/13.2.1/../../../../arm-none-eabi/lib/thumb/v8-m.main+fp/hard/libc_nano.a(libc_a-writer.o)
                0x00002e58                _write_r
 .text.__errno  0x00002e7c        0xc /usr/local/mcuxpressoide-11.10.0_3148/ide/plugins/com.nxp.mcuxpresso.tools.linux_11.10.0.202311280810/tools/bin/../lib/gcc/arm-none-eabi/13.2.1/../../../../arm-none-eabi/lib/thumb/v8-m.main+fp/hard/libc_nano.a(libc_a-errno.o)
                0x00002e7c                __errno
 .text._free_r  0x00002e88       0x94 /usr/local/mcuxpressoide-11.10.0_3148/ide/plugins/com.nxp.mcuxpresso.tools.linux_11.10.0.202311280810/tools/bin/../lib/gcc/arm-none-eabi/13.2.1/../../../../arm-none-eabi/lib/thumb/v8-m.main+fp/hard/libc_nano.a(libc_a-freer.o)
                0x00002e88                _free_r
 .text._close_r
                0x00002f1c       0x20 /usr/local/mcuxpressoide-11.10.0_3148/ide/plugins/com.nxp.mcuxpresso.tools.linux_11.10.0.202311280810/tools/bin/../lib/gcc/arm-none-eabi/13.2.1/../../../../arm-none-eabi/lib/thumb/v8-m.main+fp/hard/libc_nano.a(libc_a-closer.o)
                0x00002f1c                _close_r
 .text._fstat_r
                0x00002f3c       0x24 /usr/local/mcuxpressoide-11.10.0_3148/ide/plugins/com.nxp.mcuxpresso.tools.linux_11.10.0.202311280810/tools/bin/../lib/gcc/arm-none-eabi/13.2.1/../../../../arm-none-eabi/lib/thumb/v8-m.main+fp/hard/libc_nano.a(libc_a-fstatr.o)
                0x00002f3c                _fstat_r
 .text._isatty_r
                0x00002f60       0x20 /usr/local/mcuxpressoide-11.10.0_3148/ide/plugins/com.nxp.mcuxpresso.tools.linux_11.10.0.202311280810/tools/bin/../lib/gcc/arm-none-eabi/13.2.1/../../../../arm-none-eabi/lib/thumb/v8-m.main+fp/hard/libc_nano.a(libc_a-isattyr.o)
                0x00002f60                _isatty_r
 .text._lseek_r
                0x00002f80       0x24 /usr/local/mcuxpressoide-11.10.0_3148/ide/plugins/com.nxp.mcuxpresso.tools.linux_11.10.0.202311280810/tools/bin/../lib/gcc/arm-none-eabi/13.2.1/../../../../arm-none-eabi/lib/thumb/v8-m.main+fp/hard/libc_nano.a(libc_a-lseekr.o)
                0x00002f80                _lseek_r
 .text.raise    0x00002fa4       0x10 /usr/local/mcuxpressoide-11.10.0_3148/ide/plugins/com.nxp.mcuxpresso.tools.linux_11.10.0.202311280810/tools/bin/../lib/gcc/arm-none-eabi/13.2.1/../../../../arm-none-eabi/lib/thumb/v8-m.main+fp/hard/libc_nano.a(libc_a-signal.o)
                0x00002fa4                raise
 .text._kill_r  0x00002fb4       0x24 /usr/local/mcuxpressoide-11.10.0_3148/ide/plugins/com.nxp.mcuxpresso.tools.linux_11.10.0.202311280810/tools/bin/../lib/gcc/arm-none-eabi/13.2.1/../../../../arm-none-eabi/lib/thumb/v8-m.main+fp/hard/libc_nano.a(libc_a-signalr.o)
                0x00002fb4                _kill_r
 .text._sbrk    0x00002fd8       0x3c /usr/local/mcuxpressoide-11.10.0_3148/ide/plugins/com.nxp.mcuxpresso.tools.linux_11.10.0.202311280810/tools/bin/../lib/gcc/arm-none-eabi/13.2.1/../../../../arm-none-eabi/lib/thumb/v8-m.main+fp/hard/libcr_newlib_semihost.a(_cr_sbrk.o)
                0x00002fd8                _sbrk
 .text._kill    0x00003014       0x20 /usr/local/mcuxpressoide-11.10.0_3148/ide/plugins/com.nxp.mcuxpresso.tools.linux_11.10.0.202311280810/tools/bin/../lib/gcc/arm-none-eabi/13.2.1/../../../../arm-none-eabi/lib/thumb/v8-m.main+fp/hard/libcr_newlib_semihost.a(_kill.o)
                0x00003014                _kill
 .text.initialise_monitor_handles.part.0
                0x00003034       0xa4 /usr/local/mcuxpressoide-11.10.0_3148/ide/plugins/com.nxp.mcuxpresso.tools.linux_11.10.0.202311280810/tools/bin/../lib/gcc/arm-none-eabi/13.2.1/../../../../arm-none-eabi/lib/thumb/v8-m.main+fp/hard/libcr_newlib_semihost.a(syscalls.o)
 .text.findslot
                0x000030d8       0x30 /usr/local/mcuxpressoide-11.10.0_3148/ide/plugins/com.nxp.mcuxpresso.tools.linux_11.10.0.202311280810/tools/bin/../lib/gcc/arm-none-eabi/13.2.1/../../../../arm-none-eabi/lib/thumb/v8-m.main+fp/hard/libcr_newlib_semihost.a(syscalls.o)
 .text._close   0x00003108       0x4c /usr/local/mcuxpressoide-11.10.0_3148/ide/plugins/com.nxp.mcuxpresso.tools.linux_11.10.0.202311280810/tools/bin/../lib/gcc/arm-none-eabi/13.2.1/../../../../arm-none-eabi/lib/thumb/v8-m.main+fp/hard/libcr_newlib_semihost.a(syscalls.o)
                0x00003108                _close
 .text.__check_heap_overflow
                0x00003154       0x18 /usr/local/mcuxpressoide-11.10.0_3148/ide/plugins/com.nxp.mcuxpresso.tools.linux_11.10.0.202311280810/tools/bin/../lib/gcc/arm-none-eabi/13.2.1/../../../../arm-none-eabi/lib/thumb/v8-m.main+fp/hard/libcr_newlib_semihost.a(_cr_check_heap.o)
                0x00003154                __check_heap_overflow
 .text.WDT_BOD_IRQHandler
                0x0000316c        0x8 ./startup/startup_lpc55s69_cm33_core0.o
                0x0000316c                WDT_BOD_IRQHandler
 .text.DMA0_IRQHandler
                0x00003174        0x8 ./startup/startup_lpc55s69_cm33_core0.o
                0x00003174                DMA0_IRQHandler
 .text.GINT0_IRQHandler
                0x0000317c        0x8 ./startup/startup_lpc55s69_cm33_core0.o
                0x0000317c                GINT0_IRQHandler
 .text.GINT1_IRQHandler
                0x00003184        0x8 ./startup/startup_lpc55s69_cm33_core0.o
                0x00003184                GINT1_IRQHandler
 .text.PIN_INT0_IRQHandler
                0x0000318c        0x8 ./startup/startup_lpc55s69_cm33_core0.o
                0x0000318c                PIN_INT0_IRQHandler
 .text.PIN_INT1_IRQHandler
                0x00003194        0x8 ./startup/startup_lpc55s69_cm33_core0.o
                0x00003194                PIN_INT1_IRQHandler
 .text.PIN_INT2_IRQHandler
                0x0000319c        0x8 ./startup/startup_lpc55s69_cm33_core0.o
                0x0000319c                PIN_INT2_IRQHandler
 .text.PIN_INT3_IRQHandler
                0x000031a4        0x8 ./startup/startup_lpc55s69_cm33_core0.o
                0x000031a4                PIN_INT3_IRQHandler
 .text.UTICK0_IRQHandler
                0x000031ac        0x8 ./startup/startup_lpc55s69_cm33_core0.o
                0x000031ac                UTICK0_IRQHandler
 .text.MRT0_IRQHandler
                0x000031b4        0x8 ./startup/startup_lpc55s69_cm33_core0.o
                0x000031b4                MRT0_IRQHandler
 .text.CTIMER0_IRQHandler
                0x000031bc        0x8 ./startup/startup_lpc55s69_cm33_core0.o
                0x000031bc                CTIMER0_IRQHandler
 .text.CTIMER1_IRQHandler
                0x000031c4        0x8 ./startup/startup_lpc55s69_cm33_core0.o
                0x000031c4                CTIMER1_IRQHandler
 .text.SCT0_IRQHandler
                0x000031cc        0x8 ./startup/startup_lpc55s69_cm33_core0.o
                0x000031cc                SCT0_IRQHandler
 .text.CTIMER3_IRQHandler
                0x000031d4        0x8 ./startup/startup_lpc55s69_cm33_core0.o
                0x000031d4                CTIMER3_IRQHandler
 .text.FLEXCOMM0_IRQHandler
                0x000031dc        0x8 ./startup/startup_lpc55s69_cm33_core0.o
                0x000031dc                FLEXCOMM0_IRQHandler
 .text.FLEXCOMM1_IRQHandler
                0x000031e4        0x8 ./startup/startup_lpc55s69_cm33_core0.o
                0x000031e4                FLEXCOMM1_IRQHandler
 .text.FLEXCOMM2_IRQHandler
                0x000031ec        0x8 ./startup/startup_lpc55s69_cm33_core0.o
                0x000031ec                FLEXCOMM2_IRQHandler
 .text.FLEXCOMM3_IRQHandler
                0x000031f4        0x8 ./startup/startup_lpc55s69_cm33_core0.o
                0x000031f4                FLEXCOMM3_IRQHandler
 .text.FLEXCOMM4_IRQHandler
                0x000031fc        0x8 ./startup/startup_lpc55s69_cm33_core0.o
                0x000031fc                FLEXCOMM4_IRQHandler
 .text.FLEXCOMM5_IRQHandler
                0x00003204        0x8 ./startup/startup_lpc55s69_cm33_core0.o
                0x00003204                FLEXCOMM5_IRQHandler
 .text.FLEXCOMM6_IRQHandler
                0x0000320c        0x8 ./startup/startup_lpc55s69_cm33_core0.o
                0x0000320c                FLEXCOMM6_IRQHandler
 .text.FLEXCOMM7_IRQHandler
                0x00003214        0x8 ./startup/startup_lpc55s69_cm33_core0.o
                0x00003214                FLEXCOMM7_IRQHandler
 .text.ADC0_IRQHandler
                0x0000321c        0x8 ./startup/startup_lpc55s69_cm33_core0.o
                0x0000321c                ADC0_IRQHandler
 .text.Reserved39_IRQHandler
                0x00003224        0x8 ./startup/startup_lpc55s69_cm33_core0.o
                0x00003224                Reserved39_IRQHandler
 .text.ACMP_IRQHandler
                0x0000322c        0x8 ./startup/startup_lpc55s69_cm33_core0.o
                0x0000322c                ACMP_IRQHandler
 .text.Reserved41_IRQHandler
                0x00003234        0x8 ./startup/startup_lpc55s69_cm33_core0.o
                0x00003234                Reserved41_IRQHandler
 .text.Reserved42_IRQHandler
                0x0000323c        0x8 ./startup/startup_lpc55s69_cm33_core0.o
                0x0000323c                Reserved42_IRQHandler
 .text.USB0_NEEDCLK_IRQHandler
                0x00003244        0x8 ./startup/startup_lpc55s69_cm33_core0.o
                0x00003244                USB0_NEEDCLK_IRQHandler
 .text.USB0_IRQHandler
                0x0000324c        0x8 ./startup/startup_lpc55s69_cm33_core0.o
                0x0000324c                USB0_IRQHandler
 .text.RTC_IRQHandler
                0x00003254        0x8 ./startup/startup_lpc55s69_cm33_core0.o
                0x00003254                RTC_IRQHandler
 .text.Reserved46_IRQHandler
                0x0000325c        0x8 ./startup/startup_lpc55s69_cm33_core0.o
                0x0000325c                Reserved46_IRQHandler
 .text.MAILBOX_IRQHandler
                0x00003264        0x8 ./startup/startup_lpc55s69_cm33_core0.o
                0x00003264                MAILBOX_IRQHandler
 .text.PIN_INT4_IRQHandler
                0x0000326c        0x8 ./startup/startup_lpc55s69_cm33_core0.o
                0x0000326c                PIN_INT4_IRQHandler
 .text.PIN_INT5_IRQHandler
                0x00003274        0x8 ./startup/startup_lpc55s69_cm33_core0.o
                0x00003274                PIN_INT5_IRQHandler
 .text.PIN_INT6_IRQHandler
                0x0000327c        0x8 ./startup/startup_lpc55s69_cm33_core0.o
                0x0000327c                PIN_INT6_IRQHandler
 .text.PIN_INT7_IRQHandler
                0x00003284        0x8 ./startup/startup_lpc55s69_cm33_core0.o
                0x00003284                PIN_INT7_IRQHandler
 .text.CTIMER2_IRQHandler
                0x0000328c        0x8 ./startup/startup_lpc55s69_cm33_core0.o
                0x0000328c                CTIMER2_IRQHandler
 .text.CTIMER4_IRQHandler
                0x00003294        0x8 ./startup/startup_lpc55s69_cm33_core0.o
                0x00003294                CTIMER4_IRQHandler
 .text.OS_EVENT_IRQHandler
                0x0000329c        0x8 ./startup/startup_lpc55s69_cm33_core0.o
                0x0000329c                OS_EVENT_IRQHandler
 .text.Reserved55_IRQHandler
                0x000032a4        0x8 ./startup/startup_lpc55s69_cm33_core0.o
                0x000032a4                Reserved55_IRQHandler
 .text.Reserved56_IRQHandler
                0x000032ac        0x8 ./startup/startup_lpc55s69_cm33_core0.o
                0x000032ac                Reserved56_IRQHandler
 .text.Reserved57_IRQHandler
                0x000032b4        0x8 ./startup/startup_lpc55s69_cm33_core0.o
                0x000032b4                Reserved57_IRQHandler
 .text.SDIO_IRQHandler
                0x000032bc        0x8 ./startup/startup_lpc55s69_cm33_core0.o
                0x000032bc                SDIO_IRQHandler
 .text.Reserved59_IRQHandler
                0x000032c4        0x8 ./startup/startup_lpc55s69_cm33_core0.o
                0x000032c4                Reserved59_IRQHandler
 .text.Reserved60_IRQHandler
                0x000032cc        0x8 ./startup/startup_lpc55s69_cm33_core0.o
                0x000032cc                Reserved60_IRQHandler
 .text.Reserved61_IRQHandler
                0x000032d4        0x8 ./startup/startup_lpc55s69_cm33_core0.o
                0x000032d4                Reserved61_IRQHandler
 .text.USB1_PHY_IRQHandler
                0x000032dc        0x8 ./startup/startup_lpc55s69_cm33_core0.o
                0x000032dc                USB1_PHY_IRQHandler
 .text.USB1_IRQHandler
                0x000032e4        0x8 ./startup/startup_lpc55s69_cm33_core0.o
                0x000032e4                USB1_IRQHandler
 .text.USB1_NEEDCLK_IRQHandler
                0x000032ec        0x8 ./startup/startup_lpc55s69_cm33_core0.o
                0x000032ec                USB1_NEEDCLK_IRQHandler
 .text.SEC_HYPERVISOR_CALL_IRQHandler
                0x000032f4        0x8 ./startup/startup_lpc55s69_cm33_core0.o
                0x000032f4                SEC_HYPERVISOR_CALL_IRQHandler
 .text.SEC_GPIO_INT0_IRQ0_IRQHandler
                0x000032fc        0x8 ./startup/startup_lpc55s69_cm33_core0.o
                0x000032fc                SEC_GPIO_INT0_IRQ0_IRQHandler
 .text.SEC_GPIO_INT0_IRQ1_IRQHandler
                0x00003304        0x8 ./startup/startup_lpc55s69_cm33_core0.o
                0x00003304                SEC_GPIO_INT0_IRQ1_IRQHandler
 .text.PLU_IRQHandler
                0x0000330c        0x8 ./startup/startup_lpc55s69_cm33_core0.o
                0x0000330c                PLU_IRQHandler
 .text.SEC_VIO_IRQHandler
                0x00003314        0x8 ./startup/startup_lpc55s69_cm33_core0.o
                0x00003314                SEC_VIO_IRQHandler
 .text.HASHCRYPT_IRQHandler
                0x0000331c        0x8 ./startup/startup_lpc55s69_cm33_core0.o
                0x0000331c                HASHCRYPT_IRQHandler
 .text.CASER_IRQHandler
                0x00003324        0x8 ./startup/startup_lpc55s69_cm33_core0.o
                0x00003324                CASER_IRQHandler
 .text.PUF_IRQHandler
                0x0000332c        0x8 ./startup/startup_lpc55s69_cm33_core0.o
                0x0000332c                PUF_IRQHandler
 .text.PQ_IRQHandler
                0x00003334        0x8 ./startup/startup_lpc55s69_cm33_core0.o
                0x00003334                PQ_IRQHandler
 .text.DMA1_IRQHandler
                0x0000333c        0x8 ./startup/startup_lpc55s69_cm33_core0.o
                0x0000333c                DMA1_IRQHandler
 .text.FLEXCOMM8_IRQHandler
                0x00003344        0x8 ./startup/startup_lpc55s69_cm33_core0.o
                0x00003344                FLEXCOMM8_IRQHandler
 .text.SVC_Handler
                0x0000334c       0x24 ./startup/svc.o
                0x0000334c                SVC_Handler
 .text.idle     0x00003370        0x8 ./source/main.o
                0x00003370                idle
 .text.os_alloc
                0x00003378       0x1e ./source/oslib.o
                0x00003378                os_alloc
 .text.os_free  0x00003396       0x16 ./source/oslib.o
                0x00003396                os_free
 .text.os_start
                0x000033ac       0x10 ./source/oslib.o
                0x000033ac                os_start
 .text.task_new
                0x000033bc       0x22 ./source/oslib.o
                0x000033bc                task_new
 .text.task_kill
                0x000033de       0x10 ./source/oslib.o
                0x000033de                task_kill
 .text.sem_new  0x000033ee       0x1c ./source/oslib.o
                0x000033ee                sem_new
 .text.sem_p    0x0000340a       0x16 ./source/oslib.o
                0x0000340a                sem_p
 .text.sem_v    0x00003420       0x16 ./source/oslib.o
                0x00003420                sem_v
 .text.HardFault_Handler
                0x00003436       0x2c ./source/semihost_hardfault.o
                0x00003436                HardFault_Handler
 .text.sys_add  0x00003462       0x1c ./kernel/kernel.o
                0x00003462                sys_add
 .text.sys_sem_new
                0x0000347e       0x34 ./kernel/kernel.o
                0x0000347e                sys_sem_new
 .text.list_insert_head
                0x000034b2       0x48 ./kernel/list.o
                0x000034b2                list_insert_head
 .text.list_remove_head
                0x000034fa       0x58 ./kernel/list.o
                0x000034fa                list_remove_head
 .text.list_insert_tail
                0x00003552       0x4a ./kernel/list.o
                0x00003552                list_insert_tail
 .text.list_size
                0x0000359c       0x40 ./kernel/list.o
                0x0000359c                list_size
 .text.CLOCK_IsPLL0Locked
                0x000035dc       0x24 ./drivers/fsl_clock.o
 .text.findPll0PreDiv
                0x00003600       0x3e ./drivers/fsl_clock.o
 .text.DelayLoop
                0x0000363e       0x20 ./drivers/fsl_common.o
 .text.CLOCK_EnableClock
                0x0000365e       0x30 ./drivers/fsl_gpio.o
 .text.GPIO_PinInit
                0x0000368e       0xa4 ./drivers/fsl_gpio.o
                0x0000368e                GPIO_PinInit
 .text.CLOCK_EnableClock
                0x00003732       0x30 ./drivers/fsl_inputmux.o
 .text.CLOCK_DisableClock
                0x00003762       0x30 ./drivers/fsl_inputmux.o
 .text.INPUTMUX_Init
                0x00003792       0x16 ./drivers/fsl_inputmux.o
                0x00003792                INPUTMUX_Init
 .text.INPUTMUX_AttachSignal
                0x000037a8       0x38 ./drivers/fsl_inputmux.o
                0x000037a8                INPUTMUX_AttachSignal
 .text.INPUTMUX_Deinit
                0x000037e0       0x16 ./drivers/fsl_inputmux.o
                0x000037e0                INPUTMUX_Deinit
 .text.CLOCK_EnableClock
                0x000037f6       0x30 ./drivers/fsl_pint.o
 .text.EnableIRQ
                0x00003826       0x32 ./drivers/fsl_pint.o
 .text.PINT_PinInterruptClrFallFlag
                0x00003858       0x22 ./drivers/fsl_pint.o
 .text.PINT_PinInterruptClrRiseFlag
                0x0000387a       0x22 ./drivers/fsl_pint.o
 .text.PINT_PatternMatchResetDetectLogic
                0x0000389c       0x34 ./drivers/fsl_pint.o
                0x0000389c                PINT_PatternMatchResetDetectLogic
 .text.PINT_PinInterruptClrStatus
                0x000038d0       0x4e ./drivers/fsl_pint.o
                0x000038d0                PINT_PinInterruptClrStatus
 .text.RESET_PeripheralReset
                0x0000391e       0x1c ./drivers/fsl_reset.o
                0x0000391e                RESET_PeripheralReset
 .text.SystemInitHook
                0x0000393a        0xe ./device/system_LPC55S69_cm33_core0.o
                0x0000393a                SystemInitHook
 .text.GPIO_PinWrite
                0x00003948       0x2a ./device/target.o
 .text.dev_init_test
                0x00003972       0x2a ./device/target.o
 .text.dev_open_test
                0x0000399c       0x50 ./device/target.o
 .text.dev_close_test
                0x000039ec       0x34 ./device/target.o
 .text.dev_open_leds
                0x00003a20       0x6e ./device/target.o
 .text.dev_close_leds
                0x00003a8e       0x34 ./device/target.o
 .text.dev_write_leds
                0x00003ac2       0x38 ./device/target.o
 .text.dev_open_btn
                0x00003afa       0x6e ./device/target.o
 .text.dev_close_btn
                0x00003b68       0x34 ./device/target.o
 .text.dev_read_btn
                0x00003b9c       0x22 ./device/target.o
 .text.strdup   0x00003bbe       0x3a ./device/vfs.o
                0x00003bbe                strdup
 .text.basename
                0x00003bf8       0x46 ./device/vfs.o
                0x00003bf8                basename
 .text.DbgConsole_Init
                0x00003c3e       0x20 ./board/board.o
 .text.BOARD_InitBootClocks
                0x00003c5e        0xc ./board/clock_config.o
                0x00003c5e                BOARD_InitBootClocks
 .text.BOARD_InitPeripherals
                0x00003c6a        0xe ./board/peripherals.o
                0x00003c6a                BOARD_InitPeripherals
 .text.BOARD_InitBootPeripherals
                0x00003c78        0xc ./board/peripherals.o
                0x00003c78                BOARD_InitBootPeripherals
 .text.Chip_GetVersion
                0x00003c84       0x36 ./board/pin_mux.o
 .text.CLOCK_EnableClock
                0x00003cba       0x30 ./board/pin_mux.o
 .text.IOCON_PinMuxSet
                0x00003cea       0x2e ./board/pin_mux.o
 .text.BOARD_InitBootPins
                0x00003d18        0xc ./board/pin_mux.o
                0x00003d18                BOARD_InitBootPins
 .text          0x00003d24       0x14 /usr/local/mcuxpressoide-11.10.0_3148/ide/plugins/com.nxp.mcuxpresso.tools.linux_11.10.0.202311280810/tools/bin/../lib/gcc/arm-none-eabi/13.2.1/../../../../arm-none-eabi/lib/thumb/v8-m.main+fp/hard/libc_nano.a(libc_a-strcmp.o)
                0x00003d24                strcmp
 .text.strcpy   0x00003d38       0x10 /usr/local/mcuxpressoide-11.10.0_3148/ide/plugins/com.nxp.mcuxpresso.tools.linux_11.10.0.202311280810/tools/bin/../lib/gcc/arm-none-eabi/13.2.1/../../../../arm-none-eabi/lib/thumb/v8-m.main+fp/hard/libc_nano.a(libc_a-strcpy.o)
                0x00003d38                strcpy
 .text.__sfputc_r
                0x00003d48       0x2e /usr/local/mcuxpressoide-11.10.0_3148/ide/plugins/com.nxp.mcuxpresso.tools.linux_11.10.0.202311280810/tools/bin/../lib/gcc/arm-none-eabi/13.2.1/../../../../arm-none-eabi/lib/thumb/v8-m.main+fp/hard/libc_nano.a(libc_a-nano-vfprintf.o)
 .text.__sfputs_r
                0x00003d76       0x24 /usr/local/mcuxpressoide-11.10.0_3148/ide/plugins/com.nxp.mcuxpresso.tools.linux_11.10.0.202311280810/tools/bin/../lib/gcc/arm-none-eabi/13.2.1/../../../../arm-none-eabi/lib/thumb/v8-m.main+fp/hard/libc_nano.a(libc_a-nano-vfprintf.o)
                0x00003d76                __sfputs_r
 .text.__swbuf_r
                0x00003d9a       0x7c /usr/local/mcuxpressoide-11.10.0_3148/ide/plugins/com.nxp.mcuxpresso.tools.linux_11.10.0.202311280810/tools/bin/../lib/gcc/arm-none-eabi/13.2.1/../../../../arm-none-eabi/lib/thumb/v8-m.main+fp/hard/libc_nano.a(libc_a-wbuf.o)
                0x00003d9a                __swbuf_r
 .text._printf_common
                0x00003e16       0xe4 /usr/local/mcuxpressoide-11.10.0_3148/ide/plugins/com.nxp.mcuxpresso.tools.linux_11.10.0.202311280810/tools/bin/../lib/gcc/arm-none-eabi/13.2.1/../../../../arm-none-eabi/lib/thumb/v8-m.main+fp/hard/libc_nano.a(libc_a-nano-vfprintf_i.o)
                0x00003e16                _printf_common
 .text._fflush_r
                0x00003efa       0x50 /usr/local/mcuxpressoide-11.10.0_3148/ide/plugins/com.nxp.mcuxpresso.tools.linux_11.10.0.202311280810/tools/bin/../lib/gcc/arm-none-eabi/13.2.1/../../../../arm-none-eabi/lib/thumb/v8-m.main+fp/hard/libc_nano.a(libc_a-fflush.o)
                0x00003efa                _fflush_r
 .text.memchr   0x00003f4a       0x1c /usr/local/mcuxpressoide-11.10.0_3148/ide/plugins/com.nxp.mcuxpresso.tools.linux_11.10.0.202311280810/tools/bin/../lib/gcc/arm-none-eabi/13.2.1/../../../../arm-none-eabi/lib/thumb/v8-m.main+fp/hard/libc_nano.a(libc_a-memchr-stub.o)
                0x00003f4a                memchr
 .text.memcpy   0x00003f66       0x1a /usr/local/mcuxpressoide-11.10.0_3148/ide/plugins/com.nxp.mcuxpresso.tools.linux_11.10.0.202311280810/tools/bin/../lib/gcc/arm-none-eabi/13.2.1/../../../../arm-none-eabi/lib/thumb/v8-m.main+fp/hard/libc_nano.a(libc_a-memcpy-stub.o)
                0x00003f66                memcpy
 .text          0x00003f80       0x10 /usr/local/mcuxpressoide-11.10.0_3148/ide/plugins/com.nxp.mcuxpresso.tools.linux_11.10.0.202311280810/tools/bin/../lib/gcc/arm-none-eabi/13.2.1/../../../../arm-none-eabi/lib/thumb/v8-m.main+fp/hard/libc_nano.a(libc_a-strlen.o)
                0x00003f80                strlen
 .text.__sread  0x00003f90       0x22 /usr/local/mcuxpressoide-11.10.0_3148/ide/plugins/com.nxp.mcuxpresso.tools.linux_11.10.0.202311280810/tools/bin/../lib/gcc/arm-none-eabi/13.2.1/../../../../arm-none-eabi/lib/thumb/v8-m.main+fp/hard/libc_nano.a(libc_a-stdio.o)
                0x00003f90                __sread
 .text.__swrite
                0x00003fb2       0x38 /usr/local/mcuxpressoide-11.10.0_3148/ide/plugins/com.nxp.mcuxpresso.tools.linux_11.10.0.202311280810/tools/bin/../lib/gcc/arm-none-eabi/13.2.1/../../../../arm-none-eabi/lib/thumb/v8-m.main+fp/hard/libc_nano.a(libc_a-stdio.o)
                0x00003fb2                __swrite
 .text.__sseek  0x00003fea       0x24 /usr/local/mcuxpressoide-11.10.0_3148/ide/plugins/com.nxp.mcuxpresso.tools.linux_11.10.0.202311280810/tools/bin/../lib/gcc/arm-none-eabi/13.2.1/../../../../arm-none-eabi/lib/thumb/v8-m.main+fp/hard/libc_nano.a(libc_a-stdio.o)
                0x00003fea                __sseek
 .text.__sclose
                0x0000400e        0x8 /usr/local/mcuxpressoide-11.10.0_3148/ide/plugins/com.nxp.mcuxpresso.tools.linux_11.10.0.202311280810/tools/bin/../lib/gcc/arm-none-eabi/13.2.1/../../../../arm-none-eabi/lib/thumb/v8-m.main+fp/hard/libc_nano.a(libc_a-stdio.o)
                0x0000400e                __sclose
 .text._fwalk_sglue
                0x00004016       0x3c /usr/local/mcuxpressoide-11.10.0_3148/ide/plugins/com.nxp.mcuxpresso.tools.linux_11.10.0.202311280810/tools/bin/../lib/gcc/arm-none-eabi/13.2.1/../../../../arm-none-eabi/lib/thumb/v8-m.main+fp/hard/libc_nano.a(libc_a-fwalk.o)
                0x00004016                _fwalk_sglue
 .text.memcmp   0x00004052       0x20 /usr/local/mcuxpressoide-11.10.0_3148/ide/plugins/com.nxp.mcuxpresso.tools.linux_11.10.0.202311280810/tools/bin/../lib/gcc/arm-none-eabi/13.2.1/../../../../arm-none-eabi/lib/thumb/v8-m.main+fp/hard/libc_nano.a(libc_a-memcmp.o)
                0x00004052                memcmp
 .text.memset   0x00004072       0x10 /usr/local/mcuxpressoide-11.10.0_3148/ide/plugins/com.nxp.mcuxpresso.tools.linux_11.10.0.202311280810/tools/bin/../lib/gcc/arm-none-eabi/13.2.1/../../../../arm-none-eabi/lib/thumb/v8-m.main+fp/hard/libc_nano.a(libc_a-memset.o)
                0x00004072                memset
 .text.__retarget_lock_init_recursive
                0x00004082        0x2 /usr/local/mcuxpressoide-11.10.0_3148/ide/plugins/com.nxp.mcuxpresso.tools.linux_11.10.0.202311280810/tools/bin/../lib/gcc/arm-none-eabi/13.2.1/../../../../arm-none-eabi/lib/thumb/v8-m.main+fp/hard/libc_nano.a(libc_a-lock.o)
                0x00004082                __retarget_lock_init_recursive
 .text.__retarget_lock_acquire_recursive
                0x00004084        0x2 /usr/local/mcuxpressoide-11.10.0_3148/ide/plugins/com.nxp.mcuxpresso.tools.linux_11.10.0.202311280810/tools/bin/../lib/gcc/arm-none-eabi/13.2.1/../../../../arm-none-eabi/lib/thumb/v8-m.main+fp/hard/libc_nano.a(libc_a-lock.o)
                0x00004084                __retarget_lock_acquire_recursive
 .text.__retarget_lock_release_recursive
                0x00004086        0x2 /usr/local/mcuxpressoide-11.10.0_3148/ide/plugins/com.nxp.mcuxpresso.tools.linux_11.10.0.202311280810/tools/bin/../lib/gcc/arm-none-eabi/13.2.1/../../../../arm-none-eabi/lib/thumb/v8-m.main+fp/hard/libc_nano.a(libc_a-lock.o)
                0x00004086                __retarget_lock_release_recursive
 .text.__swhatbuf_r
                0x00004088       0x4a /usr/local/mcuxpressoide-11.10.0_3148/ide/plugins/com.nxp.mcuxpresso.tools.linux_11.10.0.202311280810/tools/bin/../lib/gcc/arm-none-eabi/13.2.1/../../../../arm-none-eabi/lib/thumb/v8-m.main+fp/hard/libc_nano.a(libc_a-makebuf.o)
                0x00004088                __swhatbuf_r
 .text.__smakebuf_r
                0x000040d2       0x78 /usr/local/mcuxpressoide-11.10.0_3148/ide/plugins/com.nxp.mcuxpresso.tools.linux_11.10.0.202311280810/tools/bin/../lib/gcc/arm-none-eabi/13.2.1/../../../../arm-none-eabi/lib/thumb/v8-m.main+fp/hard/libc_nano.a(libc_a-makebuf.o)
                0x000040d2                __smakebuf_r
 .text.abort    0x0000414a        0xe /usr/local/mcuxpressoide-11.10.0_3148/ide/plugins/com.nxp.mcuxpresso.tools.linux_11.10.0.202311280810/tools/bin/../lib/gcc/arm-none-eabi/13.2.1/../../../../arm-none-eabi/lib/thumb/v8-m.main+fp/hard/libc_nano.a(libc_a-abort.o)
                0x0000414a                abort
 .text._raise_r
                0x00004158       0x50 /usr/local/mcuxpressoide-11.10.0_3148/ide/plugins/com.nxp.mcuxpresso.tools.linux_11.10.0.202311280810/tools/bin/../lib/gcc/arm-none-eabi/13.2.1/../../../../arm-none-eabi/lib/thumb/v8-m.main+fp/hard/libc_nano.a(libc_a-signal.o)
                0x00004158                _raise_r
 .text._getpid_r
                0x000041a8        0x4 /usr/local/mcuxpressoide-11.10.0_3148/ide/plugins/com.nxp.mcuxpresso.tools.linux_11.10.0.202311280810/tools/bin/../lib/gcc/arm-none-eabi/13.2.1/../../../../arm-none-eabi/lib/thumb/v8-m.main+fp/hard/libc_nano.a(libc_a-signalr.o)
                0x000041a8                _getpid_r
 .text._exit    0x000041ac        0x8 /usr/local/mcuxpressoide-11.10.0_3148/ide/plugins/com.nxp.mcuxpresso.tools.linux_11.10.0.202311280810/tools/bin/../lib/gcc/arm-none-eabi/13.2.1/../../../../arm-none-eabi/lib/thumb/v8-m.main+fp/hard/libcr_newlib_semihost.a(_exit.o)
                0x000041ac                _exit
 .text.error    0x000041b4       0x1c /usr/local/mcuxpressoide-11.10.0_3148/ide/plugins/com.nxp.mcuxpresso.tools.linux_11.10.0.202311280810/tools/bin/../lib/gcc/arm-none-eabi/13.2.1/../../../../arm-none-eabi/lib/thumb/v8-m.main+fp/hard/libcr_newlib_semihost.a(syscalls.o)
 .text.checkerror
                0x000041d0        0xa /usr/local/mcuxpressoide-11.10.0_3148/ide/plugins/com.nxp.mcuxpresso.tools.linux_11.10.0.202311280810/tools/bin/../lib/gcc/arm-none-eabi/13.2.1/../../../../arm-none-eabi/lib/thumb/v8-m.main+fp/hard/libcr_newlib_semihost.a(syscalls.o)
 .text._swiread
                0x000041da       0x20 /usr/local/mcuxpressoide-11.10.0_3148/ide/plugins/com.nxp.mcuxpresso.tools.linux_11.10.0.202311280810/tools/bin/../lib/gcc/arm-none-eabi/13.2.1/../../../../arm-none-eabi/lib/thumb/v8-m.main+fp/hard/libcr_newlib_semihost.a(syscalls.o)
                0x000041da                _swiread
 .text._read    0x000041fa       0x34 /usr/local/mcuxpressoide-11.10.0_3148/ide/plugins/com.nxp.mcuxpresso.tools.linux_11.10.0.202311280810/tools/bin/../lib/gcc/arm-none-eabi/13.2.1/../../../../arm-none-eabi/lib/thumb/v8-m.main+fp/hard/libcr_newlib_semihost.a(syscalls.o)
                0x000041fa                _read
 .text._swilseek
                0x0000422e       0x78 /usr/local/mcuxpressoide-11.10.0_3148/ide/plugins/com.nxp.mcuxpresso.tools.linux_11.10.0.202311280810/tools/bin/../lib/gcc/arm-none-eabi/13.2.1/../../../../arm-none-eabi/lib/thumb/v8-m.main+fp/hard/libcr_newlib_semihost.a(syscalls.o)
                0x0000422e                _swilseek
 .text._lseek   0x000042a6        0x4 /usr/local/mcuxpressoide-11.10.0_3148/ide/plugins/com.nxp.mcuxpresso.tools.linux_11.10.0.202311280810/tools/bin/../lib/gcc/arm-none-eabi/13.2.1/../../../../arm-none-eabi/lib/thumb/v8-m.main+fp/hard/libcr_newlib_semihost.a(syscalls.o)
                0x000042a6                _lseek
 .text._swiwrite
                0x000042aa       0x20 /usr/local/mcuxpressoide-11.10.0_3148/ide/plugins/com.nxp.mcuxpresso.tools.linux_11.10.0.202311280810/tools/bin/../lib/gcc/arm-none-eabi/13.2.1/../../../../arm-none-eabi/lib/thumb/v8-m.main+fp/hard/libcr_newlib_semihost.a(syscalls.o)
                0x000042aa                _swiwrite
 .text._write   0x000042ca       0x40 /usr/local/mcuxpressoide-11.10.0_3148/ide/plugins/com.nxp.mcuxpresso.tools.linux_11.10.0.202311280810/tools/bin/../lib/gcc/arm-none-eabi/13.2.1/../../../../arm-none-eabi/lib/thumb/v8-m.main+fp/hard/libcr_newlib_semihost.a(syscalls.o)
                0x000042ca                _write
 .text._swiclose
                0x0000430a       0x1a /usr/local/mcuxpressoide-11.10.0_3148/ide/plugins/com.nxp.mcuxpresso.tools.linux_11.10.0.202311280810/tools/bin/../lib/gcc/arm-none-eabi/13.2.1/../../../../arm-none-eabi/lib/thumb/v8-m.main+fp/hard/libcr_newlib_semihost.a(syscalls.o)
                0x0000430a                _swiclose
 .text._getpid  0x00004324        0x4 /usr/local/mcuxpressoide-11.10.0_3148/ide/plugins/com.nxp.mcuxpresso.tools.linux_11.10.0.202311280810/tools/bin/../lib/gcc/arm-none-eabi/13.2.1/../../../../arm-none-eabi/lib/thumb/v8-m.main+fp/hard/libcr_newlib_semihost.a(syscalls.o)
                0x00004324                _getpid
 .text._swistat
                0x00004328       0x42 /usr/local/mcuxpressoide-11.10.0_3148/ide/plugins/com.nxp.mcuxpresso.tools.linux_11.10.0.202311280810/tools/bin/../lib/gcc/arm-none-eabi/13.2.1/../../../../arm-none-eabi/lib/thumb/v8-m.main+fp/hard/libcr_newlib_semihost.a(syscalls.o)
                0x00004328                _swistat
 .text._fstat   0x0000436a       0x1c /usr/local/mcuxpressoide-11.10.0_3148/ide/plugins/com.nxp.mcuxpresso.tools.linux_11.10.0.202311280810/tools/bin/../lib/gcc/arm-none-eabi/13.2.1/../../../../arm-none-eabi/lib/thumb/v8-m.main+fp/hard/libcr_newlib_semihost.a(syscalls.o)
                0x0000436a                _fstat
 .text._isatty  0x00004386       0x2a /usr/local/mcuxpressoide-11.10.0_3148/ide/plugins/com.nxp.mcuxpresso.tools.linux_11.10.0.202311280810/tools/bin/../lib/gcc/arm-none-eabi/13.2.1/../../../../arm-none-eabi/lib/thumb/v8-m.main+fp/hard/libcr_newlib_semihost.a(syscalls.o)
                0x00004386                _isatty
 *(SORT_BY_ALIGNMENT(.rodata) SORT_BY_ALIGNMENT(.rodata.*) SORT_BY_ALIGNMENT(.constdata) SORT_BY_ALIGNMENT(.constdata.*))
 .rodata.tache1.str1.4
                0x000043b0      0x1ed ./source/main.o
                                 0x18 (size before relaxing)
 .rodata.SDK_DelayAtLeastUs.str1.4
                0x0000459d       0x38 ./drivers/fsl_common.o
 *fill*         0x0000459d        0x3 ff
 .rodata.__func__.0
                0x000045a0       0x13 ./drivers/fsl_common.o
 .rodata.FLEXCOMM_GetInstance.str1.4
                0x000045b3       0x3f ./drivers/fsl_flexcomm.o
 .rodata.FLEXCOMM0_DriverIRQHandler.str1.4
                0x000045b3       0x18 ./drivers/fsl_flexcomm.o
 .rodata.FLEXCOMM1_DriverIRQHandler.str1.4
                0x000045b3       0x18 ./drivers/fsl_flexcomm.o
 .rodata.FLEXCOMM2_DriverIRQHandler.str1.4
                0x000045b3       0x18 ./drivers/fsl_flexcomm.o
 .rodata.FLEXCOMM3_DriverIRQHandler.str1.4
                0x000045b3       0x18 ./drivers/fsl_flexcomm.o
 .rodata.FLEXCOMM4_DriverIRQHandler.str1.4
                0x000045b3       0x18 ./drivers/fsl_flexcomm.o
 .rodata.FLEXCOMM5_DriverIRQHandler.str1.4
                0x000045b3       0x18 ./drivers/fsl_flexcomm.o
 .rodata.FLEXCOMM6_DriverIRQHandler.str1.4
                0x000045b3       0x18 ./drivers/fsl_flexcomm.o
 .rodata.FLEXCOMM7_DriverIRQHandler.str1.4
                0x000045b3       0x18 ./drivers/fsl_flexcomm.o
 .rodata.FLEXCOMM8_DriverIRQHandler.str1.4
                0x000045b3       0x18 ./drivers/fsl_flexcomm.o
 *fill*         0x000045b3        0x1 ff
 .rodata.__func__.8
                0x000045b4       0x1b ./drivers/fsl_flexcomm.o
 *fill*         0x000045cf        0x1 ff
 .rodata.__func__.7
                0x000045d0       0x1b ./drivers/fsl_flexcomm.o
 *fill*         0x000045eb        0x1 ff
 .rodata.__func__.6
                0x000045ec       0x1b ./drivers/fsl_flexcomm.o
 *fill*         0x00004607        0x1 ff
 .rodata.__func__.5
                0x00004608       0x1b ./drivers/fsl_flexcomm.o
 *fill*         0x00004623        0x1 ff
 .rodata.__func__.4
                0x00004624       0x1b ./drivers/fsl_flexcomm.o
 *fill*         0x0000463f        0x1 ff
 .rodata.__func__.3
                0x00004640       0x1b ./drivers/fsl_flexcomm.o
 *fill*         0x0000465b        0x1 ff
 .rodata.__func__.2
                0x0000465c       0x1b ./drivers/fsl_flexcomm.o
 *fill*         0x00004677        0x1 ff
 .rodata.__func__.1
                0x00004678       0x1b ./drivers/fsl_flexcomm.o
 *fill*         0x00004693        0x1 ff
 .rodata.__func__.0
                0x00004694       0x1b ./drivers/fsl_flexcomm.o
 *fill*         0x000046af        0x1 ff
 .rodata.s_gpioClockName
                0x000046b0        0x8 ./drivers/fsl_gpio.o
 .rodata.s_gpioResets
                0x000046b8       0x18 ./drivers/fsl_gpio.o
 .rodata.GPIO_EnablePortClock.str1.4
                0x000046d0       0x2f ./drivers/fsl_gpio.o
 .rodata.__func__.0
                0x000046d0       0x15 ./drivers/fsl_gpio.o
 *fill*         0x000046e5        0x3 ff
 .rodata.s_pintIRQ
                0x000046e8        0xa ./drivers/fsl_pint.o
 .rodata.PINT_Init.str1.4
                0x000046f2       0x1b ./drivers/fsl_pint.o
 *fill*         0x000046f2        0x2 ff
 .rodata.__func__.9
                0x000046f4        0xa ./drivers/fsl_pint.o
 *fill*         0x000046fe        0x2 ff
 .rodata.__func__.8
                0x00004700       0x18 ./drivers/fsl_pint.o
 .rodata.__func__.3
                0x00004718       0x1b ./drivers/fsl_pint.o
 .rodata.RESET_SetPeripheralReset.str1.4
                0x00004733       0x1c ./drivers/fsl_reset.o
 *fill*         0x00004733        0x1 ff
 .rodata.__func__.1
                0x00004734       0x19 ./drivers/fsl_reset.o
 *fill*         0x0000474d        0x3 ff
 .rodata.__func__.0
                0x00004750       0x1b ./drivers/fsl_reset.o
 .rodata.dev_read_test.str1.4
                0x0000476b       0x13 ./device/target.o
 *fill*         0x0000476b        0x1 ff
 .rodata        0x0000476c        0x2 ./device/target.o
 .rodata.dirname.str1.4
                0x0000476e        0x2 ./device/vfs.o
 .rodata.dev_lookup.str1.4
                0x0000476e        0x5 ./device/vfs.o
 .rodata._vfprintf_r.str1.1
                0x0000476e       0x73 /usr/local/mcuxpressoide-11.10.0_3148/ide/plugins/com.nxp.mcuxpresso.tools.linux_11.10.0.202311280810/tools/bin/../lib/gcc/arm-none-eabi/13.2.1/../../../../arm-none-eabi/lib/thumb/v8-m.main+fp/hard/libc_nano.a(libc_a-nano-vfprintf.o)
                                 0x11 (size before relaxing)
 .rodata._printf_i.str1.1
                0x000047e1       0x22 /usr/local/mcuxpressoide-11.10.0_3148/ide/plugins/com.nxp.mcuxpresso.tools.linux_11.10.0.202311280810/tools/bin/../lib/gcc/arm-none-eabi/13.2.1/../../../../arm-none-eabi/lib/thumb/v8-m.main+fp/hard/libc_nano.a(libc_a-nano-vfprintf_i.o)
 .rodata.__assert_func.str1.1
                0x000047e1       0x3d /usr/local/mcuxpressoide-11.10.0_3148/ide/plugins/com.nxp.mcuxpresso.tools.linux_11.10.0.202311280810/tools/bin/../lib/gcc/arm-none-eabi/13.2.1/../../../../arm-none-eabi/lib/thumb/v8-m.main+fp/hard/libc_nano.a(libc_a-assert.o)
 .rodata.initialise_monitor_handles.part.0.str1.1
                0x000047e1        0x4 /usr/local/mcuxpressoide-11.10.0_3148/ide/plugins/com.nxp.mcuxpresso.tools.linux_11.10.0.202311280810/tools/bin/../lib/gcc/arm-none-eabi/13.2.1/../../../../arm-none-eabi/lib/thumb/v8-m.main+fp/hard/libcr_newlib_semihost.a(syscalls.o)
                0x00004820                        . = ALIGN (0x4)
 *fill*         0x000047e1        0x3 ff

.glue_7         0x000047e4        0x0
 .glue_7        0x000047e4        0x0 linker stubs

.glue_7t        0x000047e4        0x0
 .glue_7t       0x000047e4        0x0 linker stubs

.vfp11_veneer   0x000047e4        0x0
 .vfp11_veneer  0x000047e4        0x0 linker stubs

.v4_bx          0x000047e4        0x0
 .v4_bx         0x000047e4        0x0 linker stubs

.iplt           0x000047e4        0x0
 .iplt          0x000047e4        0x0 ./startup/startup_lpc55s69_cm33_core0.o

.ARM.extab
 *(SORT_BY_ALIGNMENT(.ARM.extab*) SORT_BY_ALIGNMENT(.gnu.linkonce.armextab.*))

.ARM.exidx      0x000047e4        0x8
                0x000047e4                        __exidx_start = .
 *(SORT_BY_ALIGNMENT(.ARM.exidx*) SORT_BY_ALIGNMENT(.gnu.linkonce.armexidx.*))
 .ARM.exidx.text.__udivmoddi4
                0x000047e4        0x8 /usr/local/mcuxpressoide-11.10.0_3148/ide/plugins/com.nxp.mcuxpresso.tools.linux_11.10.0.202311280810/tools/bin/../lib/gcc/arm-none-eabi/13.2.1/thumb/v8-m.main+fp/hard/libgcc.a(_udivmoddi4.o)
 .ARM.exidx     0x000047ec        0x0 /usr/local/mcuxpressoide-11.10.0_3148/ide/plugins/com.nxp.mcuxpresso.tools.linux_11.10.0.202311280810/tools/bin/../lib/gcc/arm-none-eabi/13.2.1/../../../../arm-none-eabi/lib/thumb/v8-m.main+fp/hard/libc_nano.a(libc_a-strcmp.o)
                                  0x8 (size before relaxing)
 .ARM.exidx     0x000047ec        0x0 /usr/local/mcuxpressoide-11.10.0_3148/ide/plugins/com.nxp.mcuxpresso.tools.linux_11.10.0.202311280810/tools/bin/../lib/gcc/arm-none-eabi/13.2.1/../../../../arm-none-eabi/lib/thumb/v8-m.main+fp/hard/libc_nano.a(libc_a-strlen.o)
                                  0x8 (size before relaxing)
                0x000047ec                        __exidx_end = .
                0x000047ec                        _etext = .

.rel.dyn        0x000047ec        0x0
 .rel.iplt      0x000047ec        0x0 ./startup/startup_lpc55s69_cm33_core0.o

.m_usb_data
 *(SORT_BY_ALIGNMENT(m_usb_global))

.data_RAM2      0x20040000        0x0 load address 0x000047ec
 FILL mask 0xff
                [!provide]                        PROVIDE (__start_data_RAM2 = .)
                [!provide]                        PROVIDE (__start_data_SRAM4 = .)
 *(SORT_BY_ALIGNMENT(.ramfunc.$RAM2))
 *(SORT_BY_ALIGNMENT(.ramfunc.$SRAM4))
 *(SORT_BY_ALIGNMENT(.data.$RAM2))
 *(SORT_BY_ALIGNMENT(.data.$SRAM4))
 *(SORT_BY_ALIGNMENT(.data.$RAM2.*))
 *(SORT_BY_ALIGNMENT(.data.$SRAM4.*))
                0x20040000                        . = ALIGN (0x4)
                [!provide]                        PROVIDE (__end_data_RAM2 = .)
                [!provide]                        PROVIDE (__end_data_SRAM4 = .)

.data_RAM3      0x04000000        0x0 load address 0x000047ec
 FILL mask 0xff
                [!provide]                        PROVIDE (__start_data_RAM3 = .)
                [!provide]                        PROVIDE (__start_data_SRAMX = .)
 *(SORT_BY_ALIGNMENT(.ramfunc.$RAM3))
 *(SORT_BY_ALIGNMENT(.ramfunc.$SRAMX))
 *(SORT_BY_ALIGNMENT(.data.$RAM3))
 *(SORT_BY_ALIGNMENT(.data.$SRAMX))
 *(SORT_BY_ALIGNMENT(.data.$RAM3.*))
 *(SORT_BY_ALIGNMENT(.data.$SRAMX.*))
                0x04000000                        . = ALIGN (0x4)
                [!provide]                        PROVIDE (__end_data_RAM3 = .)
                [!provide]                        PROVIDE (__end_data_SRAMX = .)

.data_RAM4      0x40100000        0x0 load address 0x000047ec
 FILL mask 0xff
                [!provide]                        PROVIDE (__start_data_RAM4 = .)
                [!provide]                        PROVIDE (__start_data_USB_RAM = .)
 *(SORT_BY_ALIGNMENT(.ramfunc.$RAM4))
 *(SORT_BY_ALIGNMENT(.ramfunc.$USB_RAM))
 *(SORT_BY_ALIGNMENT(.data.$RAM4))
 *(SORT_BY_ALIGNMENT(.data.$USB_RAM))
 *(SORT_BY_ALIGNMENT(.data.$RAM4.*))
 *(SORT_BY_ALIGNMENT(.data.$USB_RAM.*))
                0x40100000                        . = ALIGN (0x4)
                [!provide]                        PROVIDE (__end_data_RAM4 = .)
                [!provide]                        PROVIDE (__end_data_USB_RAM = .)

.uninit_RESERVED
                0x20000000        0x0
                0x20000000                        _start_uninit_RESERVED = .
 *(SORT_BY_ALIGNMENT(.bss.$RESERVED*))
                0x20000000                        . = ALIGN (0x4)
                0x20000000                        _end_uninit_RESERVED = .

.data           0x20000000      0x114 load address 0x000047ec
 FILL mask 0xff
                0x20000000                        _data = .
                [!provide]                        PROVIDE (__start_data_RAM = .)
                [!provide]                        PROVIDE (__start_data_SRAM = .)
 *(SORT_BY_ALIGNMENT(vtable))
 *(SORT_BY_ALIGNMENT(.ramfunc*))
 *(SORT_BY_ALIGNMENT(CodeQuickAccess))
 *(SORT_BY_ALIGNMENT(DataQuickAccess))
 *(SORT_BY_ALIGNMENT(RamFunction))
 *(SORT_BY_ALIGNMENT(.data*))
 .data.id       0x20000000        0x4 ./kernel/kernel.o
 .data.s_Ext_Clk_Freq
                0x20000004        0x4 ./drivers/fsl_clock.o
 .data.SystemCoreClock
                0x20000008        0x4 ./device/system_LPC55S69_cm33_core0.o
                0x20000008                SystemCoreClock
 .data.dev_test
                0x2000000c       0x34 ./device/target.o
                0x2000000c                dev_test
 .data.dev_leds
                0x20000040       0x34 ./device/target.o
                0x20000040                dev_leds
 .data.dev_swuser
                0x20000074       0x34 ./device/target.o
                0x20000074                dev_swuser
 .data.device_table
                0x200000a8       0x10 ./device/target.o
                0x200000a8                device_table
 .data._impure_ptr
                0x200000b8        0x4 /usr/local/mcuxpressoide-11.10.0_3148/ide/plugins/com.nxp.mcuxpresso.tools.linux_11.10.0.202311280810/tools/bin/../lib/gcc/arm-none-eabi/13.2.1/../../../../arm-none-eabi/lib/thumb/v8-m.main+fp/hard/libc_nano.a(libc_a-impure.o)
                0x200000b8                _impure_ptr
 .data._impure_data
                0x200000bc       0x4c /usr/local/mcuxpressoide-11.10.0_3148/ide/plugins/com.nxp.mcuxpresso.tools.linux_11.10.0.202311280810/tools/bin/../lib/gcc/arm-none-eabi/13.2.1/../../../../arm-none-eabi/lib/thumb/v8-m.main+fp/hard/libc_nano.a(libc_a-impure.o)
                0x200000bc                _impure_data
 .data.__sglue  0x20000108        0xc /usr/local/mcuxpressoide-11.10.0_3148/ide/plugins/com.nxp.mcuxpresso.tools.linux_11.10.0.202311280810/tools/bin/../lib/gcc/arm-none-eabi/13.2.1/../../../../arm-none-eabi/lib/thumb/v8-m.main+fp/hard/libc_nano.a(libc_a-findfp.o)
                0x20000108                __sglue
                0x20000114                        . = ALIGN (0x4)
                0x20000114                        _edata = .
                [!provide]                        PROVIDE (__end_data_RAM = .)
                [!provide]                        PROVIDE (__end_data_SRAM = .)

.igot.plt       0x20000114        0x0 load address 0x00004900
 .igot.plt      0x20000114        0x0 ./startup/startup_lpc55s69_cm33_core0.o

.bss_RAM2       0x20040000        0x0
                [!provide]                        PROVIDE (__start_bss_RAM2 = .)
                [!provide]                        PROVIDE (__start_bss_SRAM4 = .)
 *(SORT_BY_ALIGNMENT(.bss.$RAM2))
 *(SORT_BY_ALIGNMENT(.bss.$SRAM4))
 *(SORT_BY_ALIGNMENT(.bss.$RAM2.*))
 *(SORT_BY_ALIGNMENT(.bss.$SRAM4.*))
                0x20040000                        . = ALIGN ((. != 0x0)?0x4:0x1)
                [!provide]                        PROVIDE (__end_bss_RAM2 = .)
                [!provide]                        PROVIDE (__end_bss_SRAM4 = .)

.bss_RAM3       0x04000000        0x0
                [!provide]                        PROVIDE (__start_bss_RAM3 = .)
                [!provide]                        PROVIDE (__start_bss_SRAMX = .)
 *(SORT_BY_ALIGNMENT(.bss.$RAM3))
 *(SORT_BY_ALIGNMENT(.bss.$SRAMX))
 *(SORT_BY_ALIGNMENT(.bss.$RAM3.*))
 *(SORT_BY_ALIGNMENT(.bss.$SRAMX.*))
                0x04000000                        . = ALIGN ((. != 0x0)?0x4:0x1)
                [!provide]                        PROVIDE (__end_bss_RAM3 = .)
                [!provide]                        PROVIDE (__end_bss_SRAMX = .)

.bss_RAM4       0x40100000        0x0
                [!provide]                        PROVIDE (__start_bss_RAM4 = .)
                [!provide]                        PROVIDE (__start_bss_USB_RAM = .)
 *(SORT_BY_ALIGNMENT(.bss.$RAM4))
 *(SORT_BY_ALIGNMENT(.bss.$USB_RAM))
 *(SORT_BY_ALIGNMENT(.bss.$RAM4.*))
 *(SORT_BY_ALIGNMENT(.bss.$USB_RAM.*))
                0x40100000                        . = ALIGN ((. != 0x0)?0x4:0x1)
                [!provide]                        PROVIDE (__end_bss_RAM4 = .)
                [!provide]                        PROVIDE (__end_bss_USB_RAM = .)

.bss            0x20000114      0x260
                0x20000114                        _bss = .
                [!provide]                        PROVIDE (__start_bss_RAM = .)
                [!provide]                        PROVIDE (__start_bss_SRAM = .)
 *(SORT_BY_ALIGNMENT(.bss*))
 .bss.tsk_running
                0x20000114        0x4 ./kernel/kernel.o
                0x20000114                tsk_running
 .bss.tsk_prev  0x20000118        0x4 ./kernel/kernel.o
                0x20000118                tsk_prev
 .bss.tsk_sleeping
                0x2000011c        0x4 ./kernel/kernel.o
                0x2000011c                tsk_sleeping
 .bss.sys_tick_cnt
                0x20000120        0x4 ./kernel/kernel.o
                0x20000120                sys_tick_cnt
 .bss.s_Pll0_Freq
                0x20000124        0x4 ./drivers/fsl_clock.o
 .bss.s_flexcommIrqHandler
                0x20000128       0x24 ./drivers/fsl_flexcomm.o
 .bss.s_flexcommHandle
                0x2000014c       0x24 ./drivers/fsl_flexcomm.o
 .bss.s_secpintCallback
                0x20000170        0x8 ./drivers/fsl_pint.o
 .bss.s_pintCallback
                0x20000178       0x20 ./drivers/fsl_pint.o
 .bss.opened_fds
                0x20000198       0x50 ./device/vfs.o
                0x20000198                opened_fds
 .bss.vfs_mutex
                0x200001e8        0x4 ./device/vfs.o
                0x200001e8                vfs_mutex
 .bss.__malloc_sbrk_start
                0x200001ec        0x4 /usr/local/mcuxpressoide-11.10.0_3148/ide/plugins/com.nxp.mcuxpresso.tools.linux_11.10.0.202311280810/tools/bin/../lib/gcc/arm-none-eabi/13.2.1/../../../../arm-none-eabi/lib/thumb/v8-m.main+fp/hard/libc_nano.a(libc_a-mallocr.o)
                0x200001ec                __malloc_sbrk_start
 .bss.__malloc_free_list
                0x200001f0        0x4 /usr/local/mcuxpressoide-11.10.0_3148/ide/plugins/com.nxp.mcuxpresso.tools.linux_11.10.0.202311280810/tools/bin/../lib/gcc/arm-none-eabi/13.2.1/../../../../arm-none-eabi/lib/thumb/v8-m.main+fp/hard/libc_nano.a(libc_a-mallocr.o)
                0x200001f0                __malloc_free_list
 .bss.__sf      0x200001f4      0x138 /usr/local/mcuxpressoide-11.10.0_3148/ide/plugins/com.nxp.mcuxpresso.tools.linux_11.10.0.202311280810/tools/bin/../lib/gcc/arm-none-eabi/13.2.1/../../../../arm-none-eabi/lib/thumb/v8-m.main+fp/hard/libc_nano.a(libc_a-findfp.o)
                0x200001f4                __sf
 .bss.__stdio_exit_handler
                0x2000032c        0x4 /usr/local/mcuxpressoide-11.10.0_3148/ide/plugins/com.nxp.mcuxpresso.tools.linux_11.10.0.202311280810/tools/bin/../lib/gcc/arm-none-eabi/13.2.1/../../../../arm-none-eabi/lib/thumb/v8-m.main+fp/hard/libc_nano.a(libc_a-findfp.o)
                0x2000032c                __stdio_exit_handler
 .bss.errno     0x20000330        0x4 /usr/local/mcuxpressoide-11.10.0_3148/ide/plugins/com.nxp.mcuxpresso.tools.linux_11.10.0.202311280810/tools/bin/../lib/gcc/arm-none-eabi/13.2.1/../../../../arm-none-eabi/lib/thumb/v8-m.main+fp/hard/libc_nano.a(libc_a-reent.o)
                0x20000330                errno
 .bss.__end_of_heap
                0x20000334        0x4 /usr/local/mcuxpressoide-11.10.0_3148/ide/plugins/com.nxp.mcuxpresso.tools.linux_11.10.0.202311280810/tools/bin/../lib/gcc/arm-none-eabi/13.2.1/../../../../arm-none-eabi/lib/thumb/v8-m.main+fp/hard/libcr_newlib_semihost.a(_cr_sbrk.o)
                0x20000334                __end_of_heap
 .bss.initialized.0
                0x20000338        0x4 /usr/local/mcuxpressoide-11.10.0_3148/ide/plugins/com.nxp.mcuxpresso.tools.linux_11.10.0.202311280810/tools/bin/../lib/gcc/arm-none-eabi/13.2.1/../../../../arm-none-eabi/lib/thumb/v8-m.main+fp/hard/libcr_newlib_semihost.a(syscalls.o)
 .bss.monitor_stderr
                0x2000033c        0x4 /usr/local/mcuxpressoide-11.10.0_3148/ide/plugins/com.nxp.mcuxpresso.tools.linux_11.10.0.202311280810/tools/bin/../lib/gcc/arm-none-eabi/13.2.1/../../../../arm-none-eabi/lib/thumb/v8-m.main+fp/hard/libcr_newlib_semihost.a(syscalls.o)
 .bss.monitor_stdout
                0x20000340        0x4 /usr/local/mcuxpressoide-11.10.0_3148/ide/plugins/com.nxp.mcuxpresso.tools.linux_11.10.0.202311280810/tools/bin/../lib/gcc/arm-none-eabi/13.2.1/../../../../arm-none-eabi/lib/thumb/v8-m.main+fp/hard/libcr_newlib_semihost.a(syscalls.o)
 .bss.monitor_stdin
                0x20000344        0x4 /usr/local/mcuxpressoide-11.10.0_3148/ide/plugins/com.nxp.mcuxpresso.tools.linux_11.10.0.202311280810/tools/bin/../lib/gcc/arm-none-eabi/13.2.1/../../../../arm-none-eabi/lib/thumb/v8-m.main+fp/hard/libcr_newlib_semihost.a(syscalls.o)
 .bss.openfiles
                0x20000348       0x28 /usr/local/mcuxpressoide-11.10.0_3148/ide/plugins/com.nxp.mcuxpresso.tools.linux_11.10.0.202311280810/tools/bin/../lib/gcc/arm-none-eabi/13.2.1/../../../../arm-none-eabi/lib/thumb/v8-m.main+fp/hard/libcr_newlib_semihost.a(syscalls.o)
 .bss.__lock___malloc_recursive_mutex
                0x20000370        0x1 /usr/local/mcuxpressoide-11.10.0_3148/ide/plugins/com.nxp.mcuxpresso.tools.linux_11.10.0.202311280810/tools/bin/../lib/gcc/arm-none-eabi/13.2.1/../../../../arm-none-eabi/lib/thumb/v8-m.main+fp/hard/libc_nano.a(libc_a-lock.o)
                0x20000370                __lock___malloc_recursive_mutex
 .bss.__lock___sfp_recursive_mutex
                0x20000371        0x1 /usr/local/mcuxpressoide-11.10.0_3148/ide/plugins/com.nxp.mcuxpresso.tools.linux_11.10.0.202311280810/tools/bin/../lib/gcc/arm-none-eabi/13.2.1/../../../../arm-none-eabi/lib/thumb/v8-m.main+fp/hard/libc_nano.a(libc_a-lock.o)
                0x20000371                __lock___sfp_recursive_mutex
 *(SORT_BY_ALIGNMENT(COMMON))
                0x20000374                        . = ALIGN (0x4)
 *fill*         0x20000372        0x2 
                0x20000374                        _ebss = .
                [!provide]                        PROVIDE (__end_bss_RAM = .)
                [!provide]                        PROVIDE (__end_bss_SRAM = .)
                [!provide]                        PROVIDE (end = .)

.noinit_RAM2    0x20040000        0x0
                [!provide]                        PROVIDE (__start_noinit_RAM2 = .)
                [!provide]                        PROVIDE (__start_noinit_SRAM4 = .)
 *(SORT_BY_ALIGNMENT(.noinit.$RAM2))
 *(SORT_BY_ALIGNMENT(.noinit.$SRAM4))
 *(SORT_BY_ALIGNMENT(.noinit.$RAM2.*))
 *(SORT_BY_ALIGNMENT(.noinit.$SRAM4.*))
                0x20040000                        . = ALIGN (0x4)
                [!provide]                        PROVIDE (__end_noinit_RAM2 = .)
                [!provide]                        PROVIDE (__end_noinit_SRAM4 = .)

.noinit_RAM3    0x04000000        0x0
                [!provide]                        PROVIDE (__start_noinit_RAM3 = .)
                [!provide]                        PROVIDE (__start_noinit_SRAMX = .)
 *(SORT_BY_ALIGNMENT(.noinit.$RAM3))
 *(SORT_BY_ALIGNMENT(.noinit.$SRAMX))
 *(SORT_BY_ALIGNMENT(.noinit.$RAM3.*))
 *(SORT_BY_ALIGNMENT(.noinit.$SRAMX.*))
                0x04000000                        . = ALIGN (0x4)
                [!provide]                        PROVIDE (__end_noinit_RAM3 = .)
                [!provide]                        PROVIDE (__end_noinit_SRAMX = .)

.noinit_RAM4    0x40100000        0x0
                [!provide]                        PROVIDE (__start_noinit_RAM4 = .)
                [!provide]                        PROVIDE (__start_noinit_USB_RAM = .)
 *(SORT_BY_ALIGNMENT(.noinit.$RAM4))
 *(SORT_BY_ALIGNMENT(.noinit.$USB_RAM))
 *(SORT_BY_ALIGNMENT(.noinit.$RAM4.*))
 *(SORT_BY_ALIGNMENT(.noinit.$USB_RAM.*))
                0x40100000                        . = ALIGN (0x4)
                [!provide]                        PROVIDE (__end_noinit_RAM4 = .)
                [!provide]                        PROVIDE (__end_noinit_USB_RAM = .)

.noinit         0x20000374        0x0
                0x20000374                        _noinit = .
                [!provide]                        PROVIDE (__start_noinit_RAM = .)
                [!provide]                        PROVIDE (__start_noinit_SRAM = .)
 *(SORT_BY_ALIGNMENT(.noinit*))
                0x20000374                        . = ALIGN (0x4)
                0x20000374                        _end_noinit = .
                [!provide]                        PROVIDE (__end_noinit_RAM = .)
                [!provide]                        PROVIDE (__end_noinit_SRAM = .)
                0x00001000                        _HeapSize = 0x1000

.heap           0x20000374     0x1000
                0x20000374                        _pvHeapStart = .
                0x20001374                        . = (. + _HeapSize)
 *fill*         0x20000374     0x1000 
                0x20001374                        . = ALIGN (0x4)
                0x20001374                        _pvHeapLimit = .
                0x00001000                        _StackSize = 0x1000

.heap2stackfill
                0x20001374     0x1000
                0x20002374                        . = (. + _StackSize)
 *fill*         0x20001374     0x1000 

.stack          0x2003f000        0x0
                0x2003f000                        _vStackBase = .
                0x2003f000                        . = ALIGN (0x4)
                0x20040000                        _vStackTop = (. + _StackSize)
                [!provide]                        PROVIDE (__valid_user_code_checksum = (0x0 - ((((((_vStackTop + (ResetISR + 0x1)) + (NMI_Handler + 0x1)) + (HardFault_Handler + 0x1)) + (DEFINED (MemManage_Handler)?MemManage_Handler:0x0 + 0x1)) + (DEFINED (BusFault_Handler)?BusFault_Handler:0x0 + 0x1)) + (DEFINED (UsageFault_Handler)?UsageFault_Handler:0x0 + 0x1))))
                0x00000000                        _image_start = LOADADDR (.text)
                0x00004900                        _image_end = (LOADADDR (.data) + SIZEOF (.data))
                0x00004900                        _image_size = (_image_end - _image_start)
OUTPUT(LPC55S69_OS.src.axf elf32-littlearm)
LOAD linker stubs

.debug_info     0x00000000    0x19b27
 .debug_info    0x00000000     0x1421 ./startup/startup_lpc55s69_cm33_core0.o
 .debug_info    0x00001421       0x3a ./startup/svc.o
 .debug_info    0x0000145b      0x1e2 ./source/main.o
 .debug_info    0x0000163d      0x2cf ./source/oslib.o
 .debug_info    0x0000190c       0x3c ./source/semihost_hardfault.o
 .debug_info    0x00001948      0xf5d ./kernel/kernel.o
 .debug_info    0x000028a5      0x31e ./kernel/list.o
 .debug_info    0x00002bc3     0x32e8 ./drivers/fsl_clock.o
 .debug_info    0x00005eab      0x2d0 ./drivers/fsl_common.o
 .debug_info    0x0000617b     0x1b02 ./drivers/fsl_flexcomm.o
 .debug_info    0x00007c7d     0x1776 ./drivers/fsl_gpio.o
 .debug_info    0x000093f3     0x1e33 ./drivers/fsl_inputmux.o
 .debug_info    0x0000b226     0x23bb ./drivers/fsl_pint.o
 .debug_info    0x0000d5e1      0xf3b ./drivers/fsl_reset.o
 .debug_info    0x0000e51c     0x1366 ./device/system_LPC55S69_cm33_core0.o
 .debug_info    0x0000f882     0x23ea ./device/target.o
 .debug_info    0x00011c6c      0x985 ./device/vfs.o
 .debug_info    0x000125f1      0x92b ./board/board.o
 .debug_info    0x00012f1c     0x16e1 ./board/clock_config.o
 .debug_info    0x000145fd       0xa9 ./board/peripherals.o
 .debug_info    0x000146a6     0x1e7c ./board/pin_mux.o
 .debug_info    0x00016522     0x3605 /home/douae/ENIB/SEN/OS/LPC55S69_OS.src/LPC55S69/mcuxpresso/libpower_hardabi.a(fsl_power_lib.o)

.debug_abbrev   0x00000000     0x2cab
 .debug_abbrev  0x00000000      0x2a2 ./startup/startup_lpc55s69_cm33_core0.o
 .debug_abbrev  0x000002a2       0x26 ./startup/svc.o
 .debug_abbrev  0x000002c8       0xfe ./source/main.o
 .debug_abbrev  0x000003c6      0x11e ./source/oslib.o
 .debug_abbrev  0x000004e4       0x31 ./source/semihost_hardfault.o
 .debug_abbrev  0x00000515      0x3ac ./kernel/kernel.o
 .debug_abbrev  0x000008c1      0x169 ./kernel/list.o
 .debug_abbrev  0x00000a2a      0x39b ./drivers/fsl_clock.o
 .debug_abbrev  0x00000dc5      0x1c0 ./drivers/fsl_common.o
 .debug_abbrev  0x00000f85      0x2fa ./drivers/fsl_flexcomm.o
 .debug_abbrev  0x0000127f      0x251 ./drivers/fsl_gpio.o
 .debug_abbrev  0x000014d0      0x1d7 ./drivers/fsl_inputmux.o
 .debug_abbrev  0x000016a7      0x314 ./drivers/fsl_pint.o
 .debug_abbrev  0x000019bb      0x175 ./drivers/fsl_reset.o
 .debug_abbrev  0x00001b30      0x1fa ./device/system_LPC55S69_cm33_core0.o
 .debug_abbrev  0x00001d2a      0x30d ./device/target.o
 .debug_abbrev  0x00002037      0x20a ./device/vfs.o
 .debug_abbrev  0x00002241      0x120 ./board/board.o
 .debug_abbrev  0x00002361      0x226 ./board/clock_config.o
 .debug_abbrev  0x00002587       0x61 ./board/peripherals.o
 .debug_abbrev  0x000025e8      0x22f ./board/pin_mux.o
 .debug_abbrev  0x00002817      0x494 /home/douae/ENIB/SEN/OS/LPC55S69_OS.src/LPC55S69/mcuxpresso/libpower_hardabi.a(fsl_power_lib.o)

.debug_loc      0x00000000     0x1c55
 .debug_loc     0x00000000      0x20d ./startup/startup_lpc55s69_cm33_core0.o
 .debug_loc     0x0000020d     0x1a48 /home/douae/ENIB/SEN/OS/LPC55S69_OS.src/LPC55S69/mcuxpresso/libpower_hardabi.a(fsl_power_lib.o)

.debug_aranges  0x00000000      0xbf8
 .debug_aranges
                0x00000000      0x270 ./startup/startup_lpc55s69_cm33_core0.o
 .debug_aranges
                0x00000270       0x28 ./startup/svc.o
 .debug_aranges
                0x00000298       0x30 ./source/main.o
 .debug_aranges
                0x000002c8       0x78 ./source/oslib.o
 .debug_aranges
                0x00000340       0x20 ./source/semihost_hardfault.o
 .debug_aranges
                0x00000360       0x98 ./kernel/kernel.o
 .debug_aranges
                0x000003f8       0x48 ./kernel/list.o
 .debug_aranges
                0x00000440      0x220 ./drivers/fsl_clock.o
 .debug_aranges
                0x00000660       0x38 ./drivers/fsl_common.o
 .debug_aranges
                0x00000698       0x90 ./drivers/fsl_flexcomm.o
 .debug_aranges
                0x00000728       0x38 ./drivers/fsl_gpio.o
 .debug_aranges
                0x00000760       0x40 ./drivers/fsl_inputmux.o
 .debug_aranges
                0x000007a0      0x118 ./drivers/fsl_pint.o
 .debug_aranges
                0x000008b8       0x30 ./drivers/fsl_reset.o
 .debug_aranges
                0x000008e8       0x88 ./device/system_LPC55S69_cm33_core0.o
 .debug_aranges
                0x00000970       0xa0 ./device/target.o
 .debug_aranges
                0x00000a10       0x68 ./device/vfs.o
 .debug_aranges
                0x00000a78       0x30 ./board/board.o
 .debug_aranges
                0x00000aa8       0x50 ./board/clock_config.o
 .debug_aranges
                0x00000af8       0x28 ./board/peripherals.o
 .debug_aranges
                0x00000b20       0x40 ./board/pin_mux.o
 .debug_aranges
                0x00000b60       0x98 /home/douae/ENIB/SEN/OS/LPC55S69_OS.src/LPC55S69/mcuxpresso/libpower_hardabi.a(fsl_power_lib.o)

.debug_ranges   0x00000000      0xc08
 .debug_ranges  0x00000000      0x260 ./startup/startup_lpc55s69_cm33_core0.o
 .debug_ranges  0x00000260       0x20 ./startup/svc.o
 .debug_ranges  0x00000280       0x20 ./source/main.o
 .debug_ranges  0x000002a0       0x68 ./source/oslib.o
 .debug_ranges  0x00000308       0x10 ./source/semihost_hardfault.o
 .debug_ranges  0x00000318       0x88 ./kernel/kernel.o
 .debug_ranges  0x000003a0       0x38 ./kernel/list.o
 .debug_ranges  0x000003d8      0x210 ./drivers/fsl_clock.o
 .debug_ranges  0x000005e8       0x28 ./drivers/fsl_common.o
 .debug_ranges  0x00000610       0x80 ./drivers/fsl_flexcomm.o
 .debug_ranges  0x00000690       0x28 ./drivers/fsl_gpio.o
 .debug_ranges  0x000006b8       0x30 ./drivers/fsl_inputmux.o
 .debug_ranges  0x000006e8      0x108 ./drivers/fsl_pint.o
 .debug_ranges  0x000007f0       0x20 ./drivers/fsl_reset.o
 .debug_ranges  0x00000810       0x78 ./device/system_LPC55S69_cm33_core0.o
 .debug_ranges  0x00000888       0x90 ./device/target.o
 .debug_ranges  0x00000918       0x58 ./device/vfs.o
 .debug_ranges  0x00000970       0x20 ./board/board.o
 .debug_ranges  0x00000990       0x40 ./board/clock_config.o
 .debug_ranges  0x000009d0       0x18 ./board/peripherals.o
 .debug_ranges  0x000009e8       0x30 ./board/pin_mux.o
 .debug_ranges  0x00000a18      0x1f0 /home/douae/ENIB/SEN/OS/LPC55S69_OS.src/LPC55S69/mcuxpresso/libpower_hardabi.a(fsl_power_lib.o)

.debug_macro    0x00000000     0x35d4
 .debug_macro   0x00000000      0x273 ./startup/startup_lpc55s69_cm33_core0.o
 .debug_macro   0x00000273       0x10 ./startup/startup_lpc55s69_cm33_core0.o
 .debug_macro   0x00000283       0x2f ./startup/startup_lpc55s69_cm33_core0.o
 .debug_macro   0x000002b2       0x10 ./startup/startup_lpc55s69_cm33_core0.o
 .debug_macro   0x000002c2       0xf6 ./startup/startup_lpc55s69_cm33_core0.o
 .debug_macro   0x000003b8      0x25c ./startup/startup_lpc55s69_cm33_core0.o
 .debug_macro   0x00000614       0x5e ./startup/startup_lpc55s69_cm33_core0.o
 .debug_macro   0x00000672      0x28d ./source/main.o
 .debug_macro   0x000008ff       0x16 ./source/main.o
 .debug_macro   0x00000915       0x9e ./source/main.o
 .debug_macro   0x000009b3      0x112 ./source/main.o
 .debug_macro   0x00000ac5       0x10 ./source/main.o
 .debug_macro   0x00000ad5       0x16 ./source/main.o
 .debug_macro   0x00000aeb       0x76 ./source/main.o
 .debug_macro   0x00000b61      0x24d ./source/oslib.o
 .debug_macro   0x00000dae       0x11 ./source/semihost_hardfault.o
 .debug_macro   0x00000dbf      0x24e ./kernel/kernel.o
 .debug_macro   0x0000100d      0x27c ./kernel/list.o
 .debug_macro   0x00001289       0x1c ./kernel/list.o
 .debug_macro   0x000012a5      0x2b5 ./drivers/fsl_clock.o
 .debug_macro   0x0000155a      0x2fe ./drivers/fsl_clock.o
 .debug_macro   0x00001858      0x212 ./drivers/fsl_common.o
 .debug_macro   0x00001a6a      0x215 ./drivers/fsl_flexcomm.o
 .debug_macro   0x00001c7f       0x10 ./drivers/fsl_flexcomm.o
 .debug_macro   0x00001c8f      0x21c ./drivers/fsl_gpio.o
 .debug_macro   0x00001eab      0x21f ./drivers/fsl_inputmux.o
 .debug_macro   0x000020ca       0x8e ./drivers/fsl_inputmux.o
 .debug_macro   0x00002158      0x21b ./drivers/fsl_pint.o
 .debug_macro   0x00002373       0x70 ./drivers/fsl_pint.o
 .debug_macro   0x000023e3      0x20c ./drivers/fsl_reset.o
 .debug_macro   0x000025ef       0xa9 ./device/system_LPC55S69_cm33_core0.o
 .debug_macro   0x00002698      0x282 ./device/target.o
 .debug_macro   0x0000291a       0x76 ./device/target.o
 .debug_macro   0x00002990       0x88 ./device/target.o