Archive member included to satisfy reference by file (symbol)

/home/douae/ENIB/SEN/OS/LPC55S69_OS.src/LPC55S69/mcuxpresso/libpower_hardabi.a(fsl_power_lib.o)
                              ./drivers/fsl_clock.o (POWER_SetVoltageForFreq)
/usr/local/mcuxpressoide-11.10.0_3148/ide/plugins/com.nxp.mcuxpresso.tools.linux_11.10.0.202311280810/tools/bin/../lib/gcc/arm-none-eabi/13.2.1/thumb/v8-m.main+fp/hard/libgcc.a(_aeabi_uldivmod.o)
                              ./drivers/fsl_clock.o (__aeabi_uldivmod)
/usr/local/mcuxpressoide-11.10.0_3148/ide/plugins/com.nxp.mcuxpresso.tools.linux_11.10.0.202311280810/tools/bin/../lib/gcc/arm-none-eabi/13.2.1/thumb/v8-m.main+fp/hard/libgcc.a(_fixunssfdi.o)
                              ./device/system_LPC55S69_cm33_core0.o (__aeabi_f2ulz)
/usr/local/mcuxpressoide-11.10.0_3148/ide/plugins/com.nxp.mcuxpresso.tools.linux_11.10.0.202311280810/tools/bin/../lib/gcc/arm-none-eabi/13.2.1/thumb/v8-m.main+fp/hard/libgcc.a(_udivmoddi4.o)
                              /usr/local/mcuxpressoide-11.10.0_3148/ide/plugins/com.nxp.mcuxpresso.tools.linux_11.10.0.202311280810/tools/bin/../lib/gcc/arm-none-eabi/13.2.1/thumb/v8-m.main+fp/hard/libgcc.a(_aeabi_uldivmod.o) (__udivmoddi4)
/usr/local/mcuxpressoide-11.10.0_3148/ide/plugins/com.nxp.mcuxpresso.tools.linux_11.10.0.202311280810/tools/bin/../lib/gcc/arm-none-eabi/13.2.1/thumb/v8-m.main+fp/hard/libgcc.a(_arm_muldf3.o)
                              /usr/local/mcuxpressoide-11.10.0_3148/ide/plugins/com.nxp.mcuxpresso.tools.linux_11.10.0.202311280810/tools/bin/../lib/gcc/arm-none-eabi/13.2.1/thumb/v8-m.main+fp/hard/libgcc.a(_fixunssfdi.o) (__aeabi_dmul)
/usr/local/mcuxpressoide-11.10.0_3148/ide/plugins/com.nxp.mcuxpresso.tools.linux_11.10.0.202311280810/tools/bin/../lib/gcc/arm-none-eabi/13.2.1/thumb/v8-m.main+fp/hard/libgcc.a(_dvmd_tls.o)
                              /usr/local/mcuxpressoide-11.10.0_3148/ide/plugins/com.nxp.mcuxpresso.tools.linux_11.10.0.202311280810/tools/bin/../lib/gcc/arm-none-eabi/13.2.1/thumb/v8-m.main+fp/hard/libgcc.a(_aeabi_uldivmod.o) (__aeabi_ldiv0)
/usr/local/mcuxpressoide-11.10.0_3148/ide/plugins/com.nxp.mcuxpresso.tools.linux_11.10.0.202311280810/tools/bin/../lib/gcc/arm-none-eabi/13.2.1/thumb/v8-m.main+fp/hard/libgcc.a(_arm_addsubdf3.o)
                              /usr/local/mcuxpressoide-11.10.0_3148/ide/plugins/com.nxp.mcuxpresso.tools.linux_11.10.0.202311280810/tools/bin/../lib/gcc/arm-none-eabi/13.2.1/thumb/v8-m.main+fp/hard/libgcc.a(_fixunssfdi.o) (__aeabi_dsub)
/usr/local/mcuxpressoide-11.10.0_3148/ide/plugins/com.nxp.mcuxpresso.tools.linux_11.10.0.202311280810/tools/bin/../lib/gcc/arm-none-eabi/13.2.1/thumb/v8-m.main+fp/hard/libgcc.a(_arm_fixunsdfsi.o)
                              /usr/local/mcuxpressoide-11.10.0_3148/ide/plugins/com.nxp.mcuxpresso.tools.linux_11.10.0.202311280810/tools/bin/../lib/gcc/arm-none-eabi/13.2.1/thumb/v8-m.main+fp/hard/libgcc.a(_fixunssfdi.o) (__aeabi_d2uiz)
/usr/local/mcuxpressoide-11.10.0_3148/ide/plugins/com.nxp.mcuxpresso.tools.linux_11.10.0.202311280810/tools/bin/../lib/gcc/arm-none-eabi/13.2.1/../../../../arm-none-eabi/lib/thumb/v8-m.main+fp/hard/libc_nano.a(libc_a-strtoul.o)
                              ./utilities/fsl_str.o (strtoul)
/usr/local/mcuxpressoide-11.10.0_3148/ide/plugins/com.nxp.mcuxpresso.tools.linux_11.10.0.202311280810/tools/bin/../lib/gcc/arm-none-eabi/13.2.1/../../../../arm-none-eabi/lib/thumb/v8-m.main+fp/hard/libc_nano.a(libc_a-strcmp.o)
                              ./device/vfs.o (strcmp)
/usr/local/mcuxpressoide-11.10.0_3148/ide/plugins/com.nxp.mcuxpresso.tools.linux_11.10.0.202311280810/tools/bin/../lib/gcc/arm-none-eabi/13.2.1/../../../../arm-none-eabi/lib/thumb/v8-m.main+fp/hard/libc_nano.a(libc_a-strcpy.o)
                              ./device/termio.o (strcpy)
/usr/local/mcuxpressoide-11.10.0_3148/ide/plugins/com.nxp.mcuxpresso.tools.linux_11.10.0.202311280810/tools/bin/../lib/gcc/arm-none-eabi/13.2.1/../../../../arm-none-eabi/lib/thumb/v8-m.main+fp/hard/libc_nano.a(libc_a-perror.o)
                              ./source/main.o (perror)
/usr/local/mcuxpressoide-11.10.0_3148/ide/plugins/com.nxp.mcuxpresso.tools.linux_11.10.0.202311280810/tools/bin/../lib/gcc/arm-none-eabi/13.2.1/../../../../arm-none-eabi/lib/thumb/v8-m.main+fp/hard/libc_nano.a(libc_a-printf.o)
                              ./kernel/list.o (printf)
/usr/local/mcuxpressoide-11.10.0_3148/ide/plugins/com.nxp.mcuxpresso.tools.linux_11.10.0.202311280810/tools/bin/../lib/gcc/arm-none-eabi/13.2.1/../../../../arm-none-eabi/lib/thumb/v8-m.main+fp/hard/libc_nano.a(libc_a-nano-vfprintf.o)
                              /usr/local/mcuxpressoide-11.10.0_3148/ide/plugins/com.nxp.mcuxpresso.tools.linux_11.10.0.202311280810/tools/bin/../lib/gcc/arm-none-eabi/13.2.1/../../../../arm-none-eabi/lib/thumb/v8-m.main+fp/hard/libc_nano.a(libc_a-printf.o) (_vfprintf_r)
[...]
Memory Configuration

Name             Origin             Length             Attributes
PROGRAM_FLASH    0x00000000         0x00098000         xr
SRAM             0x20000000         0x00040000         xrw
SRAM4            0x20040000         0x00004000         xrw
SRAMX            0x04000000         0x00008000         xrw
USB_RAM          0x40100000         0x00004000         xrw
*default*        0x00000000         0xffffffff

Linker script and memory map

LOAD ./utilities/fsl_debug_console.o
LOAD ./utilities/fsl_str.o
LOAD ./startup/boot_multicore_slave.o
LOAD ./startup/startup_lpc55s69_cm33_core0.o
LOAD ./startup/svc.o
LOAD ./source/main.o
LOAD ./source/oslib.o
LOAD ./source/semihost_hardfault.o
LOAD ./kernel/kernel.o
LOAD ./kernel/list.o
LOAD ./drivers/fsl_clock.o
LOAD ./drivers/fsl_common.o
LOAD ./drivers/fsl_flexcomm.o
LOAD ./drivers/fsl_gpio.o
LOAD ./drivers/fsl_i2c.o
LOAD ./drivers/fsl_inputmux.o
LOAD ./drivers/fsl_pint.o
LOAD ./drivers/fsl_reset.o
LOAD ./drivers/fsl_usart.o
LOAD ./device/system_LPC55S69_cm33_core0.o
LOAD ./device/target.o
LOAD ./device/termio.o
LOAD ./device/vfs.o
LOAD ./component/uart/fsl_adapter_usart.o
LOAD ./component/serial_manager/fsl_component_serial_manager.o
LOAD ./component/serial_manager/fsl_component_serial_port_uart.o
LOAD ./component/lists/fsl_component_generic_list.o
LOAD ./board/board.o
LOAD ./board/clock_config.o
LOAD ./board/peripherals.o
LOAD ./board/pin_mux.o
LOAD ./LPC55S69/drivers/fsl_power.o
LOAD /home/douae/ENIB/SEN/OS/LPC55S69_OS.src/LPC55S69/mcuxpresso/libpower_hardabi.a
START GROUP
LOAD /usr/local/mcuxpressoide-11.10.0_3148/ide/plugins/com.nxp.mcuxpresso.tools.linux_11.10.0.202311280810/tools/bin/../lib/gcc/arm-none-eabi/13.2.1/thumb/v8-m.main+fp/hard/libgcc.a
LOAD /usr/local/mcuxpressoide-11.10.0_3148/ide/plugins/com.nxp.mcuxpresso.tools.linux_11.10.0.202311280810/tools/bin/../lib/gcc/arm-none-eabi/13.2.1/../../../../arm-none-eabi/lib/thumb/v8-m.main+fp/hard/libc_nano.a
LOAD /usr/local/mcuxpressoide-11.10.0_3148/ide/plugins/com.nxp.mcuxpresso.tools.linux_11.10.0.202311280810/tools/bin/../lib/gcc/arm-none-eabi/13.2.1/../../../../arm-none-eabi/lib/thumb/v8-m.main+fp/hard/libm.a
LOAD /usr/local/mcuxpressoide-11.10.0_3148/ide/plugins/com.nxp.mcuxpresso.tools.linux_11.10.0.202311280810/tools/bin/../lib/gcc/arm-none-eabi/13.2.1/../../../../arm-none-eabi/lib/thumb/v8-m.main+fp/hard/libcr_newlib_semihost.a
END GROUP
                0x00000000                        __base_PROGRAM_FLASH = 0x0
                0x00000000                        __base_Flash = 0x0
                0x00098000                        __top_PROGRAM_FLASH = 0x98000
                0x00098000                        __top_Flash = 0x98000
                0x20000000                        __base_SRAM = 0x20000000
                0x20000000                        __base_RAM = 0x20000000
                0x20040000                        __top_SRAM = 0x20040000
                0x20040000                        __top_RAM = 0x20040000
                0x20040000                        __base_SRAM4 = 0x20040000
                0x20040000                        __base_RAM2 = 0x20040000
                0x20044000                        __top_SRAM4 = 0x20044000
                0x20044000                        __top_RAM2 = 0x20044000
                0x04000000                        __base_SRAMX = 0x4000000
                0x04000000                        __base_RAM3 = 0x4000000
                0x04008000                        __top_SRAMX = 0x4008000
                0x04008000                        __top_RAM3 = 0x4008000
                0x40100000                        __base_USB_RAM = 0x40100000
                0x40100000                        __base_RAM4 = 0x40100000
                0x40104000                        __top_USB_RAM = 0x40104000
                0x40104000                        __top_RAM4 = 0x40104000

.text           0x00000000     0x63d0
 FILL mask 0xff
                0x00000000                        __vectors_start__ = ABSOLUTE (.)
 *(SORT_BY_ALIGNMENT(.isr_vector))
 .isr_vector    0x00000000      0x130 ./startup/startup_lpc55s69_cm33_core0.o
                0x00000000                __Vectors
                0x00000000                g_pfnVectors
                0x00000130                        . = ALIGN (0x4)
                0x00000130                        __section_table_start = .
                0x00000130                        __data_section_table = .
                0x00000130        0x4 LONG 0x63d8 LOADADDR (.data)
                0x00000134        0x4 LONG 0x20000000 ADDR (.data)
                0x00000138        0x4 LONG 0x150 SIZEOF (.data)
                0x0000013c        0x4 LONG 0x63d8 LOADADDR (.data_RAM2)
                0x00000140        0x4 LONG 0x20040000 ADDR (.data_RAM2)
                0x00000144        0x4 LONG 0x0 SIZEOF (.data_RAM2)
                0x00000148        0x4 LONG 0x63d8 LOADADDR (.data_RAM3)
                0x0000014c        0x4 LONG 0x4000000 ADDR (.data_RAM3)
                0x00000150        0x4 LONG 0x0 SIZEOF (.data_RAM3)
                0x00000154        0x4 LONG 0x63d8 LOADADDR (.data_RAM4)
                0x00000158        0x4 LONG 0x40100000 ADDR (.data_RAM4)
                0x0000015c        0x4 LONG 0x0 SIZEOF (.data_RAM4)
                0x00000160                        __data_section_table_end = .
                0x00000160                        __bss_section_table = .
                0x00000160        0x4 LONG 0x20000150 ADDR (.bss)
                0x00000164        0x4 LONG 0x2bc SIZEOF (.bss)
                0x00000168        0x4 LONG 0x20040000 ADDR (.bss_RAM2)
                0x0000016c        0x4 LONG 0x0 SIZEOF (.bss_RAM2)
                0x00000170        0x4 LONG 0x4000000 ADDR (.bss_RAM3)
                0x00000174        0x4 LONG 0x0 SIZEOF (.bss_RAM3)
                0x00000178        0x4 LONG 0x40100000 ADDR (.bss_RAM4)
                0x0000017c        0x4 LONG 0x0 SIZEOF (.bss_RAM4)
                0x00000180                        __bss_section_table_end = .
                0x00000180                        __section_table_end = .
 *(SORT_BY_ALIGNMENT(.after_vectors*))
 .after_vectors.reset
                0x00000180       0x70 ./startup/startup_lpc55s69_cm33_core0.o
                0x00000180                ResetISR
 .after_vectors.init_data
                0x000001f0       0x1e ./startup/startup_lpc55s69_cm33_core0.o
                0x000001f0                data_init
 .after_vectors.init_bss
                0x0000020e       0x12 ./startup/startup_lpc55s69_cm33_core0.o
                0x0000020e                bss_init
 .after_vectors
                0x00000220       0x16 ./startup/startup_lpc55s69_cm33_core0.o
                0x00000220                NMI_Handler
                0x00000224                MemManage_Handler
                0x00000226                BusFault_Handler
                0x00000228                UsageFault_Handler
                0x0000022a                SecureFault_Handler
                0x0000022e                DebugMon_Handler
                0x00000234                Reserved39_DriverIRQHandler
                0x00000234                DMA0_DriverIRQHandler
                0x00000234                Reserved42_DriverIRQHandler
                0x00000234                SEC_VIO_DriverIRQHandler
                0x00000234                Reserved56_DriverIRQHandler
                0x00000234                CTIMER2_DriverIRQHandler
                0x00000234                IntDefaultHandler
                0x00000234                USB0_DriverIRQHandler
                0x00000234                CASER_DriverIRQHandler
                0x00000234                MRT0_DriverIRQHandler
                0x00000234                UTICK0_DriverIRQHandler
                0x00000234                Reserved41_DriverIRQHandler
                0x00000234                CTIMER4_DriverIRQHandler
                0x00000234                GINT1_DriverIRQHandler
                0x00000234                Reserved55_DriverIRQHandler
                0x00000234                HASHCRYPT_DriverIRQHandler
                0x00000234                USB0_NEEDCLK_DriverIRQHandler
                0x00000234                CTIMER0_DriverIRQHandler
                0x00000234                CTIMER1_DriverIRQHandler
                0x00000234                PQ_DriverIRQHandler
                0x00000234                MAILBOX_DriverIRQHandler
                0x00000234                CTIMER3_DriverIRQHandler
                0x00000234                Reserved61_DriverIRQHandler
                0x00000234                PUF_DriverIRQHandler
                0x00000234                RTC_DriverIRQHandler
                0x00000234                USB1_DriverIRQHandler
                0x00000234                Reserved60_DriverIRQHandler
                0x00000234                DMA1_DriverIRQHandler
                0x00000234                ADC0_DriverIRQHandler
                0x00000234                USB1_NEEDCLK_DriverIRQHandler
                0x00000234                Reserved59_DriverIRQHandler
                0x00000234                SDIO_DriverIRQHandler
                0x00000234                GINT0_DriverIRQHandler
                0x00000234                USB1_PHY_DriverIRQHandler
                0x00000234                ACMP_DriverIRQHandler
                0x00000234                Reserved57_DriverIRQHandler
                0x00000234                Reserved46_DriverIRQHandler
                0x00000234                WDT_BOD_DriverIRQHandler
                0x00000234                SCT0_DriverIRQHandler
                0x00000234                PLU_DriverIRQHandler
                0x00000234                OS_EVENT_DriverIRQHandler
                0x00000234                SEC_HYPERVISOR_CALL_DriverIRQHandler
 *(SORT_BY_ALIGNMENT(.text*))
 *fill*         0x00000236        0x2 ff
 .text.__NVIC_SetPriority
                0x00000238       0x54 ./startup/startup_lpc55s69_cm33_core0.o
 .text.PendSV_Handler
                0x0000028c       0x50 ./startup/svc.o
                0x0000028c                PendSV_Handler
 .text.tache1   0x000002dc       0x64 ./source/main.o
                0x000002dc                tache1
 .text.leds     0x00000340       0x64 ./source/main.o
 .text.serialTask
                0x000003a4      0x11c ./source/main.o
                0x000003a4                serialTask
 .text.main     0x000004c0       0x28 ./source/main.o
                0x000004c0                main
 .text.__NVIC_SetPriority
                0x000004e8       0x54 ./kernel/kernel.o
 .text.SysTick_Config
                0x0000053c       0x44 ./kernel/kernel.o
 .text.svc_dispatch
                0x00000580       0xf8 ./kernel/kernel.o
                0x00000580                svc_dispatch
 .text.sys_switch_ctx
                0x00000678       0x20 ./kernel/kernel.o
                0x00000678                sys_switch_ctx
 .text.sys_tick_cb
                0x00000698       0xc0 ./kernel/kernel.o
                0x00000698                sys_tick_cb
 .text.SysTick_Handler
                0x00000758       0x28 ./kernel/kernel.o
                0x00000758                SysTick_Handler
 .text.sys_os_start
                0x00000780       0x48 ./kernel/kernel.o
                0x00000780                sys_os_start
 .text.sys_task_new
                0x000007c8       0xec ./kernel/kernel.o
                0x000007c8                sys_task_new
 .text.sys_task_kill
                0x000008b4       0x50 ./kernel/kernel.o
                0x000008b4                sys_task_kill
 .text.sys_task_id
                0x00000904       0x28 ./kernel/kernel.o
                0x00000904                sys_task_id
 .text.sys_task_wait
                0x0000092c       0x64 ./kernel/kernel.o
                0x0000092c                sys_task_wait
 .text.sys_sem_p
                0x00000990       0x74 ./kernel/kernel.o
                0x00000990                sys_sem_p
 .text.sys_sem_v
                0x00000a04       0x74 ./kernel/kernel.o
                0x00000a04                sys_sem_v
 .text.POWER_EnablePD
                0x00000a78       0x20 ./drivers/fsl_clock.o
 .text.POWER_DisablePD
                0x00000a98       0x20 ./drivers/fsl_clock.o
 .text.CLOCK_AttachClk
                0x00000ab8       0x98 ./drivers/fsl_clock.o
                0x00000ab8                CLOCK_AttachClk
 .text.CLOCK_SetClkDiv
                0x00000b50       0x80 ./drivers/fsl_clock.o
                0x00000b50                CLOCK_SetClkDiv
 .text.CLOCK_SetupFROClocking
                0x00000bd0       0x80 ./drivers/fsl_clock.o
                0x00000bd0                CLOCK_SetupFROClocking
 .text.CLOCK_SetFLASHAccessCyclesForFreq
                0x00000c50      0x148 ./drivers/fsl_clock.o
                0x00000c50                CLOCK_SetFLASHAccessCyclesForFreq
 .text.CLOCK_SetupExtClocking
                0x00000d98       0x50 ./drivers/fsl_clock.o
                0x00000d98                CLOCK_SetupExtClocking
 .text.CLOCK_GetFro12MFreq
                0x00000de8       0x28 ./drivers/fsl_clock.o
                0x00000de8                CLOCK_GetFro12MFreq
 .text.CLOCK_GetFro1MFreq
                0x00000e10       0x28 ./drivers/fsl_clock.o
                0x00000e10                CLOCK_GetFro1MFreq
 .text.CLOCK_GetExtClkFreq
                0x00000e38       0x2c ./drivers/fsl_clock.o
                0x00000e38                CLOCK_GetExtClkFreq
 .text.CLOCK_GetFroHfFreq
                0x00000e64       0x28 ./drivers/fsl_clock.o
                0x00000e64                CLOCK_GetFroHfFreq
 .text.CLOCK_GetPll0OutFreq
                0x00000e8c       0x18 ./drivers/fsl_clock.o
                0x00000e8c                CLOCK_GetPll0OutFreq
 .text.CLOCK_GetPll1OutFreq
                0x00000ea4       0x18 ./drivers/fsl_clock.o
                0x00000ea4                CLOCK_GetPll1OutFreq
 .text.CLOCK_GetOsc32KFreq
                0x00000ebc       0x58 ./drivers/fsl_clock.o
                0x00000ebc                CLOCK_GetOsc32KFreq
 .text.CLOCK_GetCoreSysClkFreq
                0x00000f14       0xa8 ./drivers/fsl_clock.o
                0x00000f14                CLOCK_GetCoreSysClkFreq
 .text.CLOCK_GetI2SMClkFreq
                0x00000fbc       0x18 ./drivers/fsl_clock.o
                0x00000fbc                CLOCK_GetI2SMClkFreq
 .text.CLOCK_GetFlexCommInputClock
                0x00000fd4       0xcc ./drivers/fsl_clock.o
                0x00000fd4                CLOCK_GetFlexCommInputClock
 .text.CLOCK_GetPLL0InClockRate
                0x000010a0       0x64 ./drivers/fsl_clock.o
                0x000010a0                CLOCK_GetPLL0InClockRate
 .text.CLOCK_SetPLL0Freq
                0x00001104      0x12c ./drivers/fsl_clock.o
                0x00001104                CLOCK_SetPLL0Freq
 .text.SDK_DelayAtLeastUs
                0x00001230       0xac ./drivers/fsl_common.o
                0x00001230                SDK_DelayAtLeastUs
 .text.FLEXCOMM_GetInstance
                0x000012dc       0x5c ./drivers/fsl_flexcomm.o
                0x000012dc                FLEXCOMM_GetInstance
 .text.FLEXCOMM_Init
                0x00001338       0x50 ./drivers/fsl_flexcomm.o
                0x00001338                FLEXCOMM_Init
 .text.FLEXCOMM1_DriverIRQHandler
                0x00001388       0x44 ./drivers/fsl_flexcomm.o
                0x00001388                FLEXCOMM1_DriverIRQHandler
 .text.FLEXCOMM2_DriverIRQHandler
                0x000013cc       0x44 ./drivers/fsl_flexcomm.o
                0x000013cc                FLEXCOMM2_DriverIRQHandler
 .text.FLEXCOMM3_DriverIRQHandler
                0x00001410       0x44 ./drivers/fsl_flexcomm.o
                0x00001410                FLEXCOMM3_DriverIRQHandler
 .text.FLEXCOMM4_DriverIRQHandler
                0x00001454       0x44 ./drivers/fsl_flexcomm.o
                0x00001454                FLEXCOMM4_DriverIRQHandler
 .text.FLEXCOMM5_DriverIRQHandler
                0x00001498       0x44 ./drivers/fsl_flexcomm.o
                0x00001498                FLEXCOMM5_DriverIRQHandler
 .text.FLEXCOMM6_DriverIRQHandler
                0x000014dc       0x44 ./drivers/fsl_flexcomm.o
                0x000014dc                FLEXCOMM6_DriverIRQHandler
 .text.FLEXCOMM7_DriverIRQHandler
                0x00001520       0x44 ./drivers/fsl_flexcomm.o
                0x00001520                FLEXCOMM7_DriverIRQHandler
 .text.FLEXCOMM8_DriverIRQHandler
                0x00001564       0x48 ./drivers/fsl_flexcomm.o
                0x00001564                FLEXCOMM8_DriverIRQHandler
 .text.GPIO_EnablePortClock
                0x000015ac       0x44 ./drivers/fsl_gpio.o
 .text.GPIO_PortInit
                0x000015f0       0x2c ./drivers/fsl_gpio.o
                0x000015f0                GPIO_PortInit
 .text.__NVIC_EnableIRQ
                0x0000161c       0x3c ./drivers/fsl_pint.o
 .text.__NVIC_ClearPendingIRQ
                0x00001658       0x3c ./drivers/fsl_pint.o
 .text.PINT_Init
                0x00001694       0xe0 ./drivers/fsl_pint.o
                0x00001694                PINT_Init
 .text.PINT_PinInterruptConfig
                0x00001774       0xe0 ./drivers/fsl_pint.o
                0x00001774                PINT_PinInterruptConfig
 .text.PINT_EnableCallbackByIndex
                0x00001854       0x6c ./drivers/fsl_pint.o
                0x00001854                PINT_EnableCallbackByIndex
 .text.SEC_GPIO_INT0_IRQ0_DriverIRQHandler
                0x000018c0       0x48 ./drivers/fsl_pint.o
                0x000018c0                SEC_GPIO_INT0_IRQ0_DriverIRQHandler
 .text.SEC_GPIO_INT0_IRQ1_DriverIRQHandler
                0x00001908       0x44 ./drivers/fsl_pint.o
                0x00001908                SEC_GPIO_INT0_IRQ1_DriverIRQHandler
 .text.PIN_INT0_DriverIRQHandler
                0x0000194c       0x48 ./drivers/fsl_pint.o
                0x0000194c                PIN_INT0_DriverIRQHandler
 .text.PIN_INT1_DriverIRQHandler
                0x00001994       0x48 ./drivers/fsl_pint.o
                0x00001994                PIN_INT1_DriverIRQHandler
 .text.PIN_INT2_DriverIRQHandler
                0x000019dc       0x48 ./drivers/fsl_pint.o
                0x000019dc                PIN_INT2_DriverIRQHandler
 .text.PIN_INT3_DriverIRQHandler
                0x00001a24       0x48 ./drivers/fsl_pint.o
                0x00001a24                PIN_INT3_DriverIRQHandler
 .text.PIN_INT4_DriverIRQHandler
                0x00001a6c       0x48 ./drivers/fsl_pint.o
                0x00001a6c                PIN_INT4_DriverIRQHandler
 .text.PIN_INT5_DriverIRQHandler
                0x00001ab4       0x48 ./drivers/fsl_pint.o
                0x00001ab4                PIN_INT5_DriverIRQHandler
 .text.PIN_INT6_DriverIRQHandler
                0x00001afc       0x48 ./drivers/fsl_pint.o
                0x00001afc                PIN_INT6_DriverIRQHandler
 .text.PIN_INT7_DriverIRQHandler
                0x00001b44       0x48 ./drivers/fsl_pint.o
                0x00001b44                PIN_INT7_DriverIRQHandler
 .text.RESET_SetPeripheralReset
                0x00001b8c       0x6c ./drivers/fsl_reset.o
                0x00001b8c                RESET_SetPeripheralReset
 .text.RESET_ClearPeripheralReset
                0x00001bf8       0x6c ./drivers/fsl_reset.o
                0x00001bf8                RESET_ClearPeripheralReset
 .text.USART_Init
                0x00001c64      0x1d8 ./drivers/fsl_usart.o
                0x00001c64                USART_Init
 .text.USART_GetDefaultConfig
                0x00001e3c       0x90 ./drivers/fsl_usart.o
                0x00001e3c                USART_GetDefaultConfig
 .text.USART_SetBaudRate
                0x00001ecc      0x184 ./drivers/fsl_usart.o
                0x00001ecc                USART_SetBaudRate
 .text.SystemInit
                0x00002050       0x64 ./device/system_LPC55S69_cm33_core0.o
                0x00002050                SystemInit
 .text.__NVIC_EnableIRQ
                0x000020b4       0x3c ./device/target.o
 .text.__NVIC_SetPriority
                0x000020f0       0x54 ./device/target.o
 .text.dev_read_test
                0x00002144       0x84 ./device/target.o
 .text.leds     0x000021c8       0x64 ./device/target.o
 .text.dev_init_leds
                0x0000222c       0x64 ./device/target.o
 .text.on_swuser_cb
                0x00002290       0x24 ./device/target.o
 .text.dev_init_btn
                0x000022b4       0x74 ./device/target.o
 .text.FLEXCOMM0_IRQHandler
                0x00002328      0x134 ./device/target.o
                0x00002328                FLEXCOMM0_IRQHandler
 .text.dev_init_ser
                0x0000245c       0x38 ./device/target.o
 .text.dev_read_ser
                0x00002494       0x8c ./device/target.o
 .text.dev_write_ser
                0x00002520       0x9c ./device/target.o
 .text.dev_init
                0x000025bc       0x74 ./device/target.o
                0x000025bc                dev_init
 .text.dirname  0x00002630       0x60 ./device/vfs.o
                0x00002630                dirname
 .text.dev_lookup
                0x00002690       0x7c ./device/vfs.o
 .text.open     0x0000270c      0x128 ./device/vfs.o
                0x0000270c                open
 .text.close    0x00002834       0x48 ./device/vfs.o
                0x00002834                close
 .text.read     0x0000287c       0x34 ./device/vfs.o
                0x0000287c                read
 .text.write    0x000028b0       0x34 ./device/vfs.o
                0x000028b0                write
 .text.BOARD_InitDebugConsole
                0x000028e4       0x38 ./board/board.o
                0x000028e4                BOARD_InitDebugConsole
 .text.POWER_DisablePD
                0x0000291c       0x20 ./board/clock_config.o
 .text.BOARD_BootClockPLL100M
                0x0000293c       0xec ./board/clock_config.o
                0x0000293c                BOARD_BootClockPLL100M
 .text.BOARD_InitPins
                0x00002a28       0xd4 ./board/pin_mux.o
                0x00002a28                BOARD_InitPins
 .text.lowpower_set_system_voltage
                0x00002afc       0xa0 /home/douae/ENIB/SEN/OS/LPC55S69_OS.src/LPC55S69/mcuxpresso/libpower_hardabi.a(fsl_power_lib.o)
 .text.lowpower_set_voltage_for_process
                0x00002b9c       0x84 /home/douae/ENIB/SEN/OS/LPC55S69_OS.src/LPC55S69/mcuxpresso/libpower_hardabi.a(fsl_power_lib.o)
 .text.POWER_SetVoltageForFreq
                0x00002c20       0x84 /home/douae/ENIB/SEN/OS/LPC55S69_OS.src/LPC55S69/mcuxpresso/libpower_hardabi.a(fsl_power_lib.o)
                0x00002c20                POWER_SetVoltageForFreq
 .text          0x00002ca4       0x30 /usr/local/mcuxpressoide-11.10.0_3148/ide/plugins/com.nxp.mcuxpresso.tools.linux_11.10.0.202311280810/tools/bin/../lib/gcc/arm-none-eabi/13.2.1/thumb/v8-m.main+fp/hard/libgcc.a(_aeabi_uldivmod.o)
                0x00002ca4                __aeabi_uldivmod
 .text.__udivmoddi4
                0x00002cd4      0x300 /usr/local/mcuxpressoide-11.10.0_3148/ide/plugins/com.nxp.mcuxpresso.tools.linux_11.10.0.202311280810/tools/bin/../lib/gcc/arm-none-eabi/13.2.1/thumb/v8-m.main+fp/hard/libgcc.a(_udivmoddi4.o)
                0x00002cd4                __udivmoddi4
 .text          0x00002fd4        0x4 /usr/local/mcuxpressoide-11.10.0_3148/ide/plugins/com.nxp.mcuxpresso.tools.linux_11.10.0.202311280810/tools/bin/../lib/gcc/arm-none-eabi/13.2.1/thumb/v8-m.main+fp/hard/libgcc.a(_dvmd_tls.o)
                0x00002fd4                __aeabi_ldiv0
                0x00002fd4                __aeabi_idiv0
 .text._perror_r
                0x00002fd8      0x10c /usr/local/mcuxpressoide-11.10.0_3148/ide/plugins/com.nxp.mcuxpresso.tools.linux_11.10.0.202311280810/tools/bin/../lib/gcc/arm-none-eabi/13.2.1/../../../../arm-none-eabi/lib/thumb/v8-m.main+fp/hard/libc_nano.a(libc_a-perror.o)
                0x00002fd8                _perror_r
 .text.perror   0x000030e4       0x10 /usr/local/mcuxpressoide-11.10.0_3148/ide/plugins/com.nxp.mcuxpresso.tools.linux_11.10.0.202311280810/tools/bin/../lib/gcc/arm-none-eabi/13.2.1/../../../../arm-none-eabi/lib/thumb/v8-m.main+fp/hard/libc_nano.a(libc_a-perror.o)
                0x000030e4                perror
 .text._vfprintf_r
                0x000030f4      0x230 /usr/local/mcuxpressoide-11.10.0_3148/ide/plugins/com.nxp.mcuxpresso.tools.linux_11.10.0.202311280810/tools/bin/../lib/gcc/arm-none-eabi/13.2.1/../../../../arm-none-eabi/lib/thumb/v8-m.main+fp/hard/libc_nano.a(libc_a-nano-vfprintf.o)
                0x000030f4                _vfiprintf_r
                0x000030f4                _vfprintf_r
 .text.__swsetup_r
                0x00003324       0xac /usr/local/mcuxpressoide-11.10.0_3148/ide/plugins/com.nxp.mcuxpresso.tools.linux_11.10.0.202311280810/tools/bin/../lib/gcc/arm-none-eabi/13.2.1/../../../../arm-none-eabi/lib/thumb/v8-m.main+fp/hard/libc_nano.a(libc_a-wsetup.o)
                0x00003324                __swsetup_r
 .text._strerror_r
                0x000033d0      0x3cc /usr/local/mcuxpressoide-11.10.0_3148/ide/plugins/com.nxp.mcuxpresso.tools.linux_11.10.0.202311280810/tools/bin/../lib/gcc/arm-none-eabi/13.2.1/../../../../arm-none-eabi/lib/thumb/v8-m.main+fp/hard/libc_nano.a(libc_a-strerror.o)
                0x000033d0                _strerror_r
 .text._printf_i
                0x0000379c      0x23c /usr/local/mcuxpressoide-11.10.0_3148/ide/plugins/com.nxp.mcuxpresso.tools.linux_11.10.0.202311280810/tools/bin/../lib/gcc/arm-none-eabi/13.2.1/../../../../arm-none-eabi/lib/thumb/v8-m.main+fp/hard/libc_nano.a(libc_a-nano-vfprintf_i.o)
                0x0000379c                _printf_i
 .text.__sflush_r
                0x000039d8      0x108 /usr/local/mcuxpressoide-11.10.0_3148/ide/plugins/com.nxp.mcuxpresso.tools.linux_11.10.0.202311280810/tools/bin/../lib/gcc/arm-none-eabi/13.2.1/../../../../arm-none-eabi/lib/thumb/v8-m.main+fp/hard/libc_nano.a(libc_a-fflush.o)
                0x000039d8                __sflush_r
 .text.malloc   0x00003ae0       0x10 /usr/local/mcuxpressoide-11.10.0_3148/ide/plugins/com.nxp.mcuxpresso.tools.linux_11.10.0.202311280810/tools/bin/../lib/gcc/arm-none-eabi/13.2.1/../../../../arm-none-eabi/lib/thumb/v8-m.main+fp/hard/libc_nano.a(libc_a-malloc.o)
                0x00003ae0                malloc
 .text.free     0x00003af0       0x10 /usr/local/mcuxpressoide-11.10.0_3148/ide/plugins/com.nxp.mcuxpresso.tools.linux_11.10.0.202311280810/tools/bin/../lib/gcc/arm-none-eabi/13.2.1/../../../../arm-none-eabi/lib/thumb/v8-m.main+fp/hard/libc_nano.a(libc_a-malloc.o)
                0x00003af0                free
 .text.sbrk_aligned
                0x00003b00       0x44 /usr/local/mcuxpressoide-11.10.0_3148/ide/plugins/com.nxp.mcuxpresso.tools.linux_11.10.0.202311280810/tools/bin/../lib/gcc/arm-none-eabi/13.2.1/../../../../arm-none-eabi/lib/thumb/v8-m.main+fp/hard/libc_nano.a(libc_a-mallocr.o)
 .text._malloc_r
                0x00003b44      0x100 /usr/local/mcuxpressoide-11.10.0_3148/ide/plugins/com.nxp.mcuxpresso.tools.linux_11.10.0.202311280810/tools/bin/../lib/gcc/arm-none-eabi/13.2.1/../../../../arm-none-eabi/lib/thumb/v8-m.main+fp/hard/libc_nano.a(libc_a-mallocr.o)
                0x00003b44                _malloc_r
 .text.__assert_func
                0x00003c44       0x3c /usr/local/mcuxpressoide-11.10.0_3148/ide/plugins/com.nxp.mcuxpresso.tools.linux_11.10.0.202311280810/tools/bin/../lib/gcc/arm-none-eabi/13.2.1/../../../../arm-none-eabi/lib/thumb/v8-m.main+fp/hard/libc_nano.a(libc_a-assert.o)
                0x00003c44                __assert_func
 .text.fileno   0x00003c80       0x54 /usr/local/mcuxpressoide-11.10.0_3148/ide/plugins/com.nxp.mcuxpresso.tools.linux_11.10.0.202311280810/tools/bin/../lib/gcc/arm-none-eabi/13.2.1/../../../../arm-none-eabi/lib/thumb/v8-m.main+fp/hard/libc_nano.a(libc_a-fileno.o)
                0x00003c80                fileno
 .text.std      0x00003cd4       0x6c /usr/local/mcuxpressoide-11.10.0_3148/ide/plugins/com.nxp.mcuxpresso.tools.linux_11.10.0.202311280810/tools/bin/../lib/gcc/arm-none-eabi/13.2.1/../../../../arm-none-eabi/lib/thumb/v8-m.main+fp/hard/libc_nano.a(libc_a-findfp.o)
 .text.stdio_exit_handler
                0x00003d40       0x18 /usr/local/mcuxpressoide-11.10.0_3148/ide/plugins/com.nxp.mcuxpresso.tools.linux_11.10.0.202311280810/tools/bin/../lib/gcc/arm-none-eabi/13.2.1/../../../../arm-none-eabi/lib/thumb/v8-m.main+fp/hard/libc_nano.a(libc_a-findfp.o)
 .text.cleanup_stdio
                0x00003d58       0x40 /usr/local/mcuxpressoide-11.10.0_3148/ide/plugins/com.nxp.mcuxpresso.tools.linux_11.10.0.202311280810/tools/bin/../lib/gcc/arm-none-eabi/13.2.1/../../../../arm-none-eabi/lib/thumb/v8-m.main+fp/hard/libc_nano.a(libc_a-findfp.o)
 .text.global_stdio_init.part.0
                0x00003d98       0x3c /usr/local/mcuxpressoide-11.10.0_3148/ide/plugins/com.nxp.mcuxpresso.tools.linux_11.10.0.202311280810/tools/bin/../lib/gcc/arm-none-eabi/13.2.1/../../../../arm-none-eabi/lib/thumb/v8-m.main+fp/hard/libc_nano.a(libc_a-findfp.o)
 .text.__sfp_lock_acquire
                0x00003dd4        0xc /usr/local/mcuxpressoide-11.10.0_3148/ide/plugins/com.nxp.mcuxpresso.tools.linux_11.10.0.202311280810/tools/bin/../lib/gcc/arm-none-eabi/13.2.1/../../../../arm-none-eabi/lib/thumb/v8-m.main+fp/hard/libc_nano.a(libc_a-findfp.o)
                0x00003dd4                __sfp_lock_acquire
 .text.__sfp_lock_release
                0x00003de0        0xc /usr/local/mcuxpressoide-11.10.0_3148/ide/plugins/com.nxp.mcuxpresso.tools.linux_11.10.0.202311280810/tools/bin/../lib/gcc/arm-none-eabi/13.2.1/../../../../arm-none-eabi/lib/thumb/v8-m.main+fp/hard/libc_nano.a(libc_a-findfp.o)
                0x00003de0                __sfp_lock_release
 .text.__sinit  0x00003dec       0x30 /usr/local/mcuxpressoide-11.10.0_3148/ide/plugins/com.nxp.mcuxpresso.tools.linux_11.10.0.202311280810/tools/bin/../lib/gcc/arm-none-eabi/13.2.1/../../../../arm-none-eabi/lib/thumb/v8-m.main+fp/hard/libc_nano.a(libc_a-findfp.o)
                0x00003dec                __sinit
 .text.fprintf  0x00003e1c       0x24 /usr/local/mcuxpressoide-11.10.0_3148/ide/plugins/com.nxp.mcuxpresso.tools.linux_11.10.0.202311280810/tools/bin/../lib/gcc/arm-none-eabi/13.2.1/../../../../arm-none-eabi/lib/thumb/v8-m.main+fp/hard/libc_nano.a(libc_a-fprintf.o)
                0x00003e1c                fprintf
                0x00003e1c                fiprintf
 .text.__malloc_lock
                0x00003e40        0xc /usr/local/mcuxpressoide-11.10.0_3148/ide/plugins/com.nxp.mcuxpresso.tools.linux_11.10.0.202311280810/tools/bin/../lib/gcc/arm-none-eabi/13.2.1/../../../../arm-none-eabi/lib/thumb/v8-m.main+fp/hard/libc_nano.a(libc_a-mlock.o)
                0x00003e40                __malloc_lock
 .text.__malloc_unlock
                0x00003e4c        0xc /usr/local/mcuxpressoide-11.10.0_3148/ide/plugins/com.nxp.mcuxpresso.tools.linux_11.10.0.202311280810/tools/bin/../lib/gcc/arm-none-eabi/13.2.1/../../../../arm-none-eabi/lib/thumb/v8-m.main+fp/hard/libc_nano.a(libc_a-mlock.o)
                0x00003e4c                __malloc_unlock
 .text._read_r  0x00003e58       0x24 /usr/local/mcuxpressoide-11.10.0_3148/ide/plugins/com.nxp.mcuxpresso.tools.linux_11.10.0.202311280810/tools/bin/../lib/gcc/arm-none-eabi/13.2.1/../../../../arm-none-eabi/lib/thumb/v8-m.main+fp/hard/libc_nano.a(libc_a-readr.o)
                0x00003e58                _read_r
 .text._sbrk_r  0x00003e7c       0x20 /usr/local/mcuxpressoide-11.10.0_3148/ide/plugins/com.nxp.mcuxpresso.tools.linux_11.10.0.202311280810/tools/bin/../lib/gcc/arm-none-eabi/13.2.1/../../../../arm-none-eabi/lib/thumb/v8-m.main+fp/hard/libc_nano.a(libc_a-sbrkr.o)
                0x00003e7c                _sbrk_r
 .text._write_r
                0x00003e9c       0x24 /usr/local/mcuxpressoide-11.10.0_3148/ide/plugins/com.nxp.mcuxpresso.tools.linux_11.10.0.202311280810/tools/bin/../lib/gcc/arm-none-eabi/13.2.1/../../../../arm-none-eabi/lib/thumb/v8-m.main+fp/hard/libc_nano.a(libc_a-writer.o)
                0x00003e9c                _write_r
 .text.__errno  0x00003ec0        0xc /usr/local/mcuxpressoide-11.10.0_3148/ide/plugins/com.nxp.mcuxpresso.tools.linux_11.10.0.202311280810/tools/bin/../lib/gcc/arm-none-eabi/13.2.1/../../../../arm-none-eabi/lib/thumb/v8-m.main+fp/hard/libc_nano.a(libc_a-errno.o)
                0x00003ec0                __errno
 .text._free_r  0x00003ecc       0x94 /usr/local/mcuxpressoide-11.10.0_3148/ide/plugins/com.nxp.mcuxpresso.tools.linux_11.10.0.202311280810/tools/bin/../lib/gcc/arm-none-eabi/13.2.1/../../../../arm-none-eabi/lib/thumb/v8-m.main+fp/hard/libc_nano.a(libc_a-freer.o)
                0x00003ecc                _free_r
 .text._close_r
                0x00003f60       0x20 /usr/local/mcuxpressoide-11.10.0_3148/ide/plugins/com.nxp.mcuxpresso.tools.linux_11.10.0.202311280810/tools/bin/../lib/gcc/arm-none-eabi/13.2.1/../../../../arm-none-eabi/lib/thumb/v8-m.main+fp/hard/libc_nano.a(libc_a-closer.o)
                0x00003f60                _close_r
 .text._fstat_r
                0x00003f80       0x24 /usr/local/mcuxpressoide-11.10.0_3148/ide/plugins/com.nxp.mcuxpresso.tools.linux_11.10.0.202311280810/tools/bin/../lib/gcc/arm-none-eabi/13.2.1/../../../../arm-none-eabi/lib/thumb/v8-m.main+fp/hard/libc_nano.a(libc_a-fstatr.o)
                0x00003f80                _fstat_r
 .text._isatty_r
                0x00003fa4       0x20 /usr/local/mcuxpressoide-11.10.0_3148/ide/plugins/com.nxp.mcuxpresso.tools.linux_11.10.0.202311280810/tools/bin/../lib/gcc/arm-none-eabi/13.2.1/../../../../arm-none-eabi/lib/thumb/v8-m.main+fp/hard/libc_nano.a(libc_a-isattyr.o)
                0x00003fa4                _isatty_r
 .text._lseek_r
                0x00003fc4       0x24 /usr/local/mcuxpressoide-11.10.0_3148/ide/plugins/com.nxp.mcuxpresso.tools.linux_11.10.0.202311280810/tools/bin/../lib/gcc/arm-none-eabi/13.2.1/../../../../arm-none-eabi/lib/thumb/v8-m.main+fp/hard/libc_nano.a(libc_a-lseekr.o)
                0x00003fc4                _lseek_r
 .text.raise    0x00003fe8       0x10 /usr/local/mcuxpressoide-11.10.0_3148/ide/plugins/com.nxp.mcuxpresso.tools.linux_11.10.0.202311280810/tools/bin/../lib/gcc/arm-none-eabi/13.2.1/../../../../arm-none-eabi/lib/thumb/v8-m.main+fp/hard/libc_nano.a(libc_a-signal.o)
                0x00003fe8                raise
 .text._kill_r  0x00003ff8       0x24 /usr/local/mcuxpressoide-11.10.0_3148/ide/plugins/com.nxp.mcuxpresso.tools.linux_11.10.0.202311280810/tools/bin/../lib/gcc/arm-none-eabi/13.2.1/../../../../arm-none-eabi/lib/thumb/v8-m.main+fp/hard/libc_nano.a(libc_a-signalr.o)
                0x00003ff8                _kill_r
 .text._sbrk    0x0000401c       0x3c /usr/local/mcuxpressoide-11.10.0_3148/ide/plugins/com.nxp.mcuxpresso.tools.linux_11.10.0.202311280810/tools/bin/../lib/gcc/arm-none-eabi/13.2.1/../../../../arm-none-eabi/lib/thumb/v8-m.main+fp/hard/libcr_newlib_semihost.a(_cr_sbrk.o)
                0x0000401c                _sbrk
 .text._kill    0x00004058       0x20 /usr/local/mcuxpressoide-11.10.0_3148/ide/plugins/com.nxp.mcuxpresso.tools.linux_11.10.0.202311280810/tools/bin/../lib/gcc/arm-none-eabi/13.2.1/../../../../arm-none-eabi/lib/thumb/v8-m.main+fp/hard/libcr_newlib_semihost.a(_kill.o)
                0x00004058                _kill
 .text.initialise_monitor_handles.part.0
                0x00004078       0xa4 /usr/local/mcuxpressoide-11.10.0_3148/ide/plugins/com.nxp.mcuxpresso.tools.linux_11.10.0.202311280810/tools/bin/../lib/gcc/arm-none-eabi/13.2.1/../../../../arm-none-eabi/lib/thumb/v8-m.main+fp/hard/libcr_newlib_semihost.a(syscalls.o)
 .text.findslot
                0x0000411c       0x30 /usr/local/mcuxpressoide-11.10.0_3148/ide/plugins/com.nxp.mcuxpresso.tools.linux_11.10.0.202311280810/tools/bin/../lib/gcc/arm-none-eabi/13.2.1/../../../../arm-none-eabi/lib/thumb/v8-m.main+fp/hard/libcr_newlib_semihost.a(syscalls.o)
 .text._close   0x0000414c       0x4c /usr/local/mcuxpressoide-11.10.0_3148/ide/plugins/com.nxp.mcuxpresso.tools.linux_11.10.0.202311280810/tools/bin/../lib/gcc/arm-none-eabi/13.2.1/../../../../arm-none-eabi/lib/thumb/v8-m.main+fp/hard/libcr_newlib_semihost.a(syscalls.o)
                0x0000414c                _close
 .text.__check_heap_overflow
                0x00004198       0x18 /usr/local/mcuxpressoide-11.10.0_3148/ide/plugins/com.nxp.mcuxpresso.tools.linux_11.10.0.202311280810/tools/bin/../lib/gcc/arm-none-eabi/13.2.1/../../../../arm-none-eabi/lib/thumb/v8-m.main+fp/hard/libcr_newlib_semihost.a(_cr_check_heap.o)
                0x00004198                __check_heap_overflow
 .text.WDT_BOD_IRQHandler
                0x000041b0        0x8 ./startup/startup_lpc55s69_cm33_core0.o
                0x000041b0                WDT_BOD_IRQHandler
 .text.DMA0_IRQHandler
                0x000041b8        0x8 ./startup/startup_lpc55s69_cm33_core0.o
                0x000041b8                DMA0_IRQHandler
 .text.GINT0_IRQHandler
                0x000041c0        0x8 ./startup/startup_lpc55s69_cm33_core0.o
                0x000041c0                GINT0_IRQHandler
 .text.GINT1_IRQHandler
                0x000041c8        0x8 ./startup/startup_lpc55s69_cm33_core0.o
                0x000041c8                GINT1_IRQHandler
 .text.PIN_INT0_IRQHandler
                0x000041d0        0x8 ./startup/startup_lpc55s69_cm33_core0.o
                0x000041d0                PIN_INT0_IRQHandler
 .text.PIN_INT1_IRQHandler
                0x000041d8        0x8 ./startup/startup_lpc55s69_cm33_core0.o
                0x000041d8                PIN_INT1_IRQHandler
 .text.PIN_INT2_IRQHandler
                0x000041e0        0x8 ./startup/startup_lpc55s69_cm33_core0.o
                0x000041e0                PIN_INT2_IRQHandler
 .text.PIN_INT3_IRQHandler
                0x000041e8        0x8 ./startup/startup_lpc55s69_cm33_core0.o
                0x000041e8                PIN_INT3_IRQHandler
 .text.UTICK0_IRQHandler
                0x000041f0        0x8 ./startup/startup_lpc55s69_cm33_core0.o
                0x000041f0                UTICK0_IRQHandler
 .text.MRT0_IRQHandler
                0x000041f8        0x8 ./startup/startup_lpc55s69_cm33_core0.o
                0x000041f8                MRT0_IRQHandler
 .text.CTIMER0_IRQHandler
                0x00004200        0x8 ./startup/startup_lpc55s69_cm33_core0.o
                0x00004200                CTIMER0_IRQHandler
 .text.CTIMER1_IRQHandler
                0x00004208        0x8 ./startup/startup_lpc55s69_cm33_core0.o
                0x00004208                CTIMER1_IRQHandler
 .text.SCT0_IRQHandler
                0x00004210        0x8 ./startup/startup_lpc55s69_cm33_core0.o
                0x00004210                SCT0_IRQHandler
 .text.CTIMER3_IRQHandler
                0x00004218        0x8 ./startup/startup_lpc55s69_cm33_core0.o
                0x00004218                CTIMER3_IRQHandler
 .text.FLEXCOMM1_IRQHandler
                0x00004220        0x8 ./startup/startup_lpc55s69_cm33_core0.o
                0x00004220                FLEXCOMM1_IRQHandler
 .text.FLEXCOMM2_IRQHandler
                0x00004228        0x8 ./startup/startup_lpc55s69_cm33_core0.o
                0x00004228                FLEXCOMM2_IRQHandler
 .text.FLEXCOMM3_IRQHandler
                0x00004230        0x8 ./startup/startup_lpc55s69_cm33_core0.o
                0x00004230                FLEXCOMM3_IRQHandler
 .text.FLEXCOMM4_IRQHandler
                0x00004238        0x8 ./startup/startup_lpc55s69_cm33_core0.o
                0x00004238                FLEXCOMM4_IRQHandler
 .text.FLEXCOMM5_IRQHandler
                0x00004240        0x8 ./startup/startup_lpc55s69_cm33_core0.o
                0x00004240                FLEXCOMM5_IRQHandler
 .text.FLEXCOMM6_IRQHandler
                0x00004248        0x8 ./startup/startup_lpc55s69_cm33_core0.o
                0x00004248                FLEXCOMM6_IRQHandler
 .text.FLEXCOMM7_IRQHandler
                0x00004250        0x8 ./startup/startup_lpc55s69_cm33_core0.o
                0x00004250                FLEXCOMM7_IRQHandler
 .text.ADC0_IRQHandler
                0x00004258        0x8 ./startup/startup_lpc55s69_cm33_core0.o
                0x00004258                ADC0_IRQHandler
 .text.Reserved39_IRQHandler
                0x00004260        0x8 ./startup/startup_lpc55s69_cm33_core0.o
                0x00004260                Reserved39_IRQHandler
 .text.ACMP_IRQHandler
                0x00004268        0x8 ./startup/startup_lpc55s69_cm33_core0.o
                0x00004268                ACMP_IRQHandler
 .text.Reserved41_IRQHandler
                0x00004270        0x8 ./startup/startup_lpc55s69_cm33_core0.o
                0x00004270                Reserved41_IRQHandler
 .text.Reserved42_IRQHandler
                0x00004278        0x8 ./startup/startup_lpc55s69_cm33_core0.o
                0x00004278                Reserved42_IRQHandler
 .text.USB0_NEEDCLK_IRQHandler
                0x00004280        0x8 ./startup/startup_lpc55s69_cm33_core0.o
                0x00004280                USB0_NEEDCLK_IRQHandler
 .text.USB0_IRQHandler
                0x00004288        0x8 ./startup/startup_lpc55s69_cm33_core0.o
                0x00004288                USB0_IRQHandler
 .text.RTC_IRQHandler
                0x00004290        0x8 ./startup/startup_lpc55s69_cm33_core0.o
                0x00004290                RTC_IRQHandler
 .text.Reserved46_IRQHandler
                0x00004298        0x8 ./startup/startup_lpc55s69_cm33_core0.o
                0x00004298                Reserved46_IRQHandler
 .text.MAILBOX_IRQHandler
                0x000042a0        0x8 ./startup/startup_lpc55s69_cm33_core0.o
                0x000042a0                MAILBOX_IRQHandler
 .text.PIN_INT4_IRQHandler
                0x000042a8        0x8 ./startup/startup_lpc55s69_cm33_core0.o
                0x000042a8                PIN_INT4_IRQHandler
 .text.PIN_INT5_IRQHandler
                0x000042b0        0x8 ./startup/startup_lpc55s69_cm33_core0.o
                0x000042b0                PIN_INT5_IRQHandler
 .text.PIN_INT6_IRQHandler
                0x000042b8        0x8 ./startup/startup_lpc55s69_cm33_core0.o
                0x000042b8                PIN_INT6_IRQHandler
 .text.PIN_INT7_IRQHandler
                0x000042c0        0x8 ./startup/startup_lpc55s69_cm33_core0.o
                0x000042c0                PIN_INT7_IRQHandler
 .text.CTIMER2_IRQHandler
                0x000042c8        0x8 ./startup/startup_lpc55s69_cm33_core0.o
                0x000042c8                CTIMER2_IRQHandler
 .text.CTIMER4_IRQHandler
                0x000042d0        0x8 ./startup/startup_lpc55s69_cm33_core0.o
                0x000042d0                CTIMER4_IRQHandler
 .text.OS_EVENT_IRQHandler
                0x000042d8        0x8 ./startup/startup_lpc55s69_cm33_core0.o
                0x000042d8                OS_EVENT_IRQHandler
 .text.Reserved55_IRQHandler
                0x000042e0        0x8 ./startup/startup_lpc55s69_cm33_core0.o
                0x000042e0                Reserved55_IRQHandler
 .text.Reserved56_IRQHandler
                0x000042e8        0x8 ./startup/startup_lpc55s69_cm33_core0.o
                0x000042e8                Reserved56_IRQHandler
 .text.Reserved57_IRQHandler
                0x000042f0        0x8 ./startup/startup_lpc55s69_cm33_core0.o
                0x000042f0                Reserved57_IRQHandler
 .text.SDIO_IRQHandler
                0x000042f8        0x8 ./startup/startup_lpc55s69_cm33_core0.o
                0x000042f8                SDIO_IRQHandler
 .text.Reserved59_IRQHandler
                0x00004300        0x8 ./startup/startup_lpc55s69_cm33_core0.o
                0x00004300                Reserved59_IRQHandler
 .text.Reserved60_IRQHandler
                0x00004308        0x8 ./startup/startup_lpc55s69_cm33_core0.o
                0x00004308                Reserved60_IRQHandler
 .text.Reserved61_IRQHandler
                0x00004310        0x8 ./startup/startup_lpc55s69_cm33_core0.o
                0x00004310                Reserved61_IRQHandler
 .text.USB1_PHY_IRQHandler
                0x00004318        0x8 ./startup/startup_lpc55s69_cm33_core0.o
                0x00004318                USB1_PHY_IRQHandler
 .text.USB1_IRQHandler
                0x00004320        0x8 ./startup/startup_lpc55s69_cm33_core0.o
                0x00004320                USB1_IRQHandler
 .text.USB1_NEEDCLK_IRQHandler
                0x00004328        0x8 ./startup/startup_lpc55s69_cm33_core0.o
                0x00004328                USB1_NEEDCLK_IRQHandler
 .text.SEC_HYPERVISOR_CALL_IRQHandler
                0x00004330        0x8 ./startup/startup_lpc55s69_cm33_core0.o
                0x00004330                SEC_HYPERVISOR_CALL_IRQHandler
 .text.SEC_GPIO_INT0_IRQ0_IRQHandler
                0x00004338        0x8 ./startup/startup_lpc55s69_cm33_core0.o
                0x00004338                SEC_GPIO_INT0_IRQ0_IRQHandler
 .text.SEC_GPIO_INT0_IRQ1_IRQHandler
                0x00004340        0x8 ./startup/startup_lpc55s69_cm33_core0.o
                0x00004340                SEC_GPIO_INT0_IRQ1_IRQHandler
 .text.PLU_IRQHandler
                0x00004348        0x8 ./startup/startup_lpc55s69_cm33_core0.o
                0x00004348                PLU_IRQHandler
 .text.SEC_VIO_IRQHandler
                0x00004350        0x8 ./startup/startup_lpc55s69_cm33_core0.o
                0x00004350                SEC_VIO_IRQHandler
 .text.HASHCRYPT_IRQHandler
                0x00004358        0x8 ./startup/startup_lpc55s69_cm33_core0.o
                0x00004358                HASHCRYPT_IRQHandler
 .text.CASER_IRQHandler
                0x00004360        0x8 ./startup/startup_lpc55s69_cm33_core0.o
                0x00004360                CASER_IRQHandler
 .text.PUF_IRQHandler
                0x00004368        0x8 ./startup/startup_lpc55s69_cm33_core0.o
                0x00004368                PUF_IRQHandler
 .text.PQ_IRQHandler
                0x00004370        0x8 ./startup/startup_lpc55s69_cm33_core0.o
                0x00004370                PQ_IRQHandler
 .text.DMA1_IRQHandler
                0x00004378        0x8 ./startup/startup_lpc55s69_cm33_core0.o
                0x00004378                DMA1_IRQHandler
 .text.FLEXCOMM8_IRQHandler
                0x00004380        0x8 ./startup/startup_lpc55s69_cm33_core0.o
                0x00004380                FLEXCOMM8_IRQHandler
 .text.SVC_Handler
                0x00004388       0x24 ./startup/svc.o
                0x00004388                SVC_Handler
 .text.GPIO_PinWrite
                0x000043ac       0x2a ./source/main.o
 .text.idle     0x000043d6        0x8 ./source/main.o
                0x000043d6                idle
 .text.os_alloc
                0x000043de       0x1e ./source/oslib.o
                0x000043de                os_alloc
 .text.os_free  0x000043fc       0x16 ./source/oslib.o
                0x000043fc                os_free
 .text.os_start
                0x00004412       0x10 ./source/oslib.o
                0x00004412                os_start
 .text.task_new
                0x00004422       0x22 ./source/oslib.o
                0x00004422                task_new
 .text.task_kill
                0x00004444       0x10 ./source/oslib.o
                0x00004444                task_kill
 .text.task_wait
                0x00004454       0x1a ./source/oslib.o
                0x00004454                task_wait
 .text.sem_new  0x0000446e       0x1c ./source/oslib.o
                0x0000446e                sem_new
 .text.sem_p    0x0000448a       0x16 ./source/oslib.o
                0x0000448a                sem_p
 .text.sem_v    0x000044a0       0x16 ./source/oslib.o
                0x000044a0                sem_v
 .text.HardFault_Handler
                0x000044b6       0x2c ./source/semihost_hardfault.o
                0x000044b6                HardFault_Handler
 .text.sys_add  0x000044e2       0x1c ./kernel/kernel.o
                0x000044e2                sys_add
 .text.sys_sem_new
                0x000044fe       0x34 ./kernel/kernel.o
                0x000044fe                sys_sem_new
 .text.list_insert_head
                0x00004532       0x48 ./kernel/list.o
                0x00004532                list_insert_head
 .text.list_remove_head
                0x0000457a       0x58 ./kernel/list.o
                0x0000457a                list_remove_head
 .text.list_insert_tail
                0x000045d2       0x4a ./kernel/list.o
                0x000045d2                list_insert_tail
 .text.list_size
                0x0000461c       0x40 ./kernel/list.o
                0x0000461c                list_size
 .text.CLOCK_IsPLL0Locked
                0x0000465c       0x24 ./drivers/fsl_clock.o
 .text.CLOCK_GetFlexCommClkFreq
                0x00004680       0x4c ./drivers/fsl_clock.o
                0x00004680                CLOCK_GetFlexCommClkFreq
 .text.findPll0PreDiv
                0x000046cc       0x3e ./drivers/fsl_clock.o
 .text.DelayLoop
                0x0000470a       0x20 ./drivers/fsl_common.o
 .text.CLOCK_EnableClock
                0x0000472a       0x30 ./drivers/fsl_flexcomm.o
 .text.FLEXCOMM_PeripheralIsPresent
                0x0000475a       0x64 ./drivers/fsl_flexcomm.o
 .text.FLEXCOMM_SetPeriph
                0x000047be       0x74 ./drivers/fsl_flexcomm.o
 .text.CLOCK_EnableClock
                0x00004832       0x30 ./drivers/fsl_gpio.o
 .text.GPIO_PinInit
                0x00004862       0xa4 ./drivers/fsl_gpio.o
                0x00004862                GPIO_PinInit
 .text.CLOCK_EnableClock
                0x00004906       0x30 ./drivers/fsl_inputmux.o
 .text.CLOCK_DisableClock
                0x00004936       0x30 ./drivers/fsl_inputmux.o
 .text.INPUTMUX_Init
                0x00004966       0x16 ./drivers/fsl_inputmux.o
                0x00004966                INPUTMUX_Init
 .text.INPUTMUX_AttachSignal
                0x0000497c       0x38 ./drivers/fsl_inputmux.o
                0x0000497c                INPUTMUX_AttachSignal
 .text.INPUTMUX_Deinit
                0x000049b4       0x16 ./drivers/fsl_inputmux.o
                0x000049b4                INPUTMUX_Deinit
 .text.CLOCK_EnableClock
                0x000049ca       0x30 ./drivers/fsl_pint.o
 .text.EnableIRQ
                0x000049fa       0x32 ./drivers/fsl_pint.o
 .text.PINT_PinInterruptClrFallFlag
                0x00004a2c       0x22 ./drivers/fsl_pint.o
 .text.PINT_PinInterruptClrRiseFlag
                0x00004a4e       0x22 ./drivers/fsl_pint.o
 .text.PINT_PatternMatchResetDetectLogic
                0x00004a70       0x34 ./drivers/fsl_pint.o
                0x00004a70                PINT_PatternMatchResetDetectLogic
 .text.PINT_PinInterruptClrStatus
                0x00004aa4       0x4e ./drivers/fsl_pint.o
                0x00004aa4                PINT_PinInterruptClrStatus
 .text.RESET_PeripheralReset
                0x00004af2       0x1c ./drivers/fsl_reset.o
                0x00004af2                RESET_PeripheralReset
 .text.USART_EnableContinuousSCLK
                0x00004b0e       0x38 ./drivers/fsl_usart.o
 .text.SystemInitHook
                0x00004b46        0xe ./device/system_LPC55S69_cm33_core0.o
                0x00004b46                SystemInitHook
 .text.GPIO_PinWrite
                0x00004b54       0x2a ./device/target.o
 .text.USART_GetStatusFlags
                0x00004b7e       0x1a ./device/target.o
 .text.USART_EnableInterrupts
                0x00004b98       0x22 ./device/target.o
 .text.USART_DisableInterrupts
                0x00004bba       0x22 ./device/target.o
 .text.USART_ReadByte
                0x00004bdc       0x1c ./device/target.o
 .text.dev_init_test
                0x00004bf8       0x2a ./device/target.o
 .text.dev_open_test
                0x00004c22       0x50 ./device/target.o
 .text.dev_close_test
                0x00004c72       0x34 ./device/target.o
 .text.dev_open_leds
                0x00004ca6       0x6e ./device/target.o
 .text.dev_close_leds
                0x00004d14       0x34 ./device/target.o
 .text.dev_write_leds
                0x00004d48       0x38 ./device/target.o
 .text.dev_open_btn
                0x00004d80       0x6e ./device/target.o
 .text.dev_close_btn
                0x00004dee       0x34 ./device/target.o
 .text.dev_read_btn
                0x00004e22       0x22 ./device/target.o
 .text.uart_init
                0x00004e44       0x5a ./device/target.o
                0x00004e44                uart_init
 .text.dev_open_ser
                0x00004e9e       0x6e ./device/target.o
 .text.dev_close_ser
                0x00004f0c       0x34 ./device/target.o
 .text.strdup   0x00004f40       0x3a ./device/vfs.o
                0x00004f40                strdup
 .text.basename
                0x00004f7a       0x46 ./device/vfs.o
                0x00004f7a                basename
 .text.DbgConsole_Init
                0x00004fc0       0x20 ./board/board.o
 .text.BOARD_InitBootClocks
                0x00004fe0        0xc ./board/clock_config.o
                0x00004fe0                BOARD_InitBootClocks
 .text.BOARD_InitPeripherals
                0x00004fec        0xe ./board/peripherals.o
                0x00004fec                BOARD_InitPeripherals
 .text.BOARD_InitBootPeripherals
                0x00004ffa        0xc ./board/peripherals.o
                0x00004ffa                BOARD_InitBootPeripherals
 .text.Chip_GetVersion
                0x00005006       0x36 ./board/pin_mux.o
 .text.CLOCK_EnableClock
                0x0000503c       0x30 ./board/pin_mux.o
 .text.IOCON_PinMuxSet
                0x0000506c       0x2e ./board/pin_mux.o
 .text.BOARD_InitBootPins
                0x0000509a        0xc ./board/pin_mux.o
                0x0000509a                BOARD_InitBootPins
 .text          0x000050a6       0x14 /usr/local/mcuxpressoide-11.10.0_3148/ide/plugins/com.nxp.mcuxpresso.tools.linux_11.10.0.202311280810/tools/bin/../lib/gcc/arm-none-eabi/13.2.1/../../../../arm-none-eabi/lib/thumb/v8-m.main+fp/hard/libc_nano.a(libc_a-strcmp.o)
                0x000050a6                strcmp
 .text.strcpy   0x000050ba       0x10 /usr/local/mcuxpressoide-11.10.0_3148/ide/plugins/com.nxp.mcuxpresso.tools.linux_11.10.0.202311280810/tools/bin/../lib/gcc/arm-none-eabi/13.2.1/../../../../arm-none-eabi/lib/thumb/v8-m.main+fp/hard/libc_nano.a(libc_a-strcpy.o)
                0x000050ba                strcpy
 .text.__sfputc_r
                0x000050ca       0x2e /usr/local/mcuxpressoide-11.10.0_3148/ide/plugins/com.nxp.mcuxpresso.tools.linux_11.10.0.202311280810/tools/bin/../lib/gcc/arm-none-eabi/13.2.1/../../../../arm-none-eabi/lib/thumb/v8-m.main+fp/hard/libc_nano.a(libc_a-nano-vfprintf.o)
 .text.__sfputs_r
                0x000050f8       0x24 /usr/local/mcuxpressoide-11.10.0_3148/ide/plugins/com.nxp.mcuxpresso.tools.linux_11.10.0.202311280810/tools/bin/../lib/gcc/arm-none-eabi/13.2.1/../../../../arm-none-eabi/lib/thumb/v8-m.main+fp/hard/libc_nano.a(libc_a-nano-vfprintf.o)
                0x000050f8                __sfputs_r
 .text.__swbuf_r
                0x0000511c       0x7c /usr/local/mcuxpressoide-11.10.0_3148/ide/plugins/com.nxp.mcuxpresso.tools.linux_11.10.0.202311280810/tools/bin/../lib/gcc/arm-none-eabi/13.2.1/../../../../arm-none-eabi/lib/thumb/v8-m.main+fp/hard/libc_nano.a(libc_a-wbuf.o)
                0x0000511c                __swbuf_r
 .text._printf_common
                0x00005198       0xe4 /usr/local/mcuxpressoide-11.10.0_3148/ide/plugins/com.nxp.mcuxpresso.tools.linux_11.10.0.202311280810/tools/bin/../lib/gcc/arm-none-eabi/13.2.1/../../../../arm-none-eabi/lib/thumb/v8-m.main+fp/hard/libc_nano.a(libc_a-nano-vfprintf_i.o)
                0x00005198                _printf_common
 .text._fflush_r
                0x0000527c       0x50 /usr/local/mcuxpressoide-11.10.0_3148/ide/plugins/com.nxp.mcuxpresso.tools.linux_11.10.0.202311280810/tools/bin/../lib/gcc/arm-none-eabi/13.2.1/../../../../arm-none-eabi/lib/thumb/v8-m.main+fp/hard/libc_nano.a(libc_a-fflush.o)
                0x0000527c                _fflush_r
 .text.memchr   0x000052cc       0x1c /usr/local/mcuxpressoide-11.10.0_3148/ide/plugins/com.nxp.mcuxpresso.tools.linux_11.10.0.202311280810/tools/bin/../lib/gcc/arm-none-eabi/13.2.1/../../../../arm-none-eabi/lib/thumb/v8-m.main+fp/hard/libc_nano.a(libc_a-memchr-stub.o)
                0x000052cc                memchr
 .text.memcpy   0x000052e8       0x1a /usr/local/mcuxpressoide-11.10.0_3148/ide/plugins/com.nxp.mcuxpresso.tools.linux_11.10.0.202311280810/tools/bin/../lib/gcc/arm-none-eabi/13.2.1/../../../../arm-none-eabi/lib/thumb/v8-m.main+fp/hard/libc_nano.a(libc_a-memcpy-stub.o)
                0x000052e8                memcpy
 .text          0x00005302       0x10 /usr/local/mcuxpressoide-11.10.0_3148/ide/plugins/com.nxp.mcuxpresso.tools.linux_11.10.0.202311280810/tools/bin/../lib/gcc/arm-none-eabi/13.2.1/../../../../arm-none-eabi/lib/thumb/v8-m.main+fp/hard/libc_nano.a(libc_a-strlen.o)
                0x00005302                strlen
 .text.__sread  0x00005312       0x22 /usr/local/mcuxpressoide-11.10.0_3148/ide/plugins/com.nxp.mcuxpresso.tools.linux_11.10.0.202311280810/tools/bin/../lib/gcc/arm-none-eabi/13.2.1/../../../../arm-none-eabi/lib/thumb/v8-m.main+fp/hard/libc_nano.a(libc_a-stdio.o)
                0x00005312                __sread
 .text.__swrite
                0x00005334       0x38 /usr/local/mcuxpressoide-11.10.0_3148/ide/plugins/com.nxp.mcuxpresso.tools.linux_11.10.0.202311280810/tools/bin/../lib/gcc/arm-none-eabi/13.2.1/../../../../arm-none-eabi/lib/thumb/v8-m.main+fp/hard/libc_nano.a(libc_a-stdio.o)
                0x00005334                __swrite
 .text.__sseek  0x0000536c       0x24 /usr/local/mcuxpressoide-11.10.0_3148/ide/plugins/com.nxp.mcuxpresso.tools.linux_11.10.0.202311280810/tools/bin/../lib/gcc/arm-none-eabi/13.2.1/../../../../arm-none-eabi/lib/thumb/v8-m.main+fp/hard/libc_nano.a(libc_a-stdio.o)
                0x0000536c                __sseek
 .text.__sclose
                0x00005390        0x8 /usr/local/mcuxpressoide-11.10.0_3148/ide/plugins/com.nxp.mcuxpresso.tools.linux_11.10.0.202311280810/tools/bin/../lib/gcc/arm-none-eabi/13.2.1/../../../../arm-none-eabi/lib/thumb/v8-m.main+fp/hard/libc_nano.a(libc_a-stdio.o)
                0x00005390                __sclose
 .text._fwalk_sglue
                0x00005398       0x3c /usr/local/mcuxpressoide-11.10.0_3148/ide/plugins/com.nxp.mcuxpresso.tools.linux_11.10.0.202311280810/tools/bin/../lib/gcc/arm-none-eabi/13.2.1/../../../../arm-none-eabi/lib/thumb/v8-m.main+fp/hard/libc_nano.a(libc_a-fwalk.o)
                0x00005398                _fwalk_sglue
 .text.memcmp   0x000053d4       0x20 /usr/local/mcuxpressoide-11.10.0_3148/ide/plugins/com.nxp.mcuxpresso.tools.linux_11.10.0.202311280810/tools/bin/../lib/gcc/arm-none-eabi/13.2.1/../../../../arm-none-eabi/lib/thumb/v8-m.main+fp/hard/libc_nano.a(libc_a-memcmp.o)
                0x000053d4                memcmp
 .text.memset   0x000053f4       0x10 /usr/local/mcuxpressoide-11.10.0_3148/ide/plugins/com.nxp.mcuxpresso.tools.linux_11.10.0.202311280810/tools/bin/../lib/gcc/arm-none-eabi/13.2.1/../../../../arm-none-eabi/lib/thumb/v8-m.main+fp/hard/libc_nano.a(libc_a-memset.o)
                0x000053f4                memset
 .text._user_strerror
                0x00005404        0x4 /usr/local/mcuxpressoide-11.10.0_3148/ide/plugins/com.nxp.mcuxpresso.tools.linux_11.10.0.202311280810/tools/bin/../lib/gcc/arm-none-eabi/13.2.1/../../../../arm-none-eabi/lib/thumb/v8-m.main+fp/hard/libc_nano.a(libc_a-u_strerr.o)
                0x00005404                _user_strerror
 .text.__retarget_lock_init_recursive
                0x00005408        0x2 /usr/local/mcuxpressoide-11.10.0_3148/ide/plugins/com.nxp.mcuxpresso.tools.linux_11.10.0.202311280810/tools/bin/../lib/gcc/arm-none-eabi/13.2.1/../../../../arm-none-eabi/lib/thumb/v8-m.main+fp/hard/libc_nano.a(libc_a-lock.o)
                0x00005408                __retarget_lock_init_recursive
 .text.__retarget_lock_acquire_recursive
                0x0000540a        0x2 /usr/local/mcuxpressoide-11.10.0_3148/ide/plugins/com.nxp.mcuxpresso.tools.linux_11.10.0.202311280810/tools/bin/../lib/gcc/arm-none-eabi/13.2.1/../../../../arm-none-eabi/lib/thumb/v8-m.main+fp/hard/libc_nano.a(libc_a-lock.o)
                0x0000540a                __retarget_lock_acquire_recursive
 .text.__retarget_lock_release_recursive
                0x0000540c        0x2 /usr/local/mcuxpressoide-11.10.0_3148/ide/plugins/com.nxp.mcuxpresso.tools.linux_11.10.0.202311280810/tools/bin/../lib/gcc/arm-none-eabi/13.2.1/../../../../arm-none-eabi/lib/thumb/v8-m.main+fp/hard/libc_nano.a(libc_a-lock.o)
                0x0000540c                __retarget_lock_release_recursive
 .text.__swhatbuf_r
                0x0000540e       0x4a /usr/local/mcuxpressoide-11.10.0_3148/ide/plugins/com.nxp.mcuxpresso.tools.linux_11.10.0.202311280810/tools/bin/../lib/gcc/arm-none-eabi/13.2.1/../../../../arm-none-eabi/lib/thumb/v8-m.main+fp/hard/libc_nano.a(libc_a-makebuf.o)
                0x0000540e                __swhatbuf_r
 .text.__smakebuf_r
                0x00005458       0x78 /usr/local/mcuxpressoide-11.10.0_3148/ide/plugins/com.nxp.mcuxpresso.tools.linux_11.10.0.202311280810/tools/bin/../lib/gcc/arm-none-eabi/13.2.1/../../../../arm-none-eabi/lib/thumb/v8-m.main+fp/hard/libc_nano.a(libc_a-makebuf.o)
                0x00005458                __smakebuf_r
 .text.abort    0x000054d0        0xe /usr/local/mcuxpressoide-11.10.0_3148/ide/plugins/com.nxp.mcuxpresso.tools.linux_11.10.0.202311280810/tools/bin/../lib/gcc/arm-none-eabi/13.2.1/../../../../arm-none-eabi/lib/thumb/v8-m.main+fp/hard/libc_nano.a(libc_a-abort.o)
                0x000054d0                abort
 .text._raise_r
                0x000054de       0x50 /usr/local/mcuxpressoide-11.10.0_3148/ide/plugins/com.nxp.mcuxpresso.tools.linux_11.10.0.202311280810/tools/bin/../lib/gcc/arm-none-eabi/13.2.1/../../../../arm-none-eabi/lib/thumb/v8-m.main+fp/hard/libc_nano.a(libc_a-signal.o)
                0x000054de                _raise_r
 .text._getpid_r
                0x0000552e        0x4 /usr/local/mcuxpressoide-11.10.0_3148/ide/plugins/com.nxp.mcuxpresso.tools.linux_11.10.0.202311280810/tools/bin/../lib/gcc/arm-none-eabi/13.2.1/../../../../arm-none-eabi/lib/thumb/v8-m.main+fp/hard/libc_nano.a(libc_a-signalr.o)
                0x0000552e                _getpid_r
 .text._exit    0x00005532        0x8 /usr/local/mcuxpressoide-11.10.0_3148/ide/plugins/com.nxp.mcuxpresso.tools.linux_11.10.0.202311280810/tools/bin/../lib/gcc/arm-none-eabi/13.2.1/../../../../arm-none-eabi/lib/thumb/v8-m.main+fp/hard/libcr_newlib_semihost.a(_exit.o)
                0x00005532                _exit
 .text.error    0x0000553a       0x1c /usr/local/mcuxpressoide-11.10.0_3148/ide/plugins/com.nxp.mcuxpresso.tools.linux_11.10.0.202311280810/tools/bin/../lib/gcc/arm-none-eabi/13.2.1/../../../../arm-none-eabi/lib/thumb/v8-m.main+fp/hard/libcr_newlib_semihost.a(syscalls.o)
 .text.checkerror
                0x00005556        0xa /usr/local/mcuxpressoide-11.10.0_3148/ide/plugins/com.nxp.mcuxpresso.tools.linux_11.10.0.202311280810/tools/bin/../lib/gcc/arm-none-eabi/13.2.1/../../../../arm-none-eabi/lib/thumb/v8-m.main+fp/hard/libcr_newlib_semihost.a(syscalls.o)
 .text._swiread
                0x00005560       0x20 /usr/local/mcuxpressoide-11.10.0_3148/ide/plugins/com.nxp.mcuxpresso.tools.linux_11.10.0.202311280810/tools/bin/../lib/gcc/arm-none-eabi/13.2.1/../../../../arm-none-eabi/lib/thumb/v8-m.main+fp/hard/libcr_newlib_semihost.a(syscalls.o)
                0x00005560                _swiread
 .text._read    0x00005580       0x34 /usr/local/mcuxpressoide-11.10.0_3148/ide/plugins/com.nxp.mcuxpresso.tools.linux_11.10.0.202311280810/tools/bin/../lib/gcc/arm-none-eabi/13.2.1/../../../../arm-none-eabi/lib/thumb/v8-m.main+fp/hard/libcr_newlib_semihost.a(syscalls.o)
                0x00005580                _read
 .text._swilseek
                0x000055b4       0x78 /usr/local/mcuxpressoide-11.10.0_3148/ide/plugins/com.nxp.mcuxpresso.tools.linux_11.10.0.202311280810/tools/bin/../lib/gcc/arm-none-eabi/13.2.1/../../../../arm-none-eabi/lib/thumb/v8-m.main+fp/hard/libcr_newlib_semihost.a(syscalls.o)
                0x000055b4                _swilseek
 .text._lseek   0x0000562c        0x4 /usr/local/mcuxpressoide-11.10.0_3148/ide/plugins/com.nxp.mcuxpresso.tools.linux_11.10.0.202311280810/tools/bin/../lib/gcc/arm-none-eabi/13.2.1/../../../../arm-none-eabi/lib/thumb/v8-m.main+fp/hard/libcr_newlib_semihost.a(syscalls.o)
                0x0000562c                _lseek
 .text._swiwrite
                0x00005630       0x20 /usr/local/mcuxpressoide-11.10.0_3148/ide/plugins/com.nxp.mcuxpresso.tools.linux_11.10.0.202311280810/tools/bin/../lib/gcc/arm-none-eabi/13.2.1/../../../../arm-none-eabi/lib/thumb/v8-m.main+fp/hard/libcr_newlib_semihost.a(syscalls.o)
                0x00005630                _swiwrite
 .text._write   0x00005650       0x40 /usr/local/mcuxpressoide-11.10.0_3148/ide/plugins/com.nxp.mcuxpresso.tools.linux_11.10.0.202311280810/tools/bin/../lib/gcc/arm-none-eabi/13.2.1/../../../../arm-none-eabi/lib/thumb/v8-m.main+fp/hard/libcr_newlib_semihost.a(syscalls.o)
                0x00005650                _write
 .text._swiclose
                0x00005690       0x1a /usr/local/mcuxpressoide-11.10.0_3148/ide/plugins/com.nxp.mcuxpresso.tools.linux_11.10.0.202311280810/tools/bin/../lib/gcc/arm-none-eabi/13.2.1/../../../../arm-none-eabi/lib/thumb/v8-m.main+fp/hard/libcr_newlib_semihost.a(syscalls.o)
                0x00005690                _swiclose
 .text._getpid  0x000056aa        0x4 /usr/local/mcuxpressoide-11.10.0_3148/ide/plugins/com.nxp.mcuxpresso.tools.linux_11.10.0.202311280810/tools/bin/../lib/gcc/arm-none-eabi/13.2.1/../../../../arm-none-eabi/lib/thumb/v8-m.main+fp/hard/libcr_newlib_semihost.a(syscalls.o)
                0x000056aa                _getpid
 .text._swistat
                0x000056ae       0x42 /usr/local/mcuxpressoide-11.10.0_3148/ide/plugins/com.nxp.mcuxpresso.tools.linux_11.10.0.202311280810/tools/bin/../lib/gcc/arm-none-eabi/13.2.1/../../../../arm-none-eabi/lib/thumb/v8-m.main+fp/hard/libcr_newlib_semihost.a(syscalls.o)
                0x000056ae                _swistat
 .text._fstat   0x000056f0       0x1c /usr/local/mcuxpressoide-11.10.0_3148/ide/plugins/com.nxp.mcuxpresso.tools.linux_11.10.0.202311280810/tools/bin/../lib/gcc/arm-none-eabi/13.2.1/../../../../arm-none-eabi/lib/thumb/v8-m.main+fp/hard/libcr_newlib_semihost.a(syscalls.o)
                0x000056f0                _fstat
 .text._isatty  0x0000570c       0x2a /usr/local/mcuxpressoide-11.10.0_3148/ide/plugins/com.nxp.mcuxpresso.tools.linux_11.10.0.202311280810/tools/bin/../lib/gcc/arm-none-eabi/13.2.1/../../../../arm-none-eabi/lib/thumb/v8-m.main+fp/hard/libcr_newlib_semihost.a(syscalls.o)
                0x0000570c                _isatty
 *(SORT_BY_ALIGNMENT(.rodata) SORT_BY_ALIGNMENT(.rodata.*) SORT_BY_ALIGNMENT(.constdata) SORT_BY_ALIGNMENT(.constdata.*))
 *fill*         0x00005736        0x2 ff
 .rodata.tache1.str1.4
                0x00005738      0x309 ./source/main.o
                                  0xa (size before relaxing)
 *fill*         0x00005a41        0x3 ff
 .rodata        0x00005a44        0x6 ./source/main.o
 .rodata.serialTask.str1.4
                0x00005a4a       0x5e ./source/main.o
 .rodata.CLOCK_GetClockOutClkFreq.str1.4
                0x00005a4a       0x14 ./drivers/fsl_clock.o
 *fill*         0x00005a4a        0x2 ff
 .rodata.__func__.2
                0x00005a4c       0x1c ./drivers/fsl_clock.o
 .rodata.SDK_DelayAtLeastUs.str1.4
                0x00005a68       0x38 ./drivers/fsl_common.o
 .rodata.__func__.0
                0x00005a68       0x13 ./drivers/fsl_common.o
 *fill*         0x00005a7b        0x1 ff
 .rodata.s_flexcommBaseAddrs
                0x00005a7c       0x24 ./drivers/fsl_flexcomm.o
 .rodata.s_flexcommClocks
                0x00005aa0       0x12 ./drivers/fsl_flexcomm.o
 *fill*         0x00005ab2        0x2 ff
 .rodata.s_flexcommResets
                0x00005ab4       0x24 ./drivers/fsl_flexcomm.o
 .rodata.FLEXCOMM_GetInstance.str1.4
                0x00005ad8       0x3f ./drivers/fsl_flexcomm.o
 .rodata.FLEXCOMM1_DriverIRQHandler.str1.4
                0x00005ad8       0x18 ./drivers/fsl_flexcomm.o
 .rodata.FLEXCOMM2_DriverIRQHandler.str1.4
                0x00005ad8       0x18 ./drivers/fsl_flexcomm.o
 .rodata.FLEXCOMM3_DriverIRQHandler.str1.4
                0x00005ad8       0x18 ./drivers/fsl_flexcomm.o
 .rodata.FLEXCOMM4_DriverIRQHandler.str1.4
                0x00005ad8       0x18 ./drivers/fsl_flexcomm.o
 .rodata.FLEXCOMM5_DriverIRQHandler.str1.4
                0x00005ad8       0x18 ./drivers/fsl_flexcomm.o
 .rodata.FLEXCOMM6_DriverIRQHandler.str1.4
                0x00005ad8       0x18 ./drivers/fsl_flexcomm.o
 .rodata.FLEXCOMM7_DriverIRQHandler.str1.4
                0x00005ad8       0x18 ./drivers/fsl_flexcomm.o
 .rodata.FLEXCOMM8_DriverIRQHandler.str1.4
                0x00005ad8       0x18 ./drivers/fsl_flexcomm.o
 .rodata.__func__.9
                0x00005ad8       0x15 ./drivers/fsl_flexcomm.o
 *fill*         0x00005aed        0x3 ff
 .rodata.__func__.7
                0x00005af0       0x1b ./drivers/fsl_flexcomm.o
 *fill*         0x00005b0b        0x1 ff
 .rodata.__func__.6
                0x00005b0c       0x1b ./drivers/fsl_flexcomm.o
 *fill*         0x00005b27        0x1 ff
 .rodata.__func__.5
                0x00005b28       0x1b ./drivers/fsl_flexcomm.o
 *fill*         0x00005b43        0x1 ff
 .rodata.__func__.4
                0x00005b44       0x1b ./drivers/fsl_flexcomm.o
 *fill*         0x00005b5f        0x1 ff
 .rodata.__func__.3
                0x00005b60       0x1b ./drivers/fsl_flexcomm.o
 *fill*         0x00005b7b        0x1 ff
 .rodata.__func__.2
                0x00005b7c       0x1b ./drivers/fsl_flexcomm.o
 *fill*         0x00005b97        0x1 ff
 .rodata.__func__.1
                0x00005b98       0x1b ./drivers/fsl_flexcomm.o
 *fill*         0x00005bb3        0x1 ff
 .rodata.__func__.0
                0x00005bb4       0x1b ./drivers/fsl_flexcomm.o
 *fill*         0x00005bcf        0x1 ff
 .rodata.s_gpioClockName
                0x00005bd0        0x8 ./drivers/fsl_gpio.o
 .rodata.s_gpioResets
                0x00005bd8       0x18 ./drivers/fsl_gpio.o
 .rodata.GPIO_EnablePortClock.str1.4
                0x00005bf0       0x2f ./drivers/fsl_gpio.o
 .rodata.__func__.0
                0x00005bf0       0x15 ./drivers/fsl_gpio.o
 *fill*         0x00005c05        0x3 ff
 .rodata.s_pintIRQ
                0x00005c08        0xa ./drivers/fsl_pint.o
 .rodata.PINT_Init.str1.4
                0x00005c12       0x1b ./drivers/fsl_pint.o
 *fill*         0x00005c12        0x2 ff
 .rodata.__func__.9
                0x00005c14        0xa ./drivers/fsl_pint.o
 *fill*         0x00005c1e        0x2 ff
 .rodata.__func__.8
                0x00005c20       0x18 ./drivers/fsl_pint.o
 .rodata.__func__.3
                0x00005c38       0x1b ./drivers/fsl_pint.o
 .rodata.RESET_SetPeripheralReset.str1.4
                0x00005c53       0x1c ./drivers/fsl_reset.o
 *fill*         0x00005c53        0x1 ff
 .rodata.__func__.1
                0x00005c54       0x19 ./drivers/fsl_reset.o
 *fill*         0x00005c6d        0x3 ff
 .rodata.__func__.0
                0x00005c70       0x1b ./drivers/fsl_reset.o
 .rodata.USART_GetInstance.str1.4
                0x00005c8b       0x38 ./drivers/fsl_usart.o
 .rodata.USART_Init.str1.4
                0x00005c8b       0x3d ./drivers/fsl_usart.o
 .rodata.USART_GetDefaultConfig.str1.4
                0x00005c8b        0xf ./drivers/fsl_usart.o
 .rodata.USART_SetBaudRate.str1.4
                0x00005c8b       0x41 ./drivers/fsl_usart.o
 *fill*         0x00005c8b        0x1 ff
 .rodata.__func__.15
                0x00005c8c        0xb ./drivers/fsl_usart.o
 *fill*         0x00005c97        0x1 ff
 .rodata.__func__.13
                0x00005c98       0x17 ./drivers/fsl_usart.o
 *fill*         0x00005caf        0x1 ff
 .rodata.__func__.12
                0x00005cb0       0x12 ./drivers/fsl_usart.o
 .rodata.dev_read_test.str1.4
                0x00005cc2       0x13 ./device/target.o
 *fill*         0x00005cc2        0x2 ff
 .rodata        0x00005cc4        0x2 ./device/target.o
 .rodata.dirname.str1.4
                0x00005cc6        0x2 ./device/vfs.o
 .rodata.dev_lookup.str1.4
                0x00005cc6        0x5 ./device/vfs.o
 .rodata._perror_r.str1.1
                0x00005cc6      0x709 /usr/local/mcuxpressoide-11.10.0_3148/ide/plugins/com.nxp.mcuxpresso.tools.linux_11.10.0.202311280810/tools/bin/../lib/gcc/arm-none-eabi/13.2.1/../../../../arm-none-eabi/lib/thumb/v8-m.main+fp/hard/libc_nano.a(libc_a-perror.o)
                                  0x5 (size before relaxing)
 .rodata._vfprintf_r.str1.1
                0x000063cf       0x11 /usr/local/mcuxpressoide-11.10.0_3148/ide/plugins/com.nxp.mcuxpresso.tools.linux_11.10.0.202311280810/tools/bin/../lib/gcc/arm-none-eabi/13.2.1/../../../../arm-none-eabi/lib/thumb/v8-m.main+fp/hard/libc_nano.a(libc_a-nano-vfprintf.o)
 .rodata._strerror_r.str1.1
                0x000063cf      0x697 /usr/local/mcuxpressoide-11.10.0_3148/ide/plugins/com.nxp.mcuxpresso.tools.linux_11.10.0.202311280810/tools/bin/../lib/gcc/arm-none-eabi/13.2.1/../../../../arm-none-eabi/lib/thumb/v8-m.main+fp/hard/libc_nano.a(libc_a-strerror.o)
 .rodata._printf_i.str1.1
                0x000063cf       0x22 /usr/local/mcuxpressoide-11.10.0_3148/ide/plugins/com.nxp.mcuxpresso.tools.linux_11.10.0.202311280810/tools/bin/../lib/gcc/arm-none-eabi/13.2.1/../../../../arm-none-eabi/lib/thumb/v8-m.main+fp/hard/libc_nano.a(libc_a-nano-vfprintf_i.o)
 .rodata.__assert_func.str1.1
                0x000063cf       0x3d /usr/local/mcuxpressoide-11.10.0_3148/ide/plugins/com.nxp.mcuxpresso.tools.linux_11.10.0.202311280810/tools/bin/../lib/gcc/arm-none-eabi/13.2.1/../../../../arm-none-eabi/lib/thumb/v8-m.main+fp/hard/libc_nano.a(libc_a-assert.o)
 .rodata.initialise_monitor_handles.part.0.str1.1
                0x000063cf        0x4 /usr/local/mcuxpressoide-11.10.0_3148/ide/plugins/com.nxp.mcuxpresso.tools.linux_11.10.0.202311280810/tools/bin/../lib/gcc/arm-none-eabi/13.2.1/../../../../arm-none-eabi/lib/thumb/v8-m.main+fp/hard/libcr_newlib_semihost.a(syscalls.o)
                0x00006a68                        . = ALIGN (0x4)
 *fill*         0x000063cf        0x1 ff

.glue_7         0x000063d0        0x0
 .glue_7        0x000063d0        0x0 linker stubs

.glue_7t        0x000063d0        0x0
 .glue_7t       0x000063d0        0x0 linker stubs

.vfp11_veneer   0x000063d0        0x0
 .vfp11_veneer  0x000063d0        0x0 linker stubs

.v4_bx          0x000063d0        0x0
 .v4_bx         0x000063d0        0x0 linker stubs

.iplt           0x000063d0        0x0
 .iplt          0x000063d0        0x0 ./startup/startup_lpc55s69_cm33_core0.o

.ARM.extab
 *(SORT_BY_ALIGNMENT(.ARM.extab*) SORT_BY_ALIGNMENT(.gnu.linkonce.armextab.*))

.ARM.exidx      0x000063d0        0x8
                0x000063d0                        __exidx_start = .
 *(SORT_BY_ALIGNMENT(.ARM.exidx*) SORT_BY_ALIGNMENT(.gnu.linkonce.armexidx.*))
 .ARM.exidx.text.__udivmoddi4
                0x000063d0        0x8 /usr/local/mcuxpressoide-11.10.0_3148/ide/plugins/com.nxp.mcuxpresso.tools.linux_11.10.0.202311280810/tools/bin/../lib/gcc/arm-none-eabi/13.2.1/thumb/v8-m.main+fp/hard/libgcc.a(_udivmoddi4.o)
 .ARM.exidx     0x000063d8        0x0 /usr/local/mcuxpressoide-11.10.0_3148/ide/plugins/com.nxp.mcuxpresso.tools.linux_11.10.0.202311280810/tools/bin/../lib/gcc/arm-none-eabi/13.2.1/../../../../arm-none-eabi/lib/thumb/v8-m.main+fp/hard/libc_nano.a(libc_a-strcmp.o)
                                  0x8 (size before relaxing)
 .ARM.exidx     0x000063d8        0x0 /usr/local/mcuxpressoide-11.10.0_3148/ide/plugins/com.nxp.mcuxpresso.tools.linux_11.10.0.202311280810/tools/bin/../lib/gcc/arm-none-eabi/13.2.1/../../../../arm-none-eabi/lib/thumb/v8-m.main+fp/hard/libc_nano.a(libc_a-strlen.o)
                                  0x8 (size before relaxing)
                0x000063d8                        __exidx_end = .
                0x000063d8                        _etext = .

.rel.dyn        0x000063d8        0x0
 .rel.iplt      0x000063d8        0x0 ./startup/startup_lpc55s69_cm33_core0.o

.m_usb_data
 *(SORT_BY_ALIGNMENT(m_usb_global))

.data_RAM2      0x20040000        0x0 load address 0x000063d8
 FILL mask 0xff
                [!provide]                        PROVIDE (__start_data_RAM2 = .)
                [!provide]                        PROVIDE (__start_data_SRAM4 = .)
 *(SORT_BY_ALIGNMENT(.ramfunc.$RAM2))
 *(SORT_BY_ALIGNMENT(.ramfunc.$SRAM4))
 *(SORT_BY_ALIGNMENT(.data.$RAM2))
 *(SORT_BY_ALIGNMENT(.data.$SRAM4))
 *(SORT_BY_ALIGNMENT(.data.$RAM2.*))
 *(SORT_BY_ALIGNMENT(.data.$SRAM4.*))
                0x20040000                        . = ALIGN (0x4)
                [!provide]                        PROVIDE (__end_data_RAM2 = .)
                [!provide]                        PROVIDE (__end_data_SRAM4 = .)

.data_RAM3      0x04000000        0x0 load address 0x000063d8
 FILL mask 0xff
                [!provide]                        PROVIDE (__start_data_RAM3 = .)
                [!provide]                        PROVIDE (__start_data_SRAMX = .)
 *(SORT_BY_ALIGNMENT(.ramfunc.$RAM3))
 *(SORT_BY_ALIGNMENT(.ramfunc.$SRAMX))
 *(SORT_BY_ALIGNMENT(.data.$RAM3))
 *(SORT_BY_ALIGNMENT(.data.$SRAMX))
 *(SORT_BY_ALIGNMENT(.data.$RAM3.*))
 *(SORT_BY_ALIGNMENT(.data.$SRAMX.*))
                0x04000000                        . = ALIGN (0x4)
                [!provide]                        PROVIDE (__end_data_RAM3 = .)
                [!provide]                        PROVIDE (__end_data_SRAMX = .)

.data_RAM4      0x40100000        0x0 load address 0x000063d8
 FILL mask 0xff
                [!provide]                        PROVIDE (__start_data_RAM4 = .)
                [!provide]                        PROVIDE (__start_data_USB_RAM = .)
 *(SORT_BY_ALIGNMENT(.ramfunc.$RAM4))
 *(SORT_BY_ALIGNMENT(.ramfunc.$USB_RAM))
 *(SORT_BY_ALIGNMENT(.data.$RAM4))
 *(SORT_BY_ALIGNMENT(.data.$USB_RAM))
 *(SORT_BY_ALIGNMENT(.data.$RAM4.*))
 *(SORT_BY_ALIGNMENT(.data.$USB_RAM.*))
                0x40100000                        . = ALIGN (0x4)
                [!provide]                        PROVIDE (__end_data_RAM4 = .)
                [!provide]                        PROVIDE (__end_data_USB_RAM = .)

.uninit_RESERVED
                0x20000000        0x0
                0x20000000                        _start_uninit_RESERVED = .
 *(SORT_BY_ALIGNMENT(.bss.$RESERVED*))
                0x20000000                        . = ALIGN (0x4)
                0x20000000                        _end_uninit_RESERVED = .

.data           0x20000000      0x150 load address 0x000063d8
 FILL mask 0xff
                0x20000000                        _data = .
                [!provide]                        PROVIDE (__start_data_RAM = .)
                [!provide]                        PROVIDE (__start_data_SRAM = .)
 *(SORT_BY_ALIGNMENT(vtable))
 *(SORT_BY_ALIGNMENT(.ramfunc*))
 *(SORT_BY_ALIGNMENT(CodeQuickAccess))
 *(SORT_BY_ALIGNMENT(DataQuickAccess))
 *(SORT_BY_ALIGNMENT(RamFunction))
 *(SORT_BY_ALIGNMENT(.data*))
 .data.taskA_running
                0x20000000        0x4 ./source/main.o
                0x20000000                taskA_running
 .data.id       0x20000004        0x4 ./kernel/kernel.o
 .data.s_Ext_Clk_Freq
                0x20000008        0x4 ./drivers/fsl_clock.o
 .data.SystemCoreClock
                0x2000000c        0x4 ./device/system_LPC55S69_cm33_core0.o
                0x2000000c                SystemCoreClock
 .data.dev_test
                0x20000010       0x34 ./device/target.o
                0x20000010                dev_test
 .data.dev_leds
                0x20000044       0x34 ./device/target.o
                0x20000044                dev_leds
 .data.dev_swuser
                0x20000078       0x34 ./device/target.o
                0x20000078                dev_swuser
 .data.dev_serial
                0x200000ac       0x34 ./device/target.o
                0x200000ac                dev_serial
 .data.device_table
                0x200000e0       0x14 ./device/target.o
                0x200000e0                device_table
 .data._impure_ptr
                0x200000f4        0x4 /usr/local/mcuxpressoide-11.10.0_3148/ide/plugins/com.nxp.mcuxpresso.tools.linux_11.10.0.202311280810/tools/bin/../lib/gcc/arm-none-eabi/13.2.1/../../../../arm-none-eabi/lib/thumb/v8-m.main+fp/hard/libc_nano.a(libc_a-impure.o)
                0x200000f4                _impure_ptr
 .data._impure_data
                0x200000f8       0x4c /usr/local/mcuxpressoide-11.10.0_3148/ide/plugins/com.nxp.mcuxpresso.tools.linux_11.10.0.202311280810/tools/bin/../lib/gcc/arm-none-eabi/13.2.1/../../../../arm-none-eabi/lib/thumb/v8-m.main+fp/hard/libc_nano.a(libc_a-impure.o)
                0x200000f8                _impure_data
 .data.__sglue  0x20000144        0xc /usr/local/mcuxpressoide-11.10.0_3148/ide/plugins/com.nxp.mcuxpresso.tools.linux_11.10.0.202311280810/tools/bin/../lib/gcc/arm-none-eabi/13.2.1/../../../../arm-none-eabi/lib/thumb/v8-m.main+fp/hard/libc_nano.a(libc_a-findfp.o)
                0x20000144                __sglue
                0x20000150                        . = ALIGN (0x4)
                0x20000150                        _edata = .
                [!provide]                        PROVIDE (__end_data_RAM = .)
                [!provide]                        PROVIDE (__end_data_SRAM = .)

.igot.plt       0x20000150        0x0 load address 0x00006528
 .igot.plt      0x20000150        0x0 ./startup/startup_lpc55s69_cm33_core0.o

.bss_RAM2       0x20040000        0x0
                [!provide]                        PROVIDE (__start_bss_RAM2 = .)
                [!provide]                        PROVIDE (__start_bss_SRAM4 = .)
 *(SORT_BY_ALIGNMENT(.bss.$RAM2))
 *(SORT_BY_ALIGNMENT(.bss.$SRAM4))
 *(SORT_BY_ALIGNMENT(.bss.$RAM2.*))
 *(SORT_BY_ALIGNMENT(.bss.$SRAM4.*))
                0x20040000                        . = ALIGN ((. != 0x0)?0x4:0x1)
                [!provide]                        PROVIDE (__end_bss_RAM2 = .)
                [!provide]                        PROVIDE (__end_bss_SRAM4 = .)

.bss_RAM3       0x04000000        0x0
                [!provide]                        PROVIDE (__start_bss_RAM3 = .)
                [!provide]                        PROVIDE (__start_bss_SRAMX = .)
 *(SORT_BY_ALIGNMENT(.bss.$RAM3))
 *(SORT_BY_ALIGNMENT(.bss.$SRAMX))
 *(SORT_BY_ALIGNMENT(.bss.$RAM3.*))
 *(SORT_BY_ALIGNMENT(.bss.$SRAMX.*))
                0x04000000                        . = ALIGN ((. != 0x0)?0x4:0x1)
                [!provide]                        PROVIDE (__end_bss_RAM3 = .)
                [!provide]                        PROVIDE (__end_bss_SRAMX = .)

.bss_RAM4       0x40100000        0x0
                [!provide]                        PROVIDE (__start_bss_RAM4 = .)
                [!provide]                        PROVIDE (__start_bss_USB_RAM = .)
 *(SORT_BY_ALIGNMENT(.bss.$RAM4))
 *(SORT_BY_ALIGNMENT(.bss.$USB_RAM))
 *(SORT_BY_ALIGNMENT(.bss.$RAM4.*))
 *(SORT_BY_ALIGNMENT(.bss.$USB_RAM.*))
                0x40100000                        . = ALIGN ((. != 0x0)?0x4:0x1)
                [!provide]                        PROVIDE (__end_bss_RAM4 = .)
                [!provide]                        PROVIDE (__end_bss_USB_RAM = .)

.bss            0x20000150      0x2bc
                0x20000150                        _bss = .
                [!provide]                        PROVIDE (__start_bss_RAM = .)
                [!provide]                        PROVIDE (__start_bss_SRAM = .)
 *(SORT_BY_ALIGNMENT(.bss*))
 .bss.tsk_running
                0x20000150        0x4 ./kernel/kernel.o
                0x20000150                tsk_running
 .bss.tsk_prev  0x20000154        0x4 ./kernel/kernel.o
                0x20000154                tsk_prev
 .bss.tsk_sleeping
                0x20000158        0x4 ./kernel/kernel.o
                0x20000158                tsk_sleeping
 .bss.sys_tick_cnt
                0x2000015c        0x4 ./kernel/kernel.o
                0x2000015c                sys_tick_cnt
 .bss.s_Pll0_Freq
                0x20000160        0x4 ./drivers/fsl_clock.o
 .bss.s_Pll1_Freq
                0x20000164        0x4 ./drivers/fsl_clock.o
 .bss.s_I2S_Mclk_Freq
                0x20000168        0x4 ./drivers/fsl_clock.o
 .bss.s_flexcommIrqHandler
                0x2000016c       0x24 ./drivers/fsl_flexcomm.o
 .bss.s_flexcommHandle
                0x20000190       0x24 ./drivers/fsl_flexcomm.o
 .bss.s_secpintCallback
                0x200001b4        0x8 ./drivers/fsl_pint.o
 .bss.s_pintCallback
                0x200001bc       0x20 ./drivers/fsl_pint.o
 .bss.rxbuf     0x200001dc       0x28 ./device/target.o
                0x200001dc                rxbuf
 .bss.txbuf     0x20000204       0x28 ./device/target.o
                0x20000204                txbuf
 .bss.user_break
                0x2000022c        0x4 ./device/target.o
                0x2000022c                user_break
 .bss.opened_fds
                0x20000230       0x50 ./device/vfs.o
                0x20000230                opened_fds
 .bss.vfs_mutex
                0x20000280        0x4 ./device/vfs.o
                0x20000280                vfs_mutex
 .bss.__malloc_sbrk_start
                0x20000284        0x4 /usr/local/mcuxpressoide-11.10.0_3148/ide/plugins/com.nxp.mcuxpresso.tools.linux_11.10.0.202311280810/tools/bin/../lib/gcc/arm-none-eabi/13.2.1/../../../../arm-none-eabi/lib/thumb/v8-m.main+fp/hard/libc_nano.a(libc_a-mallocr.o)
                0x20000284                __malloc_sbrk_start
 .bss.__malloc_free_list
                0x20000288        0x4 /usr/local/mcuxpressoide-11.10.0_3148/ide/plugins/com.nxp.mcuxpresso.tools.linux_11.10.0.202311280810/tools/bin/../lib/gcc/arm-none-eabi/13.2.1/../../../../arm-none-eabi/lib/thumb/v8-m.main+fp/hard/libc_nano.a(libc_a-mallocr.o)
                0x20000288                __malloc_free_list
 .bss.__sf      0x2000028c      0x138 /usr/local/mcuxpressoide-11.10.0_3148/ide/plugins/com.nxp.mcuxpresso.tools.linux_11.10.0.202311280810/tools/bin/../lib/gcc/arm-none-eabi/13.2.1/../../../../arm-none-eabi/lib/thumb/v8-m.main+fp/hard/libc_nano.a(libc_a-findfp.o)
                0x2000028c                __sf
 .bss.__stdio_exit_handler
                0x200003c4        0x4 /usr/local/mcuxpressoide-11.10.0_3148/ide/plugins/com.nxp.mcuxpresso.tools.linux_11.10.0.202311280810/tools/bin/../lib/gcc/arm-none-eabi/13.2.1/../../../../arm-none-eabi/lib/thumb/v8-m.main+fp/hard/libc_nano.a(libc_a-findfp.o)
                0x200003c4                __stdio_exit_handler
 .bss.errno     0x200003c8        0x4 /usr/local/mcuxpressoide-11.10.0_3148/ide/plugins/com.nxp.mcuxpresso.tools.linux_11.10.0.202311280810/tools/bin/../lib/gcc/arm-none-eabi/13.2.1/../../../../arm-none-eabi/lib/thumb/v8-m.main+fp/hard/libc_nano.a(libc_a-reent.o)
                0x200003c8                errno
 .bss.__end_of_heap
                0x200003cc        0x4 /usr/local/mcuxpressoide-11.10.0_3148/ide/plugins/com.nxp.mcuxpresso.tools.linux_11.10.0.202311280810/tools/bin/../lib/gcc/arm-none-eabi/13.2.1/../../../../arm-none-eabi/lib/thumb/v8-m.main+fp/hard/libcr_newlib_semihost.a(_cr_sbrk.o)
                0x200003cc                __end_of_heap
 .bss.initialized.0
                0x200003d0        0x4 /usr/local/mcuxpressoide-11.10.0_3148/ide/plugins/com.nxp.mcuxpresso.tools.linux_11.10.0.202311280810/tools/bin/../lib/gcc/arm-none-eabi/13.2.1/../../../../arm-none-eabi/lib/thumb/v8-m.main+fp/hard/libcr_newlib_semihost.a(syscalls.o)
 .bss.monitor_stderr
                0x200003d4        0x4 /usr/local/mcuxpressoide-11.10.0_3148/ide/plugins/com.nxp.mcuxpresso.tools.linux_11.10.0.202311280810/tools/bin/../lib/gcc/arm-none-eabi/13.2.1/../../../../arm-none-eabi/lib/thumb/v8-m.main+fp/hard/libcr_newlib_semihost.a(syscalls.o)
 .bss.monitor_stdout
                0x200003d8        0x4 /usr/local/mcuxpressoide-11.10.0_3148/ide/plugins/com.nxp.mcuxpresso.tools.linux_11.10.0.202311280810/tools/bin/../lib/gcc/arm-none-eabi/13.2.1/../../../../arm-none-eabi/lib/thumb/v8-m.main+fp/hard/libcr_newlib_semihost.a(syscalls.o)
 .bss.monitor_stdin
                0x200003dc        0x4 /usr/local/mcuxpressoide-11.10.0_3148/ide/plugins/com.nxp.mcuxpresso.tools.linux_11.10.0.202311280810/tools/bin/../lib/gcc/arm-none-eabi/13.2.1/../../../../arm-none-eabi/lib/thumb/v8-m.main+fp/hard/libcr_newlib_semihost.a(syscalls.o)
 .bss.openfiles
                0x200003e0       0x28 /usr/local/mcuxpressoide-11.10.0_3148/ide/plugins/com.nxp.mcuxpresso.tools.linux_11.10.0.202311280810/tools/bin/../lib/gcc/arm-none-eabi/13.2.1/../../../../arm-none-eabi/lib/thumb/v8-m.main+fp/hard/libcr_newlib_semihost.a(syscalls.o)
 .bss.__lock___malloc_recursive_mutex
                0x20000408        0x1 /usr/local/mcuxpressoide-11.10.0_3148/ide/plugins/com.nxp.mcuxpresso.tools.linux_11.10.0.202311280810/tools/bin/../lib/gcc/arm-none-eabi/13.2.1/../../../../arm-none-eabi/lib/thumb/v8-m.main+fp/hard/libc_nano.a(libc_a-lock.o)
                0x20000408                __lock___malloc_recursive_mutex
 .bss.__lock___sfp_recursive_mutex
                0x20000409        0x1 /usr/local/mcuxpressoide-11.10.0_3148/ide/plugins/com.nxp.mcuxpresso.tools.linux_11.10.0.202311280810/tools/bin/../lib/gcc/arm-none-eabi/13.2.1/../../../../arm-none-eabi/lib/thumb/v8-m.main+fp/hard/libc_nano.a(libc_a-lock.o)
                0x20000409                __lock___sfp_recursive_mutex
 *(SORT_BY_ALIGNMENT(COMMON))
                0x2000040c                        . = ALIGN (0x4)
 *fill*         0x2000040a        0x2 
                0x2000040c                        _ebss = .
                [!provide]                        PROVIDE (__end_bss_RAM = .)
                [!provide]                        PROVIDE (__end_bss_SRAM = .)
                [!provide]                        PROVIDE (end = .)

.noinit_RAM2    0x20040000        0x0
                [!provide]                        PROVIDE (__start_noinit_RAM2 = .)
                [!provide]                        PROVIDE (__start_noinit_SRAM4 = .)
 *(SORT_BY_ALIGNMENT(.noinit.$RAM2))
 *(SORT_BY_ALIGNMENT(.noinit.$SRAM4))
 *(SORT_BY_ALIGNMENT(.noinit.$RAM2.*))
 *(SORT_BY_ALIGNMENT(.noinit.$SRAM4.*))
                0x20040000                        . = ALIGN (0x4)
                [!provide]                        PROVIDE (__end_noinit_RAM2 = .)
                [!provide]                        PROVIDE (__end_noinit_SRAM4 = .)

.noinit_RAM3    0x04000000        0x0
                [!provide]                        PROVIDE (__start_noinit_RAM3 = .)
                [!provide]                        PROVIDE (__start_noinit_SRAMX = .)
 *(SORT_BY_ALIGNMENT(.noinit.$RAM3))
 *(SORT_BY_ALIGNMENT(.noinit.$SRAMX))
 *(SORT_BY_ALIGNMENT(.noinit.$RAM3.*))
 *(SORT_BY_ALIGNMENT(.noinit.$SRAMX.*))
                0x04000000                        . = ALIGN (0x4)
                [!provide]                        PROVIDE (__end_noinit_RAM3 = .)
                [!provide]                        PROVIDE (__end_noinit_SRAMX = .)

.noinit_RAM4    0x40100000        0x0
                [!provide]                        PROVIDE (__start_noinit_RAM4 = .)
                [!provide]                        PROVIDE (__start_noinit_USB_RAM = .)
 *(SORT_BY_ALIGNMENT(.noinit.$RAM4))
 *(SORT_BY_ALIGNMENT(.noinit.$USB_RAM))
 *(SORT_BY_ALIGNMENT(.noinit.$RAM4.*))
 *(SORT_BY_ALIGNMENT(.noinit.$USB_RAM.*))
                0x40100000                        . = ALIGN (0x4)
                [!provide]                        PROVIDE (__end_noinit_RAM4 = .)
                [!provide]                        PROVIDE (__end_noinit_USB_RAM = .)

.noinit         0x2000040c        0x0
                0x2000040c                        _noinit = .
                [!provide]                        PROVIDE (__start_noinit_RAM = .)
                [!provide]                        PROVIDE (__start_noinit_SRAM = .)
 *(SORT_BY_ALIGNMENT(.noinit*))
                0x2000040c                        . = ALIGN (0x4)
                0x2000040c                        _end_noinit = .
                [!provide]                        PROVIDE (__end_noinit_RAM = .)
                [!provide]                        PROVIDE (__end_noinit_SRAM = .)
                0x00001000                        _HeapSize = 0x1000

.heap           0x2000040c     0x1000
                0x2000040c                        _pvHeapStart = .
                0x2000140c                        . = (. + _HeapSize)
 *fill*         0x2000040c     0x1000 
                0x2000140c                        . = ALIGN (0x4)
                0x2000140c                        _pvHeapLimit = .
                0x00001000                        _StackSize = 0x1000

.heap2stackfill
                0x2000140c     0x1000
                0x2000240c                        . = (. + _StackSize)
 *fill*         0x2000140c     0x1000 

.stack          0x2003f000        0x0
                0x2003f000                        _vStackBase = .
                0x2003f000                        . = ALIGN (0x4)
                0x20040000                        _vStackTop = (. + _StackSize)
                [!provide]                        PROVIDE (__valid_user_code_checksum = (0x0 - ((((((_vStackTop + (ResetISR + 0x1)) + (NMI_Handler + 0x1)) + (HardFault_Handler + 0x1)) + (DEFINED (MemManage_Handler)?MemManage_Handler:0x0 + 0x1)) + (DEFINED (BusFault_Handler)?BusFault_Handler:0x0 + 0x1)) + (DEFINED (UsageFault_Handler)?UsageFault_Handler:0x0 + 0x1))))
                0x00000000                        _image_start = LOADADDR (.text)
                0x00006528                        _image_end = (LOADADDR (.data) + SIZEOF (.data))
                0x00006528                        _image_size = (_image_end - _image_start)
OUTPUT(LPC55S69_OS.src.axf elf32-littlearm)
LOAD linker stubs

.debug_info     0x00000000    0x1c920
 .debug_info    0x00000000     0x1421 ./startup/startup_lpc55s69_cm33_core0.o
 .debug_info    0x00001421       0x3a ./startup/svc.o
 .debug_info    0x0000145b      0x8c6 ./source/main.o
 .debug_info    0x00001d21      0x2cf ./source/oslib.o
 .debug_info    0x00001ff0       0x3c ./source/semihost_hardfault.o
 .debug_info    0x0000202c      0xf5e ./kernel/kernel.o
 .debug_info    0x00002f8a      0x31e ./kernel/list.o
 .debug_info    0x000032a8     0x32e8 ./drivers/fsl_clock.o
 .debug_info    0x00006590      0x2d0 ./drivers/fsl_common.o
 .debug_info    0x00006860     0x1b02 ./drivers/fsl_flexcomm.o