/home/douae/ENIB/SEN/OS/LPC55S69_OS.src/CMSIS/core_cm33.h:2127:22:__NVIC_EnableIRQ	16	static
/home/douae/ENIB/SEN/OS/LPC55S69_OS.src/CMSIS/core_cm33.h:2324:22:__NVIC_SetPriority	16	static
/home/douae/ENIB/SEN/OS/LPC55S69_OS.src/drivers/fsl_gpio.h:153:20:GPIO_PinWrite	24	static
/home/douae/ENIB/SEN/OS/LPC55S69_OS.src/drivers/fsl_usart.h:381:24:USART_GetStatusFlags	16	static
/home/douae/ENIB/SEN/OS/LPC55S69_OS.src/drivers/fsl_usart.h:427:20:USART_EnableInterrupts	16	static
/home/douae/ENIB/SEN/OS/LPC55S69_OS.src/drivers/fsl_usart.h:445:20:USART_DisableInterrupts	16	static
/home/douae/ENIB/SEN/OS/LPC55S69_OS.src/drivers/fsl_usart.h:581:23:USART_ReadByte	16	static
../device/target.c:37:12:dev_init_test	16	static
../device/target.c:44:12:dev_open_test	16	static
../device/target.c:56:12:dev_close_test	16	static
../device/target.c:64:12:dev_read_test	40	static
../device/target.c:82:13:leds	16	static
../device/target.c:113:12:dev_init_leds	24	static
../device/target.c:129:12:dev_open_leds	16	static
../device/target.c:144:12:dev_close_leds	16	static
../device/target.c:152:12:dev_write_leds	24	static
../device/target.c:187:13:on_swuser_cb	16	static
../device/target.c:193:12:dev_init_btn	16	static
../device/target.c:215:12:dev_open_btn	16	static
../device/target.c:230:12:dev_close_btn	16	static
../device/target.c:238:12:dev_read_btn	24	static
../device/target.c:291:6:FLEXCOMM0_IRQHandler	16	static
../device/target.c:324:6:uart_init	40	static
../device/target.c:343:12:dev_init_ser	16	static
../device/target.c:353:12:dev_open_ser	16	static
../device/target.c:369:12:dev_close_ser	16	static
../device/target.c:378:12:dev_read_ser	32	static
../device/target.c:395:12:dev_write_ser	32	static
../device/target.c:427:6:dev_init	24	static
